{
  "version": "1.4.0",
  "plugins_used": [
    {
      "name": "ArtifactoryDetector"
    },
    {
      "name": "AWSKeyDetector"
    },
    {
      "name": "AzureStorageKeyDetector"
    },
    {
      "name": "Base64HighEntropyString",
      "limit": 4.5
    },
    {
      "name": "BasicAuthDetector"
    },
    {
      "name": "CloudantDetector"
    },
    {
      "name": "DiscordBotTokenDetector"
    },
    {
      "name": "GitHubTokenDetector"
    },
    {
      "name": "HexHighEntropyString",
      "limit": 3.0
    },
    {
      "name": "IbmCloudIamDetector"
    },
    {
      "name": "IbmCosHmacDetector"
    },
    {
      "name": "JwtTokenDetector"
    },
    {
      "name": "KeywordDetector",
      "keyword_exclude": ""
    },
    {
      "name": "MailchimpDetector"
    },
    {
      "name": "NpmDetector"
    },
    {
      "name": "PrivateKeyDetector"
    },
    {
      "name": "SendGridDetector"
    },
    {
      "name": "SlackDetector"
    },
    {
      "name": "SoftlayerDetector"
    },
    {
      "name": "SquareOAuthDetector"
    },
    {
      "name": "StripeDetector"
    },
    {
      "name": "TwilioKeyDetector"
    }
  ],
  "filters_used": [
    {
      "path": "detect_secrets.filters.allowlist.is_line_allowlisted"
    },
    {
      "path": "detect_secrets.filters.common.is_ignored_due_to_verification_policies",
      "min_level": 2
    },
    {
      "path": "detect_secrets.filters.heuristic.is_indirect_reference"
    },
    {
      "path": "detect_secrets.filters.heuristic.is_likely_id_string"
    },
    {
      "path": "detect_secrets.filters.heuristic.is_lock_file"
    },
    {
      "path": "detect_secrets.filters.heuristic.is_not_alphanumeric_string"
    },
    {
      "path": "detect_secrets.filters.heuristic.is_potential_uuid"
    },
    {
      "path": "detect_secrets.filters.heuristic.is_prefixed_with_dollar_sign"
    },
    {
      "path": "detect_secrets.filters.heuristic.is_sequential_string"
    },
    {
      "path": "detect_secrets.filters.heuristic.is_swagger_file"
    },
    {
      "path": "detect_secrets.filters.heuristic.is_templated_secret"
    }
  ],
  "results": {
    ".claude/skills/supabase-postgres-best-practices/AGENTS.md": [
      {
        "type": "Secret Keyword",
        "filename": ".claude/skills/supabase-postgres-best-practices/AGENTS.md",
        "hashed_secret": "b60d121b438a380c343d5ec3c2037564b82ffef3",
        "is_verified": false,
        "line_number": 473
      }
    ],
    ".claude/skills/supabase-postgres-best-practices/rules/security-privileges.md": [
      {
        "type": "Secret Keyword",
        "filename": ".claude/skills/supabase-postgres-best-practices/rules/security-privileges.md",
        "hashed_secret": "b60d121b438a380c343d5ec3c2037564b82ffef3",
        "is_verified": false,
        "line_number": 42
      }
    ],
    "docs/plans/2026-02-17-security-fixes.md": [
      {
        "type": "Secret Keyword",
        "filename": "docs/plans/2026-02-17-security-fixes.md",
        "hashed_secret": "bd9c6a34c9cdbacd8707c031fde51deb285efc4b",
        "is_verified": false,
        "line_number": 409
      }
    ],
    "docs/plans/2026-02-18-arch-round5.md": [
      {
        "type": "Secret Keyword",
        "filename": "docs/plans/2026-02-18-arch-round5.md",
        "hashed_secret": "e5e9fa1ba31ecd1ae84f75caaa474f3a663f05f4",
        "is_verified": false,
        "line_number": 73
      }
    ],
    "docs/plans/2026-02-18-logging-adoption.md": [
      {
        "type": "Secret Keyword",
        "filename": "docs/plans/2026-02-18-logging-adoption.md",
        "hashed_secret": "f2b14f68eb995facb3a1c35287b778d5bd785511",
        "is_verified": false,
        "line_number": 364
      }
    ],
    "docs/plans/2026-03-01-invite-email-check.md": [
      {
        "type": "Secret Keyword",
        "filename": "docs/plans/2026-03-01-invite-email-check.md",
        "hashed_secret": "aed705ccfdaa0fe3fd54a8a39303fba0048ed806",
        "is_verified": false,
        "line_number": 828
      },
      {
        "type": "Secret Keyword",
        "filename": "docs/plans/2026-03-01-invite-email-check.md",
        "hashed_secret": "bf1ac8bad2b36167e6ce4968a2f466fb3d9a55e7",
        "is_verified": false,
        "line_number": 829
      },
      {
        "type": "Secret Keyword",
        "filename": "docs/plans/2026-03-01-invite-email-check.md",
        "hashed_secret": "52016647de57f3389190b705fcac50bf64628d81",
        "is_verified": false,
        "line_number": 836
      },
      {
        "type": "Secret Keyword",
        "filename": "docs/plans/2026-03-01-invite-email-check.md",
        "hashed_secret": "a9c625cb90ecadbcb2d67b7ff6882e0e2cb93912",
        "is_verified": false,
        "line_number": 837
      }
    ],
    "docs/plans/2026-03-02-e2e-coverage-fixes.md": [
      {
        "type": "Secret Keyword",
        "filename": "docs/plans/2026-03-02-e2e-coverage-fixes.md",
        "hashed_secret": "789cbe0407840b1c2041cb33452ff60f19bf58cc",
        "is_verified": false,
        "line_number": 7
      }
    ],
    "docs/plans/2026-03-07-accessibility-improvements.md": [
      {
        "type": "Secret Keyword",
        "filename": "docs/plans/2026-03-07-accessibility-improvements.md",
        "hashed_secret": "6c56a9249cba324d029f725f1f7c0e47184e2dcf",
        "is_verified": false,
        "line_number": 510
      }
    ],
    "docs/plans/2026-03-08-user-profile-page.md": [
      {
        "type": "Secret Keyword",
        "filename": "docs/plans/2026-03-08-user-profile-page.md",
        "hashed_secret": "f9adc2a5795757efc547ecffe3e7b2736041e561",
        "is_verified": false,
        "line_number": 212
      },
      {
        "type": "Secret Keyword",
        "filename": "docs/plans/2026-03-08-user-profile-page.md",
        "hashed_secret": "2635cfb26a9c6a74dde1701ea01dd842d1243178",
        "is_verified": false,
        "line_number": 213
      },
      {
        "type": "Secret Keyword",
        "filename": "docs/plans/2026-03-08-user-profile-page.md",
        "hashed_secret": "a4b48a81cdab1e1a5dd37907d6c85ca1c61ddc7c",
        "is_verified": false,
        "line_number": 221
      },
      {
        "type": "Secret Keyword",
        "filename": "docs/plans/2026-03-08-user-profile-page.md",
        "hashed_secret": "0d0c65e86c444a039b7cadc6f83ee3708cdb9660",
        "is_verified": false,
        "line_number": 366
      }
    ],
    "docs/superpowers/plans/2026-03-16-e2e-test-overhaul.md": [
      {
        "type": "Secret Keyword",
        "filename": "docs/superpowers/plans/2026-03-16-e2e-test-overhaul.md",
        "hashed_secret": "382caa7c44ee23ee25616f7e303af33c591efc3a",
        "is_verified": false,
        "line_number": 290
      }
    ],
    "docs/technical/API_REFERENCE.md": [
      {
        "type": "Secret Keyword",
        "filename": "docs/technical/API_REFERENCE.md",
        "hashed_secret": "44cdfc3615970ada14420caaaa5c5745fca06002",
        "is_verified": false,
        "line_number": 28
      }
    ],
    "pages/join.vue": [
      {
        "type": "Secret Keyword",
        "filename": "pages/join.vue",
        "hashed_secret": "aed705ccfdaa0fe3fd54a8a39303fba0048ed806",
        "is_verified": false,
        "line_number": 231
      },
      {
        "type": "Secret Keyword",
        "filename": "pages/join.vue",
        "hashed_secret": "bf1ac8bad2b36167e6ce4968a2f466fb3d9a55e7",
        "is_verified": false,
        "line_number": 232
      },
      {
        "type": "Secret Keyword",
        "filename": "pages/join.vue",
        "hashed_secret": "52016647de57f3389190b705fcac50bf64628d81",
        "is_verified": false,
        "line_number": 240
      },
      {
        "type": "Secret Keyword",
        "filename": "pages/join.vue",
        "hashed_secret": "a9c625cb90ecadbcb2d67b7ff6882e0e2cb93912",
        "is_verified": false,
        "line_number": 241
      }
    ],
    "pages/login.vue": [
      {
        "type": "Secret Keyword",
        "filename": "pages/login.vue",
        "hashed_secret": "5baa61e4c9b93f3f0682250b6cf8331b7ee68fd8",
        "is_verified": false,
        "line_number": 69
      },
      {
        "type": "Secret Keyword",
        "filename": "pages/login.vue",
        "hashed_secret": "afa3f1d2024eaeba23502c2f15f4bd5ecfd67e11",
        "is_verified": false,
        "line_number": 76
      },
      {
        "type": "Secret Keyword",
        "filename": "pages/login.vue",
        "hashed_secret": "e5deb27525b8788e277498347eb4f1ccc69abbc2",
        "is_verified": false,
        "line_number": 80
      }
    ],
    "pages/reset-password.vue": [
      {
        "type": "Secret Keyword",
        "filename": "pages/reset-password.vue",
        "hashed_secret": "5baa61e4c9b93f3f0682250b6cf8331b7ee68fd8",
        "is_verified": false,
        "line_number": 113
      }
    ],
    "pages/signup.vue": [
      {
        "type": "Secret Keyword",
        "filename": "pages/signup.vue",
        "hashed_secret": "5baa61e4c9b93f3f0682250b6cf8331b7ee68fd8",
        "is_verified": false,
        "line_number": 81
      },
      {
        "type": "Secret Keyword",
        "filename": "pages/signup.vue",
        "hashed_secret": "802b5323f9bbf4955c4edfe9eff4aa6f773f228d",
        "is_verified": false,
        "line_number": 82
      },
      {
        "type": "Secret Keyword",
        "filename": "pages/signup.vue",
        "hashed_secret": "afa3f1d2024eaeba23502c2f15f4bd5ecfd67e11",
        "is_verified": false,
        "line_number": 91
      },
      {
        "type": "Secret Keyword",
        "filename": "pages/signup.vue",
        "hashed_secret": "3fdc0c4f7795183511cf55fb8fa5cdbd0d63e9a3",
        "is_verified": false,
        "line_number": 92
      },
      {
        "type": "Secret Keyword",
        "filename": "pages/signup.vue",
        "hashed_secret": "e5deb27525b8788e277498347eb4f1ccc69abbc2",
        "is_verified": false,
        "line_number": 96
      }
    ],
    "planning/2026-02-28-ios-family-unit-symmetric-redesign.md": [
      {
        "type": "Secret Keyword",
        "filename": "planning/2026-02-28-ios-family-unit-symmetric-redesign.md",
        "hashed_secret": "49efef5f70d47adc2db2eb397fbef5f7bc560e29",
        "is_verified": false,
        "line_number": 1051
      },
      {
        "type": "Secret Keyword",
        "filename": "planning/2026-02-28-ios-family-unit-symmetric-redesign.md",
        "hashed_secret": "6eb67d95dba1a614971e31e78146d44bd4a3ada3",
        "is_verified": false,
        "line_number": 1065
      },
      {
        "type": "Secret Keyword",
        "filename": "planning/2026-02-28-ios-family-unit-symmetric-redesign.md",
        "hashed_secret": "6052acf657148ec39725c596e25bd0612fd301a6",
        "is_verified": false,
        "line_number": 1624
      }
    ],
    "planning/2026-03-08-ios-profile-settings-handoff.md": [
      {
        "type": "Secret Keyword",
        "filename": "planning/2026-03-08-ios-profile-settings-handoff.md",
        "hashed_secret": "a8bf46d1a7609607df52cfca908232c9d04a6ad0",
        "is_verified": false,
        "line_number": 173
      },
      {
        "type": "Secret Keyword",
        "filename": "planning/2026-03-08-ios-profile-settings-handoff.md",
        "hashed_secret": "f368c74bc08145531fa3112390d9795df77e8b0f",
        "is_verified": false,
        "line_number": 227
      },
      {
        "type": "Secret Keyword",
        "filename": "planning/2026-03-08-ios-profile-settings-handoff.md",
        "hashed_secret": "cd27020269e80b22a3e6b6f40dad3f43bb8a3d1e",
        "is_verified": false,
        "line_number": 228
      }
    ],
    "planning/auth-pages-testing-a11y-handoff.md": [
      {
        "type": "Secret Keyword",
        "filename": "planning/auth-pages-testing-a11y-handoff.md",
        "hashed_secret": "5baa61e4c9b93f3f0682250b6cf8331b7ee68fd8",
        "is_verified": false,
        "line_number": 158
      }
    ],
    "planning/e2e-solutions-delivered.md": [
      {
        "type": "Secret Keyword",
        "filename": "planning/e2e-solutions-delivered.md",
        "hashed_secret": "382caa7c44ee23ee25616f7e303af33c591efc3a",
        "is_verified": false,
        "line_number": 24
      }
    ],
    "server/utils/familyCode.ts": [
      {
        "type": "Base64 High Entropy String",
        "filename": "server/utils/familyCode.ts",
        "hashed_secret": "f8c6f1ff98c5ee78c27d34a3ca68f35ad79847af",
        "is_verified": false,
        "line_number": 33
      }
    ],
    "test.http": [
      {
        "type": "Base64 High Entropy String",
        "filename": "test.http",
        "hashed_secret": "ec9cc3c3f57baa926ace0693e16332c15226de9a",
        "is_verified": false,
        "line_number": 16
      },
      {
        "type": "Secret Keyword",
        "filename": "test.http",
        "hashed_secret": "ec9cc3c3f57baa926ace0693e16332c15226de9a",
        "is_verified": false,
        "line_number": 16
      }
    ],
    "tests/e2e/config/test-accounts.ts": [
      {
        "type": "Secret Keyword",
        "filename": "tests/e2e/config/test-accounts.ts",
        "hashed_secret": "ab3eb0f868f05373c611a6c904ae319ff0772c0c",
        "is_verified": false,
        "line_number": 4
      }
    ],
    "tests/e2e/family-invite-flow.spec.ts": [
      {
        "type": "Secret Keyword",
        "filename": "tests/e2e/family-invite-flow.spec.ts",
        "hashed_secret": "789cbe0407840b1c2041cb33452ff60f19bf58cc",
        "is_verified": false,
        "line_number": 7
      }
    ],
    "tests/e2e/family-member-removal.spec.ts": [
      {
        "type": "Secret Keyword",
        "filename": "tests/e2e/family-member-removal.spec.ts",
        "hashed_secret": "789cbe0407840b1c2041cb33452ff60f19bf58cc",
        "is_verified": false,
        "line_number": 8
      }
    ],
    "tests/e2e/family-units.spec.ts": [
      {
        "type": "Secret Keyword",
        "filename": "tests/e2e/family-units.spec.ts",
        "hashed_secret": "789cbe0407840b1c2041cb33452ff60f19bf58cc",
        "is_verified": false,
        "line_number": 8
      }
    ],
    "tests/e2e/fixtures/auth.fixture.ts": [
      {
        "type": "Secret Keyword",
        "filename": "tests/e2e/fixtures/auth.fixture.ts",
        "hashed_secret": "382caa7c44ee23ee25616f7e303af33c591efc3a",
        "is_verified": false,
        "line_number": 74
      }
    ],
    "tests/e2e/fixtures/testData.ts": [
      {
        "type": "Secret Keyword",
        "filename": "tests/e2e/fixtures/testData.ts",
        "hashed_secret": "382caa7c44ee23ee25616f7e303af33c591efc3a",
        "is_verified": false,
        "line_number": 14
      },
      {
        "type": "Secret Keyword",
        "filename": "tests/e2e/fixtures/testData.ts",
        "hashed_secret": "4bf7f8a21e2131afdd48b1c48bc7d8b450b44c13",
        "is_verified": false,
        "line_number": 31
      },
      {
        "type": "Secret Keyword",
        "filename": "tests/e2e/fixtures/testData.ts",
        "hashed_secret": "9e23a85d7989c81bd072b6367af9e8f4b4dcf527",
        "is_verified": false,
        "line_number": 39
      },
      {
        "type": "Secret Keyword",
        "filename": "tests/e2e/fixtures/testData.ts",
        "hashed_secret": "1ded3053d0363079a4e681a3b700435d6d880290",
        "is_verified": false,
        "line_number": 170
      }
    ],
    "tests/e2e/parent-fit-score-access.spec.ts": [
      {
        "type": "Secret Keyword",
        "filename": "tests/e2e/parent-fit-score-access.spec.ts",
        "hashed_secret": "789cbe0407840b1c2041cb33452ff60f19bf58cc",
        "is_verified": false,
        "line_number": 6
      }
    ],
    "tests/e2e/tier1-critical/auth.spec.ts": [
      {
        "type": "Secret Keyword",
        "filename": "tests/e2e/tier1-critical/auth.spec.ts",
        "hashed_secret": "382caa7c44ee23ee25616f7e303af33c591efc3a",
        "is_verified": false,
        "line_number": 40
      }
    ],
    "tests/e2e/tier1-critical/email-verification.spec.ts": [
      {
        "type": "Secret Keyword",
        "filename": "tests/e2e/tier1-critical/email-verification.spec.ts",
        "hashed_secret": "382caa7c44ee23ee25616f7e303af33c591efc3a",
        "is_verified": false,
        "line_number": 8
      }
    ],
    "tests/e2e/tier1-critical/remember-me.spec.ts": [
      {
        "type": "Secret Keyword",
        "filename": "tests/e2e/tier1-critical/remember-me.spec.ts",
        "hashed_secret": "382caa7c44ee23ee25616f7e303af33c591efc3a",
        "is_verified": false,
        "line_number": 46
      }
    ],
    "tests/e2e/tier1-critical/session-timeout.spec.ts": [
      {
        "type": "Secret Keyword",
        "filename": "tests/e2e/tier1-critical/session-timeout.spec.ts",
        "hashed_secret": "382caa7c44ee23ee25616f7e303af33c591efc3a",
        "is_verified": false,
        "line_number": 24
      }
    ],
    "tests/integration/login-flow.integration.spec.ts": [
      {
        "type": "Secret Keyword",
        "filename": "tests/integration/login-flow.integration.spec.ts",
        "hashed_secret": "cbfdac6008f9cab4083784cbd1874f76618d2a97",
        "is_verified": false,
        "line_number": 378
      }
    ],
    "tests/unit/a11y/LoginForm.a11y.spec.ts": [
      {
        "type": "Secret Keyword",
        "filename": "tests/unit/a11y/LoginForm.a11y.spec.ts",
        "hashed_secret": "6c56a9249cba324d029f725f1f7c0e47184e2dcf",
        "is_verified": false,
        "line_number": 35
      }
    ],
    "tests/unit/components/Auth/SignupForm.spec.ts": [
      {
        "type": "Secret Keyword",
        "filename": "tests/unit/components/Auth/SignupForm.spec.ts",
        "hashed_secret": "70ccd9007338d6d81dd3b6271621b9cf9a97ea00",
        "is_verified": false,
        "line_number": 18
      }
    ],
    "tests/unit/components/Dashboard/ActivityEventItem.spec.ts": [
      {
        "type": "Secret Keyword",
        "filename": "tests/unit/components/Dashboard/ActivityEventItem.spec.ts",
        "hashed_secret": "99d72c7fc3e2e145870beab37c0b70e343ea9c3b",
        "is_verified": false,
        "line_number": 106
      }
    ],
    "tests/unit/composables/errorScenarios.spec.ts": [
      {
        "type": "Secret Keyword",
        "filename": "tests/unit/composables/errorScenarios.spec.ts",
        "hashed_secret": "d8ecf7db8fc9ec9c31bc5c9ae2929cc599c75f8d",
        "is_verified": false,
        "line_number": 220
      },
      {
        "type": "Secret Keyword",
        "filename": "tests/unit/composables/errorScenarios.spec.ts",
        "hashed_secret": "5baa61e4c9b93f3f0682250b6cf8331b7ee68fd8",
        "is_verified": false,
        "line_number": 264
      }
    ],
    "tests/unit/composables/useAuth.spec.ts": [
      {
        "type": "Secret Keyword",
        "filename": "tests/unit/composables/useAuth.spec.ts",
        "hashed_secret": "cbfdac6008f9cab4083784cbd1874f76618d2a97",
        "is_verified": false,
        "line_number": 223
      }
    ],
    "tests/unit/composables/useLoginFormValidation.spec.ts": [
      {
        "type": "Secret Keyword",
        "filename": "tests/unit/composables/useLoginFormValidation.spec.ts",
        "hashed_secret": "cbfdac6008f9cab4083784cbd1874f76618d2a97",
        "is_verified": false,
        "line_number": 18
      },
      {
        "type": "Secret Keyword",
        "filename": "tests/unit/composables/useLoginFormValidation.spec.ts",
        "hashed_secret": "a0f4ea7d91495df92bbac2e2149dfb850fe81396",
        "is_verified": false,
        "line_number": 213
      },
      {
        "type": "Secret Keyword",
        "filename": "tests/unit/composables/useLoginFormValidation.spec.ts",
        "hashed_secret": "040d55141a8493feebfd07781fd1de1cdaae5e3f",
        "is_verified": false,
        "line_number": 461
      }
    ],
    "tests/unit/composables/usePasswordReset.spec.ts": [
      {
        "type": "Secret Keyword",
        "filename": "tests/unit/composables/usePasswordReset.spec.ts",
        "hashed_secret": "a55a3986a699ba4d2b29b2057811322bf076abd0",
        "is_verified": false,
        "line_number": 171
      },
      {
        "type": "Secret Keyword",
        "filename": "tests/unit/composables/usePasswordReset.spec.ts",
        "hashed_secret": "7aba1f215ea9178aceb8b78683a28f8eb20c7d58",
        "is_verified": false,
        "line_number": 339
      }
    ],
    "tests/unit/pages/reset-password.spec.ts": [
      {
        "type": "Secret Keyword",
        "filename": "tests/unit/pages/reset-password.spec.ts",
        "hashed_secret": "b2e98ad6f6eb8508dd6a14cfa704bad7f05f6fb1",
        "is_verified": false,
        "line_number": 194
      }
    ],
    "tests/unit/pages/signup.spec.ts": [
      {
        "type": "Secret Keyword",
        "filename": "tests/unit/pages/signup.spec.ts",
        "hashed_secret": "b2e98ad6f6eb8508dd6a14cfa704bad7f05f6fb1",
        "is_verified": false,
        "line_number": 593
      }
    ],
    "tests/unit/server/api/auth-password-reset.spec.ts": [
      {
        "type": "Secret Keyword",
        "filename": "tests/unit/server/api/auth-password-reset.spec.ts",
        "hashed_secret": "64d87b51809ede422713223603035d7cc185a359",
        "is_verified": false,
        "line_number": 62
      },
      {
        "type": "Secret Keyword",
        "filename": "tests/unit/server/api/auth-password-reset.spec.ts",
        "hashed_secret": "1546990cf1cbd8f1efe5faeca730361ae13f607a",
        "is_verified": false,
        "line_number": 75
      },
      {
        "type": "Secret Keyword",
        "filename": "tests/unit/server/api/auth-password-reset.spec.ts",
        "hashed_secret": "bf14359d06b1d2a94add1c6cbf4d4be36fcfc07b",
        "is_verified": false,
        "line_number": 86
      },
      {
        "type": "Secret Keyword",
        "filename": "tests/unit/server/api/auth-password-reset.spec.ts",
        "hashed_secret": "25bcfee61dcf3b15ed8527e72c5e619a84a9d912",
        "is_verified": false,
        "line_number": 94
      },
      {
        "type": "Secret Keyword",
        "filename": "tests/unit/server/api/auth-password-reset.spec.ts",
        "hashed_secret": "b3e74f6f0663fe1567a9c23b052e93bf425c34d5",
        "is_verified": false,
        "line_number": 102
      },
      {
        "type": "Secret Keyword",
        "filename": "tests/unit/server/api/auth-password-reset.spec.ts",
        "hashed_secret": "a09bee6e7375964387dfa49fe2de7c502e5e2d3b",
        "is_verified": false,
        "line_number": 110
      }
    ],
    "tests/unit/server/api/auth/change-email.post.spec.ts": [
      {
        "type": "Secret Keyword",
        "filename": "tests/unit/server/api/auth/change-email.post.spec.ts",
        "hashed_secret": "2b8f0e2da3babfc4530da58570ef4850718380d7",
        "is_verified": false,
        "line_number": 60
      },
      {
        "type": "Secret Keyword",
        "filename": "tests/unit/server/api/auth/change-email.post.spec.ts",
        "hashed_secret": "9b8f53e650cf1e2cb1a021556af52c3d5280e6c0",
        "is_verified": false,
        "line_number": 73
      }
    ],
    "tests/unit/server/api/auth/change-password.post.spec.ts": [
      {
        "type": "Secret Keyword",
        "filename": "tests/unit/server/api/auth/change-password.post.spec.ts",
        "hashed_secret": "ebb4ce07913ac80b4aa9a66e175dedfb0b1ca67d",
        "is_verified": false,
        "line_number": 59
      },
      {
        "type": "Secret Keyword",
        "filename": "tests/unit/server/api/auth/change-password.post.spec.ts",
        "hashed_secret": "9b8f53e650cf1e2cb1a021556af52c3d5280e6c0",
        "is_verified": false,
        "line_number": 68
      },
      {
        "type": "Secret Keyword",
        "filename": "tests/unit/server/api/auth/change-password.post.spec.ts",
        "hashed_secret": "f9adc2a5795757efc547ecffe3e7b2736041e561",
        "is_verified": false,
        "line_number": 82
      }
    ],
    "tests/unit/server/api/colleges-search.spec.ts": [
      {
        "type": "Secret Keyword",
        "filename": "tests/unit/server/api/colleges-search.spec.ts",
        "hashed_secret": "2e7a7ee14caebf378fc32d6cf6f557f347c96773",
        "is_verified": false,
        "line_number": 37
      }
    ],
    "tests/unit/server/api/recruiting-packet/email.spec.ts": [
      {
        "type": "Secret Keyword",
        "filename": "tests/unit/server/api/recruiting-packet/email.spec.ts",
        "hashed_secret": "3acfb2c2b433c0ea7ff107e33df91b18e52f960f",
        "is_verified": false,
        "line_number": 73
      }
    ],
    "tests/unit/server/api/social-sync-all-auth.spec.ts": [
      {
        "type": "Secret Keyword",
        "filename": "tests/unit/server/api/social-sync-all-auth.spec.ts",
        "hashed_secret": "d4e0e04792fd434b5dc9c4155c178f66edcf4ed3",
        "is_verified": false,
        "line_number": 42
      }
    ],
    "tests/unit/server/utils/logger.spec.ts": [
      {
        "type": "Secret Keyword",
        "filename": "tests/unit/server/utils/logger.spec.ts",
        "hashed_secret": "f2b14f68eb995facb3a1c35287b778d5bd785511",
        "is_verified": false,
        "line_number": 331
      }
    ],
    "tests/unit/utils/logger.spec.ts": [
      {
        "type": "Secret Keyword",
        "filename": "tests/unit/utils/logger.spec.ts",
        "hashed_secret": "e5e9fa1ba31ecd1ae84f75caaa474f3a663f05f4",
        "is_verified": false,
        "line_number": 49
      }
    ],
    "tests/unit/utils/validation/schemas.extended.spec.ts": [
      {
        "type": "Secret Keyword",
        "filename": "tests/unit/utils/validation/schemas.extended.spec.ts",
        "hashed_secret": "20b05c695ef1f14caa80ab1ce617d503ba9de093",
        "is_verified": false,
        "line_number": 30
      },
      {
        "type": "Secret Keyword",
        "filename": "tests/unit/utils/validation/schemas.extended.spec.ts",
        "hashed_secret": "0fe7d82f25a3015040a206e54f9c1d3a9717c4c4",
        "is_verified": false,
        "line_number": 65
      },
      {
        "type": "Secret Keyword",
        "filename": "tests/unit/utils/validation/schemas.extended.spec.ts",
        "hashed_secret": "1816851d10187b57a93235b52495e615629f906d",
        "is_verified": false,
        "line_number": 122
      },
      {
        "type": "Secret Keyword",
        "filename": "tests/unit/utils/validation/schemas.extended.spec.ts",
        "hashed_secret": "743b003dd258f26da09f380e3f6e23723d2261cc",
        "is_verified": false,
        "line_number": 134
      },
      {
        "type": "Secret Keyword",
        "filename": "tests/unit/utils/validation/schemas.extended.spec.ts",
        "hashed_secret": "6d74e2f434a2dbc38892392752e9388eb12a5d48",
        "is_verified": false,
        "line_number": 146
      },
      {
        "type": "Secret Keyword",
        "filename": "tests/unit/utils/validation/schemas.extended.spec.ts",
        "hashed_secret": "1546990cf1cbd8f1efe5faeca730361ae13f607a",
        "is_verified": false,
        "line_number": 209
      },
      {
        "type": "Secret Keyword",
        "filename": "tests/unit/utils/validation/schemas.extended.spec.ts",
        "hashed_secret": "a5dbbbc28ef3ae6354828e321b3dad3baa694a18",
        "is_verified": false,
        "line_number": 243
      },
      {
        "type": "Secret Keyword",
        "filename": "tests/unit/utils/validation/schemas.extended.spec.ts",
        "hashed_secret": "74decaca7ea33963a2ecd43151ef5860d9649221",
        "is_verified": false,
        "line_number": 259
      },
      {
        "type": "Secret Keyword",
        "filename": "tests/unit/utils/validation/schemas.extended.spec.ts",
        "hashed_secret": "98f7eadcddaeff8c61183279bbded8e351a27949",
        "is_verified": false,
        "line_number": 267
      },
      {
        "type": "Secret Keyword",
        "filename": "tests/unit/utils/validation/schemas.extended.spec.ts",
        "hashed_secret": "4490d053aee3fef6b3c98febdbb44f0d3bf69083",
        "is_verified": false,
        "line_number": 275
      },
      {
        "type": "Secret Keyword",
        "filename": "tests/unit/utils/validation/schemas.extended.spec.ts",
        "hashed_secret": "c98245a9db214ce2b5c46cb3515ac6c736bd22db",
        "is_verified": false,
        "line_number": 283
      }
    ],
    "tests/unit/validation/schemas.test.ts": [
      {
        "type": "Secret Keyword",
        "filename": "tests/unit/validation/schemas.test.ts",
        "hashed_secret": "20b05c695ef1f14caa80ab1ce617d503ba9de093",
        "is_verified": false,
        "line_number": 17
      },
      {
        "type": "Secret Keyword",
        "filename": "tests/unit/validation/schemas.test.ts",
        "hashed_secret": "a0f4ea7d91495df92bbac2e2149dfb850fe81396",
        "is_verified": false,
        "line_number": 34
      },
      {
        "type": "Secret Keyword",
        "filename": "tests/unit/validation/schemas.test.ts",
        "hashed_secret": "1546990cf1cbd8f1efe5faeca730361ae13f607a",
        "is_verified": false,
        "line_number": 59
      },
      {
        "type": "Secret Keyword",
        "filename": "tests/unit/validation/schemas.test.ts",
        "hashed_secret": "1816851d10187b57a93235b52495e615629f906d",
        "is_verified": false,
        "line_number": 69
      },
      {
        "type": "Secret Keyword",
        "filename": "tests/unit/validation/schemas.test.ts",
        "hashed_secret": "6d74e2f434a2dbc38892392752e9388eb12a5d48",
        "is_verified": false,
        "line_number": 80
      }
    ]
  },
  "generated_at": "2026-03-16T21:07:48Z"
}
