
> baseball-recruiting-tracker@1.0.0 test
> vitest


 DEV  v2.1.9 /Users/chrisandrikanich/Documents/Workspaces/Personal/recruiting-compass/web

 ✓ tests/unit/composables/useCoachAnalytics.critical.spec.ts (20 tests) 6ms
 ✓ tests/unit/utils/exportAndFilter.spec.ts (26 tests) 21ms
stderr | tests/unit/composables/useOffers.critical.spec.ts > useOffers - Critical Offer Creation Flow > Offer Retrieval & Fetching > should sort offers by deadline
[Vue warn] Write operation failed: computed value is readonly

 ✓ tests/unit/composables/useOffers.critical.spec.ts (27 tests) 16ms
 ✓ tests/unit/composables/errorScenarios.spec.ts (30 tests) 64ms
 ✓ tests/unit/composables/usePerformanceAnalytics.spec.ts (38 tests) 7ms
 ❯ tests/unit/composables/useAuth.spec.ts (0 test)
 ✓ tests/unit/pages/schools-id-interactions.spec.ts (19 tests) 6ms
 ✓ tests/unit/pages/schools-id-detail-pros-cons.spec.ts (17 tests) 7ms
stdout | tests/unit/pages/schools-id-coaches.spec.ts > pages/schools/[id]/coaches.vue > Page Load > should render page with school name
Initializing Supabase with URL: https://test.supabase.co
Initializing Supabase with key: test-anon-key-12345...

stderr | tests/unit/pages/schools-id-coaches.spec.ts > pages/schools/[id]/coaches.vue > Page Load > should render page with school name
[Vue warn]: Failed to resolve component: Header
If this is a native custom element, make sure to exclude it from component resolution via compilerOptions.isCustomElement.
  at <Coaches ref="VTU_COMPONENT" >
  at <VTUROOT>
[Vue warn]: Failed to resolve component: NuxtLink
If this is a native custom element, make sure to exclude it from component resolution via compilerOptions.isCustomElement.
  at <Coaches ref="VTU_COMPONENT" >
  at <VTUROOT>
[Vue warn]: Failed to resolve component: CoachForm
If this is a native custom element, make sure to exclude it from component resolution via compilerOptions.isCustomElement.
  at <Coaches ref="VTU_COMPONENT" >
  at <VTUROOT>
[Vue warn]: Failed to resolve component: CoachCard
If this is a native custom element, make sure to exclude it from component resolution via compilerOptions.isCustomElement.
  at <Coaches ref="VTU_COMPONENT" >
  at <VTUROOT>
[Vue warn]: Failed to resolve component: CommunicationPanel
If this is a native custom element, make sure to exclude it from component resolution via compilerOptions.isCustomElement.
  at <Coaches ref="VTU_COMPONENT" >
  at <VTUROOT>
[Vue warn]: Failed to resolve component: Header
If this is a native custom element, make sure to exclude it from component resolution via compilerOptions.isCustomElement.
  at <Coaches ref="VTU_COMPONENT" >
  at <VTUROOT>
[Vue warn]: Failed to resolve component: NuxtLink
If this is a native custom element, make sure to exclude it from component resolution via compilerOptions.isCustomElement.
  at <Coaches ref="VTU_COMPONENT" >
  at <VTUROOT>
[Vue warn]: Failed to resolve component: CoachForm
If this is a native custom element, make sure to exclude it from component resolution via compilerOptions.isCustomElement.
  at <Coaches ref="VTU_COMPONENT" >
  at <VTUROOT>
[Vue warn]: Failed to resolve component: CoachCard
If this is a native custom element, make sure to exclude it from component resolution via compilerOptions.isCustomElement.
  at <Coaches ref="VTU_COMPONENT" >
  at <VTUROOT>
[Vue warn]: Failed to resolve component: CommunicationPanel
If this is a native custom element, make sure to exclude it from component resolution via compilerOptions.isCustomElement.
  at <Coaches ref="VTU_COMPONENT" >
  at <VTUROOT>

stderr | tests/unit/pages/schools-id-coaches.spec.ts > pages/schools/[id]/coaches.vue > Page Load > should fetch school and coaches on mount
[Vue warn]: Failed to resolve component: Header
If this is a native custom element, make sure to exclude it from component resolution via compilerOptions.isCustomElement.
  at <Coaches ref="VTU_COMPONENT" >
  at <VTUROOT>
[Vue warn]: Failed to resolve component: NuxtLink
If this is a native custom element, make sure to exclude it from component resolution via compilerOptions.isCustomElement.
  at <Coaches ref="VTU_COMPONENT" >
  at <VTUROOT>
[Vue warn]: Failed to resolve component: CoachForm
If this is a native custom element, make sure to exclude it from component resolution via compilerOptions.isCustomElement.
  at <Coaches ref="VTU_COMPONENT" >
  at <VTUROOT>
[Vue warn]: Failed to resolve component: CoachCard
If this is a native custom element, make sure to exclude it from component resolution via compilerOptions.isCustomElement.
  at <Coaches ref="VTU_COMPONENT" >
  at <VTUROOT>
[Vue warn]: Failed to resolve component: CommunicationPanel
If this is a native custom element, make sure to exclude it from component resolution via compilerOptions.isCustomElement.
  at <Coaches ref="VTU_COMPONENT" >
  at <VTUROOT>
[Vue warn]: Failed to resolve component: Header
If this is a native custom element, make sure to exclude it from component resolution via compilerOptions.isCustomElement.
  at <Coaches ref="VTU_COMPONENT" >
  at <VTUROOT>
[Vue warn]: Failed to resolve component: NuxtLink
If this is a native custom element, make sure to exclude it from component resolution via compilerOptions.isCustomElement.
  at <Coaches ref="VTU_COMPONENT" >
  at <VTUROOT>
[Vue warn]: Failed to resolve component: CoachForm
If this is a native custom element, make sure to exclude it from component resolution via compilerOptions.isCustomElement.
  at <Coaches ref="VTU_COMPONENT" >
  at <VTUROOT>
[Vue warn]: Failed to resolve component: CoachCard
If this is a native custom element, make sure to exclude it from component resolution via compilerOptions.isCustomElement.
  at <Coaches ref="VTU_COMPONENT" >
  at <VTUROOT>
[Vue warn]: Failed to resolve component: CommunicationPanel
If this is a native custom element, make sure to exclude it from component resolution via compilerOptions.isCustomElement.
  at <Coaches ref="VTU_COMPONENT" >
  at <VTUROOT>

stderr | tests/unit/pages/schools-id-coaches.spec.ts > pages/schools/[id]/coaches.vue > Page Load > should display loading state
[Vue warn]: Failed to resolve component: Header
If this is a native custom element, make sure to exclude it from component resolution via compilerOptions.isCustomElement.
  at <Coaches ref="VTU_COMPONENT" >
  at <VTUROOT>
[Vue warn]: Failed to resolve component: NuxtLink
If this is a native custom element, make sure to exclude it from component resolution via compilerOptions.isCustomElement.
  at <Coaches ref="VTU_COMPONENT" >
  at <VTUROOT>
[Vue warn]: Failed to resolve component: CoachForm
If this is a native custom element, make sure to exclude it from component resolution via compilerOptions.isCustomElement.
  at <Coaches ref="VTU_COMPONENT" >
  at <VTUROOT>
[Vue warn]: Failed to resolve component: CoachCard
If this is a native custom element, make sure to exclude it from component resolution via compilerOptions.isCustomElement.
  at <Coaches ref="VTU_COMPONENT" >
  at <VTUROOT>
[Vue warn]: Failed to resolve component: CommunicationPanel
If this is a native custom element, make sure to exclude it from component resolution via compilerOptions.isCustomElement.
  at <Coaches ref="VTU_COMPONENT" >
  at <VTUROOT>
[Vue warn]: Failed to resolve component: Header
If this is a native custom element, make sure to exclude it from component resolution via compilerOptions.isCustomElement.
  at <Coaches ref="VTU_COMPONENT" >
  at <VTUROOT>
[Vue warn]: Failed to resolve component: NuxtLink
If this is a native custom element, make sure to exclude it from component resolution via compilerOptions.isCustomElement.
  at <Coaches ref="VTU_COMPONENT" >
  at <VTUROOT>
[Vue warn]: Failed to resolve component: CoachForm
If this is a native custom element, make sure to exclude it from component resolution via compilerOptions.isCustomElement.
  at <Coaches ref="VTU_COMPONENT" >
  at <VTUROOT>
[Vue warn]: Failed to resolve component: CoachCard
If this is a native custom element, make sure to exclude it from component resolution via compilerOptions.isCustomElement.
  at <Coaches ref="VTU_COMPONENT" >
  at <VTUROOT>
[Vue warn]: Failed to resolve component: CommunicationPanel
If this is a native custom element, make sure to exclude it from component resolution via compilerOptions.isCustomElement.
  at <Coaches ref="VTU_COMPONENT" >
  at <VTUROOT>

stderr | tests/unit/pages/schools-id-coaches.spec.ts > pages/schools/[id]/coaches.vue > Page Load > should display empty state when no coaches
[Vue warn]: Failed to resolve component: Header
If this is a native custom element, make sure to exclude it from component resolution via compilerOptions.isCustomElement.
  at <Coaches ref="VTU_COMPONENT" >
  at <VTUROOT>
[Vue warn]: Failed to resolve component: NuxtLink
If this is a native custom element, make sure to exclude it from component resolution via compilerOptions.isCustomElement.
  at <Coaches ref="VTU_COMPONENT" >
  at <VTUROOT>
[Vue warn]: Failed to resolve component: CoachForm
If this is a native custom element, make sure to exclude it from component resolution via compilerOptions.isCustomElement.
  at <Coaches ref="VTU_COMPONENT" >
  at <VTUROOT>
[Vue warn]: Failed to resolve component: CoachCard
If this is a native custom element, make sure to exclude it from component resolution via compilerOptions.isCustomElement.
  at <Coaches ref="VTU_COMPONENT" >
  at <VTUROOT>
[Vue warn]: Failed to resolve component: CommunicationPanel
If this is a native custom element, make sure to exclude it from component resolution via compilerOptions.isCustomElement.
  at <Coaches ref="VTU_COMPONENT" >
  at <VTUROOT>
[Vue warn]: Failed to resolve component: Header
If this is a native custom element, make sure to exclude it from component resolution via compilerOptions.isCustomElement.
  at <Coaches ref="VTU_COMPONENT" >
  at <VTUROOT>
[Vue warn]: Failed to resolve component: NuxtLink
If this is a native custom element, make sure to exclude it from component resolution via compilerOptions.isCustomElement.
  at <Coaches ref="VTU_COMPONENT" >
  at <VTUROOT>
[Vue warn]: Failed to resolve component: CoachForm
If this is a native custom element, make sure to exclude it from component resolution via compilerOptions.isCustomElement.
  at <Coaches ref="VTU_COMPONENT" >
  at <VTUROOT>
[Vue warn]: Failed to resolve component: CoachCard
If this is a native custom element, make sure to exclude it from component resolution via compilerOptions.isCustomElement.
  at <Coaches ref="VTU_COMPONENT" >
  at <VTUROOT>
[Vue warn]: Failed to resolve component: CommunicationPanel
If this is a native custom element, make sure to exclude it from component resolution via compilerOptions.isCustomElement.
  at <Coaches ref="VTU_COMPONENT" >
  at <VTUROOT>

stderr | tests/unit/pages/schools-id-coaches.spec.ts > pages/schools/[id]/coaches.vue > Page Load > should display coaches when loaded
[Vue warn]: Failed to resolve component: Header
If this is a native custom element, make sure to exclude it from component resolution via compilerOptions.isCustomElement.
  at <Coaches ref="VTU_COMPONENT" >
  at <VTUROOT>
[Vue warn]: Failed to resolve component: NuxtLink
If this is a native custom element, make sure to exclude it from component resolution via compilerOptions.isCustomElement.
  at <Coaches ref="VTU_COMPONENT" >
  at <VTUROOT>
[Vue warn]: Failed to resolve component: CoachForm
If this is a native custom element, make sure to exclude it from component resolution via compilerOptions.isCustomElement.
  at <Coaches ref="VTU_COMPONENT" >
  at <VTUROOT>
[Vue warn]: Failed to resolve component: CoachCard
If this is a native custom element, make sure to exclude it from component resolution via compilerOptions.isCustomElement.
  at <Coaches ref="VTU_COMPONENT" >
  at <VTUROOT>
[Vue warn]: Failed to resolve component: CommunicationPanel
If this is a native custom element, make sure to exclude it from component resolution via compilerOptions.isCustomElement.
  at <Coaches ref="VTU_COMPONENT" >
  at <VTUROOT>
[Vue warn]: Failed to resolve component: Header
If this is a native custom element, make sure to exclude it from component resolution via compilerOptions.isCustomElement.
  at <Coaches ref="VTU_COMPONENT" >
  at <VTUROOT>
[Vue warn]: Failed to resolve component: NuxtLink
If this is a native custom element, make sure to exclude it from component resolution via compilerOptions.isCustomElement.
  at <Coaches ref="VTU_COMPONENT" >
  at <VTUROOT>
[Vue warn]: Failed to resolve component: CoachForm
If this is a native custom element, make sure to exclude it from component resolution via compilerOptions.isCustomElement.
  at <Coaches ref="VTU_COMPONENT" >
  at <VTUROOT>
[Vue warn]: Failed to resolve component: CoachCard
If this is a native custom element, make sure to exclude it from component resolution via compilerOptions.isCustomElement.
  at <Coaches ref="VTU_COMPONENT" >
  at <VTUROOT>
[Vue warn]: Failed to resolve component: CommunicationPanel
If this is a native custom element, make sure to exclude it from component resolution via compilerOptions.isCustomElement.
  at <Coaches ref="VTU_COMPONENT" >
  at <VTUROOT>

stderr | tests/unit/pages/schools-id-coaches.spec.ts > pages/schools/[id]/coaches.vue > Page Load > should show Add Coach button
[Vue warn]: Failed to resolve component: Header
If this is a native custom element, make sure to exclude it from component resolution via compilerOptions.isCustomElement.
  at <Coaches ref="VTU_COMPONENT" >
  at <VTUROOT>
[Vue warn]: Failed to resolve component: NuxtLink
If this is a native custom element, make sure to exclude it from component resolution via compilerOptions.isCustomElement.
  at <Coaches ref="VTU_COMPONENT" >
  at <VTUROOT>
[Vue warn]: Failed to resolve component: CoachForm
If this is a native custom element, make sure to exclude it from component resolution via compilerOptions.isCustomElement.
  at <Coaches ref="VTU_COMPONENT" >
  at <VTUROOT>
[Vue warn]: Failed to resolve component: CoachCard
If this is a native custom element, make sure to exclude it from component resolution via compilerOptions.isCustomElement.
  at <Coaches ref="VTU_COMPONENT" >
  at <VTUROOT>
[Vue warn]: Failed to resolve component: CommunicationPanel
If this is a native custom element, make sure to exclude it from component resolution via compilerOptions.isCustomElement.
  at <Coaches ref="VTU_COMPONENT" >
  at <VTUROOT>
[Vue warn]: Failed to resolve component: Header
If this is a native custom element, make sure to exclude it from component resolution via compilerOptions.isCustomElement.
  at <Coaches ref="VTU_COMPONENT" >
  at <VTUROOT>
[Vue warn]: Failed to resolve component: NuxtLink
If this is a native custom element, make sure to exclude it from component resolution via compilerOptions.isCustomElement.
  at <Coaches ref="VTU_COMPONENT" >
  at <VTUROOT>
[Vue warn]: Failed to resolve component: CoachForm
If this is a native custom element, make sure to exclude it from component resolution via compilerOptions.isCustomElement.
  at <Coaches ref="VTU_COMPONENT" >
  at <VTUROOT>
[Vue warn]: Failed to resolve component: CoachCard
If this is a native custom element, make sure to exclude it from component resolution via compilerOptions.isCustomElement.
  at <Coaches ref="VTU_COMPONENT" >
  at <VTUROOT>
[Vue warn]: Failed to resolve component: CommunicationPanel
If this is a native custom element, make sure to exclude it from component resolution via compilerOptions.isCustomElement.
  at <Coaches ref="VTU_COMPONENT" >
  at <VTUROOT>

stderr | tests/unit/pages/schools-id-coaches.spec.ts > pages/schools/[id]/coaches.vue > Search Filtering > should filter coaches by first name
[Vue warn]: Failed to resolve component: Header
If this is a native custom element, make sure to exclude it from component resolution via compilerOptions.isCustomElement.
  at <Coaches ref="VTU_COMPONENT" >
  at <VTUROOT>
[Vue warn]: Failed to resolve component: NuxtLink
If this is a native custom element, make sure to exclude it from component resolution via compilerOptions.isCustomElement.
  at <Coaches ref="VTU_COMPONENT" >
  at <VTUROOT>
[Vue warn]: Failed to resolve component: CoachForm
If this is a native custom element, make sure to exclude it from component resolution via compilerOptions.isCustomElement.
  at <Coaches ref="VTU_COMPONENT" >
  at <VTUROOT>
[Vue warn]: Failed to resolve component: CoachCard
If this is a native custom element, make sure to exclude it from component resolution via compilerOptions.isCustomElement.
  at <Coaches ref="VTU_COMPONENT" >
  at <VTUROOT>
[Vue warn]: Failed to resolve component: CommunicationPanel
If this is a native custom element, make sure to exclude it from component resolution via compilerOptions.isCustomElement.
  at <Coaches ref="VTU_COMPONENT" >
  at <VTUROOT>
[Vue warn]: Failed to resolve component: Header
If this is a native custom element, make sure to exclude it from component resolution via compilerOptions.isCustomElement.
  at <Coaches ref="VTU_COMPONENT" >
  at <VTUROOT>
[Vue warn]: Failed to resolve component: NuxtLink
If this is a native custom element, make sure to exclude it from component resolution via compilerOptions.isCustomElement.
  at <Coaches ref="VTU_COMPONENT" >
  at <VTUROOT>
[Vue warn]: Failed to resolve component: CoachForm
If this is a native custom element, make sure to exclude it from component resolution via compilerOptions.isCustomElement.
  at <Coaches ref="VTU_COMPONENT" >
  at <VTUROOT>
[Vue warn]: Failed to resolve component: CoachCard
If this is a native custom element, make sure to exclude it from component resolution via compilerOptions.isCustomElement.
  at <Coaches ref="VTU_COMPONENT" >
  at <VTUROOT>
[Vue warn]: Failed to resolve component: CommunicationPanel
If this is a native custom element, make sure to exclude it from component resolution via compilerOptions.isCustomElement.
  at <Coaches ref="VTU_COMPONENT" >
  at <VTUROOT>
[Vue warn]: Failed to resolve component: Header
If this is a native custom element, make sure to exclude it from component resolution via compilerOptions.isCustomElement.
  at <Coaches ref="VTU_COMPONENT" >
  at <VTUROOT>
[Vue warn]: Failed to resolve component: NuxtLink
If this is a native custom element, make sure to exclude it from component resolution via compilerOptions.isCustomElement.
  at <Coaches ref="VTU_COMPONENT" >
  at <VTUROOT>
[Vue warn]: Failed to resolve component: CoachForm
If this is a native custom element, make sure to exclude it from component resolution via compilerOptions.isCustomElement.
  at <Coaches ref="VTU_COMPONENT" >
  at <VTUROOT>
[Vue warn]: Failed to resolve component: CoachCard
If this is a native custom element, make sure to exclude it from component resolution via compilerOptions.isCustomElement.
  at <Coaches ref="VTU_COMPONENT" >
  at <VTUROOT>
[Vue warn]: Failed to resolve component: CommunicationPanel
If this is a native custom element, make sure to exclude it from component resolution via compilerOptions.isCustomElement.
  at <Coaches ref="VTU_COMPONENT" >
  at <VTUROOT>

stderr | tests/unit/pages/schools-id-coaches.spec.ts > pages/schools/[id]/coaches.vue > Search Filtering > should filter coaches by last name
[Vue warn]: Failed to resolve component: Header
If this is a native custom element, make sure to exclude it from component resolution via compilerOptions.isCustomElement.
  at <Coaches ref="VTU_COMPONENT" >
  at <VTUROOT>
[Vue warn]: Failed to resolve component: NuxtLink
If this is a native custom element, make sure to exclude it from component resolution via compilerOptions.isCustomElement.
  at <Coaches ref="VTU_COMPONENT" >
  at <VTUROOT>
[Vue warn]: Failed to resolve component: CoachForm
If this is a native custom element, make sure to exclude it from component resolution via compilerOptions.isCustomElement.
  at <Coaches ref="VTU_COMPONENT" >
  at <VTUROOT>
[Vue warn]: Failed to resolve component: CoachCard
If this is a native custom element, make sure to exclude it from component resolution via compilerOptions.isCustomElement.
  at <Coaches ref="VTU_COMPONENT" >
  at <VTUROOT>
[Vue warn]: Failed to resolve component: CommunicationPanel
If this is a native custom element, make sure to exclude it from component resolution via compilerOptions.isCustomElement.
  at <Coaches ref="VTU_COMPONENT" >
  at <VTUROOT>
[Vue warn]: Failed to resolve component: Header
If this is a native custom element, make sure to exclude it from component resolution via compilerOptions.isCustomElement.
  at <Coaches ref="VTU_COMPONENT" >
  at <VTUROOT>
[Vue warn]: Failed to resolve component: NuxtLink
If this is a native custom element, make sure to exclude it from component resolution via compilerOptions.isCustomElement.
  at <Coaches ref="VTU_COMPONENT" >
  at <VTUROOT>
[Vue warn]: Failed to resolve component: CoachForm
If this is a native custom element, make sure to exclude it from component resolution via compilerOptions.isCustomElement.
  at <Coaches ref="VTU_COMPONENT" >
  at <VTUROOT>
[Vue warn]: Failed to resolve component: CoachCard
If this is a native custom element, make sure to exclude it from component resolution via compilerOptions.isCustomElement.
  at <Coaches ref="VTU_COMPONENT" >
  at <VTUROOT>
[Vue warn]: Failed to resolve component: CommunicationPanel
If this is a native custom element, make sure to exclude it from component resolution via compilerOptions.isCustomElement.
  at <Coaches ref="VTU_COMPONENT" >
  at <VTUROOT>
[Vue warn]: Failed to resolve component: Header
If this is a native custom element, make sure to exclude it from component resolution via compilerOptions.isCustomElement.
  at <Coaches ref="VTU_COMPONENT" >
  at <VTUROOT>
[Vue warn]: Failed to resolve component: NuxtLink
If this is a native custom element, make sure to exclude it from component resolution via compilerOptions.isCustomElement.
  at <Coaches ref="VTU_COMPONENT" >
  at <VTUROOT>
[Vue warn]: Failed to resolve component: CoachForm
If this is a native custom element, make sure to exclude it from component resolution via compilerOptions.isCustomElement.
  at <Coaches ref="VTU_COMPONENT" >
  at <VTUROOT>
[Vue warn]: Failed to resolve component: CoachCard
If this is a native custom element, make sure to exclude it from component resolution via compilerOptions.isCustomElement.
  at <Coaches ref="VTU_COMPONENT" >
  at <VTUROOT>
[Vue warn]: Failed to resolve component: CommunicationPanel
If this is a native custom element, make sure to exclude it from component resolution via compilerOptions.isCustomElement.
  at <Coaches ref="VTU_COMPONENT" >
  at <VTUROOT>

stderr | tests/unit/pages/schools-id-coaches.spec.ts > pages/schools/[id]/coaches.vue > Search Filtering > should filter coaches by email
[Vue warn]: Failed to resolve component: Header
If this is a native custom element, make sure to exclude it from component resolution via compilerOptions.isCustomElement.
  at <Coaches ref="VTU_COMPONENT" >
  at <VTUROOT>
[Vue warn]: Failed to resolve component: NuxtLink
If this is a native custom element, make sure to exclude it from component resolution via compilerOptions.isCustomElement.
  at <Coaches ref="VTU_COMPONENT" >
  at <VTUROOT>
[Vue warn]: Failed to resolve component: CoachForm
If this is a native custom element, make sure to exclude it from component resolution via compilerOptions.isCustomElement.
  at <Coaches ref="VTU_COMPONENT" >
  at <VTUROOT>
[Vue warn]: Failed to resolve component: CoachCard
If this is a native custom element, make sure to exclude it from component resolution via compilerOptions.isCustomElement.
  at <Coaches ref="VTU_COMPONENT" >
  at <VTUROOT>
[Vue warn]: Failed to resolve component: CommunicationPanel
If this is a native custom element, make sure to exclude it from component resolution via compilerOptions.isCustomElement.
  at <Coaches ref="VTU_COMPONENT" >
  at <VTUROOT>
[Vue warn]: Failed to resolve component: Header
If this is a native custom element, make sure to exclude it from component resolution via compilerOptions.isCustomElement.
  at <Coaches ref="VTU_COMPONENT" >
  at <VTUROOT>
[Vue warn]: Failed to resolve component: NuxtLink
If this is a native custom element, make sure to exclude it from component resolution via compilerOptions.isCustomElement.
  at <Coaches ref="VTU_COMPONENT" >
  at <VTUROOT>
[Vue warn]: Failed to resolve component: CoachForm
If this is a native custom element, make sure to exclude it from component resolution via compilerOptions.isCustomElement.
  at <Coaches ref="VTU_COMPONENT" >
  at <VTUROOT>
[Vue warn]: Failed to resolve component: CoachCard
If this is a native custom element, make sure to exclude it from component resolution via compilerOptions.isCustomElement.
  at <Coaches ref="VTU_COMPONENT" >
  at <VTUROOT>
[Vue warn]: Failed to resolve component: CommunicationPanel
If this is a native custom element, make sure to exclude it from component resolution via compilerOptions.isCustomElement.
  at <Coaches ref="VTU_COMPONENT" >
  at <VTUROOT>
[Vue warn]: Failed to resolve component: Header
If this is a native custom element, make sure to exclude it from component resolution via compilerOptions.isCustomElement.
  at <Coaches ref="VTU_COMPONENT" >
  at <VTUROOT>
[Vue warn]: Failed to resolve component: NuxtLink
If this is a native custom element, make sure to exclude it from component resolution via compilerOptions.isCustomElement.
  at <Coaches ref="VTU_COMPONENT" >
  at <VTUROOT>
[Vue warn]: Failed to resolve component: CoachForm
If this is a native custom element, make sure to exclude it from component resolution via compilerOptions.isCustomElement.
  at <Coaches ref="VTU_COMPONENT" >
  at <VTUROOT>
[Vue warn]: Failed to resolve component: CoachCard
If this is a native custom element, make sure to exclude it from component resolution via compilerOptions.isCustomElement.
  at <Coaches ref="VTU_COMPONENT" >
  at <VTUROOT>
[Vue warn]: Failed to resolve component: CommunicationPanel
If this is a native custom element, make sure to exclude it from component resolution via compilerOptions.isCustomElement.
  at <Coaches ref="VTU_COMPONENT" >
  at <VTUROOT>

stderr | tests/unit/pages/schools-id-coaches.spec.ts > pages/schools/[id]/coaches.vue > Search Filtering > should filter coaches by phone
[Vue warn]: Failed to resolve component: Header
If this is a native custom element, make sure to exclude it from component resolution via compilerOptions.isCustomElement.
  at <Coaches ref="VTU_COMPONENT" >
  at <VTUROOT>
[Vue warn]: Failed to resolve component: NuxtLink
If this is a native custom element, make sure to exclude it from component resolution via compilerOptions.isCustomElement.
  at <Coaches ref="VTU_COMPONENT" >
  at <VTUROOT>
[Vue warn]: Failed to resolve component: CoachForm
If this is a native custom element, make sure to exclude it from component resolution via compilerOptions.isCustomElement.
  at <Coaches ref="VTU_COMPONENT" >
  at <VTUROOT>
[Vue warn]: Failed to resolve component: CoachCard
If this is a native custom element, make sure to exclude it from component resolution via compilerOptions.isCustomElement.
  at <Coaches ref="VTU_COMPONENT" >
  at <VTUROOT>
[Vue warn]: Failed to resolve component: CommunicationPanel
If this is a native custom element, make sure to exclude it from component resolution via compilerOptions.isCustomElement.
  at <Coaches ref="VTU_COMPONENT" >
  at <VTUROOT>
[Vue warn]: Failed to resolve component: Header
If this is a native custom element, make sure to exclude it from component resolution via compilerOptions.isCustomElement.
  at <Coaches ref="VTU_COMPONENT" >
  at <VTUROOT>
[Vue warn]: Failed to resolve component: NuxtLink
If this is a native custom element, make sure to exclude it from component resolution via compilerOptions.isCustomElement.
  at <Coaches ref="VTU_COMPONENT" >
  at <VTUROOT>
[Vue warn]: Failed to resolve component: CoachForm
If this is a native custom element, make sure to exclude it from component resolution via compilerOptions.isCustomElement.
  at <Coaches ref="VTU_COMPONENT" >
  at <VTUROOT>
[Vue warn]: Failed to resolve component: CoachCard
If this is a native custom element, make sure to exclude it from component resolution via compilerOptions.isCustomElement.
  at <Coaches ref="VTU_COMPONENT" >
  at <VTUROOT>
[Vue warn]: Failed to resolve component: CommunicationPanel
If this is a native custom element, make sure to exclude it from component resolution via compilerOptions.isCustomElement.
  at <Coaches ref="VTU_COMPONENT" >
  at <VTUROOT>
[Vue warn]: Failed to resolve component: Header
If this is a native custom element, make sure to exclude it from component resolution via compilerOptions.isCustomElement.
  at <Coaches ref="VTU_COMPONENT" >
  at <VTUROOT>
[Vue warn]: Failed to resolve component: NuxtLink
If this is a native custom element, make sure to exclude it from component resolution via compilerOptions.isCustomElement.
  at <Coaches ref="VTU_COMPONENT" >
  at <VTUROOT>
[Vue warn]: Failed to resolve component: CoachForm
If this is a native custom element, make sure to exclude it from component resolution via compilerOptions.isCustomElement.
  at <Coaches ref="VTU_COMPONENT" >
  at <VTUROOT>
[Vue warn]: Failed to resolve component: CoachCard
If this is a native custom element, make sure to exclude it from component resolution via compilerOptions.isCustomElement.
  at <Coaches ref="VTU_COMPONENT" >
  at <VTUROOT>
[Vue warn]: Failed to resolve component: CommunicationPanel
If this is a native custom element, make sure to exclude it from component resolution via compilerOptions.isCustomElement.
  at <Coaches ref="VTU_COMPONENT" >
  at <VTUROOT>

stderr | tests/unit/pages/schools-id-coaches.spec.ts > pages/schools/[id]/coaches.vue > Search Filtering > should be case insensitive
[Vue warn]: Failed to resolve component: Header
If this is a native custom element, make sure to exclude it from component resolution via compilerOptions.isCustomElement.
  at <Coaches ref="VTU_COMPONENT" >
  at <VTUROOT>
[Vue warn]: Failed to resolve component: NuxtLink
If this is a native custom element, make sure to exclude it from component resolution via compilerOptions.isCustomElement.
  at <Coaches ref="VTU_COMPONENT" >
  at <VTUROOT>
[Vue warn]: Failed to resolve component: CoachForm
If this is a native custom element, make sure to exclude it from component resolution via compilerOptions.isCustomElement.
  at <Coaches ref="VTU_COMPONENT" >
  at <VTUROOT>
[Vue warn]: Failed to resolve component: CoachCard
If this is a native custom element, make sure to exclude it from component resolution via compilerOptions.isCustomElement.
  at <Coaches ref="VTU_COMPONENT" >
  at <VTUROOT>
[Vue warn]: Failed to resolve component: CommunicationPanel
If this is a native custom element, make sure to exclude it from component resolution via compilerOptions.isCustomElement.
  at <Coaches ref="VTU_COMPONENT" >
  at <VTUROOT>
[Vue warn]: Failed to resolve component: Header
If this is a native custom element, make sure to exclude it from component resolution via compilerOptions.isCustomElement.
  at <Coaches ref="VTU_COMPONENT" >
  at <VTUROOT>
[Vue warn]: Failed to resolve component: NuxtLink
If this is a native custom element, make sure to exclude it from component resolution via compilerOptions.isCustomElement.
  at <Coaches ref="VTU_COMPONENT" >
  at <VTUROOT>
[Vue warn]: Failed to resolve component: CoachForm
If this is a native custom element, make sure to exclude it from component resolution via compilerOptions.isCustomElement.
  at <Coaches ref="VTU_COMPONENT" >
  at <VTUROOT>
[Vue warn]: Failed to resolve component: CoachCard
If this is a native custom element, make sure to exclude it from component resolution via compilerOptions.isCustomElement.
  at <Coaches ref="VTU_COMPONENT" >
  at <VTUROOT>
[Vue warn]: Failed to resolve component: CommunicationPanel
If this is a native custom element, make sure to exclude it from component resolution via compilerOptions.isCustomElement.
  at <Coaches ref="VTU_COMPONENT" >
  at <VTUROOT>
[Vue warn]: Failed to resolve component: Header
If this is a native custom element, make sure to exclude it from component resolution via compilerOptions.isCustomElement.
  at <Coaches ref="VTU_COMPONENT" >
  at <VTUROOT>
[Vue warn]: Failed to resolve component: NuxtLink
If this is a native custom element, make sure to exclude it from component resolution via compilerOptions.isCustomElement.
  at <Coaches ref="VTU_COMPONENT" >
  at <VTUROOT>
[Vue warn]: Failed to resolve component: CoachForm
If this is a native custom element, make sure to exclude it from component resolution via compilerOptions.isCustomElement.
  at <Coaches ref="VTU_COMPONENT" >
  at <VTUROOT>
[Vue warn]: Failed to resolve component: CoachCard
If this is a native custom element, make sure to exclude it from component resolution via compilerOptions.isCustomElement.
  at <Coaches ref="VTU_COMPONENT" >
  at <VTUROOT>
[Vue warn]: Failed to resolve component: CommunicationPanel
If this is a native custom element, make sure to exclude it from component resolution via compilerOptions.isCustomElement.
  at <Coaches ref="VTU_COMPONENT" >
  at <VTUROOT>

stderr | tests/unit/pages/schools-id-coaches.spec.ts > pages/schools/[id]/coaches.vue > Search Filtering > should show no results message when search matches nothing
[Vue warn]: Failed to resolve component: Header
If this is a native custom element, make sure to exclude it from component resolution via compilerOptions.isCustomElement.
  at <Coaches ref="VTU_COMPONENT" >
  at <VTUROOT>
[Vue warn]: Failed to resolve component: NuxtLink
If this is a native custom element, make sure to exclude it from component resolution via compilerOptions.isCustomElement.
  at <Coaches ref="VTU_COMPONENT" >
  at <VTUROOT>
[Vue warn]: Failed to resolve component: CoachForm
If this is a native custom element, make sure to exclude it from component resolution via compilerOptions.isCustomElement.
  at <Coaches ref="VTU_COMPONENT" >
  at <VTUROOT>
[Vue warn]: Failed to resolve component: CoachCard
If this is a native custom element, make sure to exclude it from component resolution via compilerOptions.isCustomElement.
  at <Coaches ref="VTU_COMPONENT" >
  at <VTUROOT>
[Vue warn]: Failed to resolve component: CommunicationPanel
If this is a native custom element, make sure to exclude it from component resolution via compilerOptions.isCustomElement.
  at <Coaches ref="VTU_COMPONENT" >
  at <VTUROOT>
[Vue warn]: Failed to resolve component: Header
If this is a native custom element, make sure to exclude it from component resolution via compilerOptions.isCustomElement.
  at <Coaches ref="VTU_COMPONENT" >
  at <VTUROOT>
[Vue warn]: Failed to resolve component: NuxtLink
If this is a native custom element, make sure to exclude it from component resolution via compilerOptions.isCustomElement.
  at <Coaches ref="VTU_COMPONENT" >
  at <VTUROOT>
[Vue warn]: Failed to resolve component: CoachForm
If this is a native custom element, make sure to exclude it from component resolution via compilerOptions.isCustomElement.
  at <Coaches ref="VTU_COMPONENT" >
  at <VTUROOT>
[Vue warn]: Failed to resolve component: CoachCard
If this is a native custom element, make sure to exclude it from component resolution via compilerOptions.isCustomElement.
  at <Coaches ref="VTU_COMPONENT" >
  at <VTUROOT>
[Vue warn]: Failed to resolve component: CommunicationPanel
If this is a native custom element, make sure to exclude it from component resolution via compilerOptions.isCustomElement.
  at <Coaches ref="VTU_COMPONENT" >
  at <VTUROOT>
[Vue warn]: Failed to resolve component: Header
If this is a native custom element, make sure to exclude it from component resolution via compilerOptions.isCustomElement.
  at <Coaches ref="VTU_COMPONENT" >
  at <VTUROOT>
[Vue warn]: Failed to resolve component: NuxtLink
If this is a native custom element, make sure to exclude it from component resolution via compilerOptions.isCustomElement.
  at <Coaches ref="VTU_COMPONENT" >
  at <VTUROOT>
[Vue warn]: Failed to resolve component: CoachForm
If this is a native custom element, make sure to exclude it from component resolution via compilerOptions.isCustomElement.
  at <Coaches ref="VTU_COMPONENT" >
  at <VTUROOT>
[Vue warn]: Failed to resolve component: CoachCard
If this is a native custom element, make sure to exclude it from component resolution via compilerOptions.isCustomElement.
  at <Coaches ref="VTU_COMPONENT" >
  at <VTUROOT>
[Vue warn]: Failed to resolve component: CommunicationPanel
If this is a native custom element, make sure to exclude it from component resolution via compilerOptions.isCustomElement.
  at <Coaches ref="VTU_COMPONENT" >
  at <VTUROOT>

stderr | tests/unit/pages/schools-id-coaches.spec.ts > pages/schools/[id]/coaches.vue > Role Filtering > should filter coaches by head coach role
[Vue warn]: Failed to resolve component: Header
If this is a native custom element, make sure to exclude it from component resolution via compilerOptions.isCustomElement.
  at <Coaches ref="VTU_COMPONENT" >
  at <VTUROOT>
[Vue warn]: Failed to resolve component: NuxtLink
If this is a native custom element, make sure to exclude it from component resolution via compilerOptions.isCustomElement.
  at <Coaches ref="VTU_COMPONENT" >
  at <VTUROOT>
[Vue warn]: Failed to resolve component: CoachForm
If this is a native custom element, make sure to exclude it from component resolution via compilerOptions.isCustomElement.
  at <Coaches ref="VTU_COMPONENT" >
  at <VTUROOT>
[Vue warn]: Failed to resolve component: CoachCard
If this is a native custom element, make sure to exclude it from component resolution via compilerOptions.isCustomElement.
  at <Coaches ref="VTU_COMPONENT" >
  at <VTUROOT>
[Vue warn]: Failed to resolve component: CommunicationPanel
If this is a native custom element, make sure to exclude it from component resolution via compilerOptions.isCustomElement.
  at <Coaches ref="VTU_COMPONENT" >
  at <VTUROOT>
[Vue warn]: Failed to resolve component: Header
If this is a native custom element, make sure to exclude it from component resolution via compilerOptions.isCustomElement.
  at <Coaches ref="VTU_COMPONENT" >
  at <VTUROOT>
[Vue warn]: Failed to resolve component: NuxtLink
If this is a native custom element, make sure to exclude it from component resolution via compilerOptions.isCustomElement.
  at <Coaches ref="VTU_COMPONENT" >
  at <VTUROOT>
[Vue warn]: Failed to resolve component: CoachForm
If this is a native custom element, make sure to exclude it from component resolution via compilerOptions.isCustomElement.
  at <Coaches ref="VTU_COMPONENT" >
  at <VTUROOT>
[Vue warn]: Failed to resolve component: CoachCard
If this is a native custom element, make sure to exclude it from component resolution via compilerOptions.isCustomElement.
  at <Coaches ref="VTU_COMPONENT" >
  at <VTUROOT>
[Vue warn]: Failed to resolve component: CommunicationPanel
If this is a native custom element, make sure to exclude it from component resolution via compilerOptions.isCustomElement.
  at <Coaches ref="VTU_COMPONENT" >
  at <VTUROOT>
[Vue warn]: Failed to resolve component: Header
If this is a native custom element, make sure to exclude it from component resolution via compilerOptions.isCustomElement.
  at <Coaches ref="VTU_COMPONENT" >
  at <VTUROOT>
[Vue warn]: Failed to resolve component: NuxtLink
If this is a native custom element, make sure to exclude it from component resolution via compilerOptions.isCustomElement.
  at <Coaches ref="VTU_COMPONENT" >
  at <VTUROOT>
[Vue warn]: Failed to resolve component: CoachForm
If this is a native custom element, make sure to exclude it from component resolution via compilerOptions.isCustomElement.
  at <Coaches ref="VTU_COMPONENT" >
  at <VTUROOT>
[Vue warn]: Failed to resolve component: CoachCard
If this is a native custom element, make sure to exclude it from component resolution via compilerOptions.isCustomElement.
  at <Coaches ref="VTU_COMPONENT" >
  at <VTUROOT>
[Vue warn]: Failed to resolve component: CommunicationPanel
If this is a native custom element, make sure to exclude it from component resolution via compilerOptions.isCustomElement.
  at <Coaches ref="VTU_COMPONENT" >
  at <VTUROOT>

stderr | tests/unit/pages/schools-id-coaches.spec.ts > pages/schools/[id]/coaches.vue > Role Filtering > should filter coaches by assistant role
[Vue warn]: Failed to resolve component: Header
If this is a native custom element, make sure to exclude it from component resolution via compilerOptions.isCustomElement.
  at <Coaches ref="VTU_COMPONENT" >
  at <VTUROOT>
[Vue warn]: Failed to resolve component: NuxtLink
If this is a native custom element, make sure to exclude it from component resolution via compilerOptions.isCustomElement.
  at <Coaches ref="VTU_COMPONENT" >
  at <VTUROOT>
[Vue warn]: Failed to resolve component: CoachForm
If this is a native custom element, make sure to exclude it from component resolution via compilerOptions.isCustomElement.
  at <Coaches ref="VTU_COMPONENT" >
  at <VTUROOT>
[Vue warn]: Failed to resolve component: CoachCard
If this is a native custom element, make sure to exclude it from component resolution via compilerOptions.isCustomElement.
  at <Coaches ref="VTU_COMPONENT" >
  at <VTUROOT>
[Vue warn]: Failed to resolve component: CommunicationPanel
If this is a native custom element, make sure to exclude it from component resolution via compilerOptions.isCustomElement.
  at <Coaches ref="VTU_COMPONENT" >
  at <VTUROOT>
[Vue warn]: Failed to resolve component: Header
If this is a native custom element, make sure to exclude it from component resolution via compilerOptions.isCustomElement.
  at <Coaches ref="VTU_COMPONENT" >
  at <VTUROOT>
[Vue warn]: Failed to resolve component: NuxtLink
If this is a native custom element, make sure to exclude it from component resolution via compilerOptions.isCustomElement.
  at <Coaches ref="VTU_COMPONENT" >
  at <VTUROOT>
[Vue warn]: Failed to resolve component: CoachForm
If this is a native custom element, make sure to exclude it from component resolution via compilerOptions.isCustomElement.
  at <Coaches ref="VTU_COMPONENT" >
  at <VTUROOT>
[Vue warn]: Failed to resolve component: CoachCard
If this is a native custom element, make sure to exclude it from component resolution via compilerOptions.isCustomElement.
  at <Coaches ref="VTU_COMPONENT" >
  at <VTUROOT>
[Vue warn]: Failed to resolve component: CommunicationPanel
If this is a native custom element, make sure to exclude it from component resolution via compilerOptions.isCustomElement.
  at <Coaches ref="VTU_COMPONENT" >
  at <VTUROOT>
[Vue warn]: Failed to resolve component: Header
If this is a native custom element, make sure to exclude it from component resolution via compilerOptions.isCustomElement.
  at <Coaches ref="VTU_COMPONENT" >
  at <VTUROOT>
[Vue warn]: Failed to resolve component: NuxtLink
If this is a native custom element, make sure to exclude it from component resolution via compilerOptions.isCustomElement.
  at <Coaches ref="VTU_COMPONENT" >
  at <VTUROOT>
[Vue warn]: Failed to resolve component: CoachForm
If this is a native custom element, make sure to exclude it from component resolution via compilerOptions.isCustomElement.
  at <Coaches ref="VTU_COMPONENT" >
  at <VTUROOT>
[Vue warn]: Failed to resolve component: CoachCard
If this is a native custom element, make sure to exclude it from component resolution via compilerOptions.isCustomElement.
  at <Coaches ref="VTU_COMPONENT" >
  at <VTUROOT>
[Vue warn]: Failed to resolve component: CommunicationPanel
If this is a native custom element, make sure to exclude it from component resolution via compilerOptions.isCustomElement.
  at <Coaches ref="VTU_COMPONENT" >
  at <VTUROOT>

stderr | tests/unit/pages/schools-id-coaches.spec.ts > pages/schools/[id]/coaches.vue > Role Filtering > should filter coaches by recruiting coordinator role
[Vue warn]: Failed to resolve component: Header
If this is a native custom element, make sure to exclude it from component resolution via compilerOptions.isCustomElement.
  at <Coaches ref="VTU_COMPONENT" >
  at <VTUROOT>
[Vue warn]: Failed to resolve component: NuxtLink
If this is a native custom element, make sure to exclude it from component resolution via compilerOptions.isCustomElement.
  at <Coaches ref="VTU_COMPONENT" >
  at <VTUROOT>
[Vue warn]: Failed to resolve component: CoachForm
If this is a native custom element, make sure to exclude it from component resolution via compilerOptions.isCustomElement.
  at <Coaches ref="VTU_COMPONENT" >
  at <VTUROOT>
[Vue warn]: Failed to resolve component: CoachCard
If this is a native custom element, make sure to exclude it from component resolution via compilerOptions.isCustomElement.
  at <Coaches ref="VTU_COMPONENT" >
  at <VTUROOT>
[Vue warn]: Failed to resolve component: CommunicationPanel
If this is a native custom element, make sure to exclude it from component resolution via compilerOptions.isCustomElement.
  at <Coaches ref="VTU_COMPONENT" >
  at <VTUROOT>
[Vue warn]: Failed to resolve component: Header
If this is a native custom element, make sure to exclude it from component resolution via compilerOptions.isCustomElement.
  at <Coaches ref="VTU_COMPONENT" >
  at <VTUROOT>
[Vue warn]: Failed to resolve component: NuxtLink
If this is a native custom element, make sure to exclude it from component resolution via compilerOptions.isCustomElement.
  at <Coaches ref="VTU_COMPONENT" >
  at <VTUROOT>
[Vue warn]: Failed to resolve component: CoachForm
If this is a native custom element, make sure to exclude it from component resolution via compilerOptions.isCustomElement.
  at <Coaches ref="VTU_COMPONENT" >
  at <VTUROOT>
[Vue warn]: Failed to resolve component: CoachCard
If this is a native custom element, make sure to exclude it from component resolution via compilerOptions.isCustomElement.
  at <Coaches ref="VTU_COMPONENT" >
  at <VTUROOT>
[Vue warn]: Failed to resolve component: CommunicationPanel
If this is a native custom element, make sure to exclude it from component resolution via compilerOptions.isCustomElement.
  at <Coaches ref="VTU_COMPONENT" >
  at <VTUROOT>
[Vue warn]: Failed to resolve component: Header
If this is a native custom element, make sure to exclude it from component resolution via compilerOptions.isCustomElement.
  at <Coaches ref="VTU_COMPONENT" >
  at <VTUROOT>
[Vue warn]: Failed to resolve component: NuxtLink
If this is a native custom element, make sure to exclude it from component resolution via compilerOptions.isCustomElement.
  at <Coaches ref="VTU_COMPONENT" >
  at <VTUROOT>
[Vue warn]: Failed to resolve component: CoachForm
If this is a native custom element, make sure to exclude it from component resolution via compilerOptions.isCustomElement.
  at <Coaches ref="VTU_COMPONENT" >
  at <VTUROOT>
[Vue warn]: Failed to resolve component: CoachCard
If this is a native custom element, make sure to exclude it from component resolution via compilerOptions.isCustomElement.
  at <Coaches ref="VTU_COMPONENT" >
  at <VTUROOT>
[Vue warn]: Failed to resolve component: CommunicationPanel
If this is a native custom element, make sure to exclude it from component resolution via compilerOptions.isCustomElement.
  at <Coaches ref="VTU_COMPONENT" >
  at <VTUROOT>

stderr | tests/unit/pages/schools-id-coaches.spec.ts > pages/schools/[id]/coaches.vue > Role Filtering > should show all coaches when role is empty
[Vue warn]: Failed to resolve component: Header
If this is a native custom element, make sure to exclude it from component resolution via compilerOptions.isCustomElement.
  at <Coaches ref="VTU_COMPONENT" >
  at <VTUROOT>
[Vue warn]: Failed to resolve component: NuxtLink
If this is a native custom element, make sure to exclude it from component resolution via compilerOptions.isCustomElement.
  at <Coaches ref="VTU_COMPONENT" >
  at <VTUROOT>
[Vue warn]: Failed to resolve component: CoachForm
If this is a native custom element, make sure to exclude it from component resolution via compilerOptions.isCustomElement.
  at <Coaches ref="VTU_COMPONENT" >
  at <VTUROOT>
[Vue warn]: Failed to resolve component: CoachCard
If this is a native custom element, make sure to exclude it from component resolution via compilerOptions.isCustomElement.
  at <Coaches ref="VTU_COMPONENT" >
  at <VTUROOT>
[Vue warn]: Failed to resolve component: CommunicationPanel
If this is a native custom element, make sure to exclude it from component resolution via compilerOptions.isCustomElement.
  at <Coaches ref="VTU_COMPONENT" >
  at <VTUROOT>
[Vue warn]: Failed to resolve component: Header
If this is a native custom element, make sure to exclude it from component resolution via compilerOptions.isCustomElement.
  at <Coaches ref="VTU_COMPONENT" >
  at <VTUROOT>
[Vue warn]: Failed to resolve component: NuxtLink
If this is a native custom element, make sure to exclude it from component resolution via compilerOptions.isCustomElement.
  at <Coaches ref="VTU_COMPONENT" >
  at <VTUROOT>
[Vue warn]: Failed to resolve component: CoachForm
If this is a native custom element, make sure to exclude it from component resolution via compilerOptions.isCustomElement.
  at <Coaches ref="VTU_COMPONENT" >
  at <VTUROOT>
[Vue warn]: Failed to resolve component: CoachCard
If this is a native custom element, make sure to exclude it from component resolution via compilerOptions.isCustomElement.
  at <Coaches ref="VTU_COMPONENT" >
  at <VTUROOT>
[Vue warn]: Failed to resolve component: CommunicationPanel
If this is a native custom element, make sure to exclude it from component resolution via compilerOptions.isCustomElement.
  at <Coaches ref="VTU_COMPONENT" >
  at <VTUROOT>

stderr | tests/unit/pages/schools-id-coaches.spec.ts > pages/schools/[id]/coaches.vue > Sorting > should sort by name (A-Z) by default
[Vue warn]: Failed to resolve component: Header
If this is a native custom element, make sure to exclude it from component resolution via compilerOptions.isCustomElement.
  at <Coaches ref="VTU_COMPONENT" >
  at <VTUROOT>
[Vue warn]: Failed to resolve component: NuxtLink
If this is a native custom element, make sure to exclude it from component resolution via compilerOptions.isCustomElement.
  at <Coaches ref="VTU_COMPONENT" >
  at <VTUROOT>
[Vue warn]: Failed to resolve component: CoachForm
If this is a native custom element, make sure to exclude it from component resolution via compilerOptions.isCustomElement.
  at <Coaches ref="VTU_COMPONENT" >
  at <VTUROOT>
[Vue warn]: Failed to resolve component: CoachCard
If this is a native custom element, make sure to exclude it from component resolution via compilerOptions.isCustomElement.
  at <Coaches ref="VTU_COMPONENT" >
  at <VTUROOT>
[Vue warn]: Failed to resolve component: CommunicationPanel
If this is a native custom element, make sure to exclude it from component resolution via compilerOptions.isCustomElement.
  at <Coaches ref="VTU_COMPONENT" >
  at <VTUROOT>
[Vue warn]: Failed to resolve component: Header
If this is a native custom element, make sure to exclude it from component resolution via compilerOptions.isCustomElement.
  at <Coaches ref="VTU_COMPONENT" >
  at <VTUROOT>
[Vue warn]: Failed to resolve component: NuxtLink
If this is a native custom element, make sure to exclude it from component resolution via compilerOptions.isCustomElement.
  at <Coaches ref="VTU_COMPONENT" >
  at <VTUROOT>
[Vue warn]: Failed to resolve component: CoachForm
If this is a native custom element, make sure to exclude it from component resolution via compilerOptions.isCustomElement.
  at <Coaches ref="VTU_COMPONENT" >
  at <VTUROOT>
[Vue warn]: Failed to resolve component: CoachCard
If this is a native custom element, make sure to exclude it from component resolution via compilerOptions.isCustomElement.
  at <Coaches ref="VTU_COMPONENT" >
  at <VTUROOT>
[Vue warn]: Failed to resolve component: CommunicationPanel
If this is a native custom element, make sure to exclude it from component resolution via compilerOptions.isCustomElement.
  at <Coaches ref="VTU_COMPONENT" >
  at <VTUROOT>

stderr | tests/unit/pages/schools-id-coaches.spec.ts > pages/schools/[id]/coaches.vue > Sorting > should sort by last contact (recent first)
[Vue warn]: Failed to resolve component: Header
If this is a native custom element, make sure to exclude it from component resolution via compilerOptions.isCustomElement.
  at <Coaches ref="VTU_COMPONENT" >
  at <VTUROOT>
[Vue warn]: Failed to resolve component: NuxtLink
If this is a native custom element, make sure to exclude it from component resolution via compilerOptions.isCustomElement.
  at <Coaches ref="VTU_COMPONENT" >
  at <VTUROOT>
[Vue warn]: Failed to resolve component: CoachForm
If this is a native custom element, make sure to exclude it from component resolution via compilerOptions.isCustomElement.
  at <Coaches ref="VTU_COMPONENT" >
  at <VTUROOT>
[Vue warn]: Failed to resolve component: CoachCard
If this is a native custom element, make sure to exclude it from component resolution via compilerOptions.isCustomElement.
  at <Coaches ref="VTU_COMPONENT" >
  at <VTUROOT>
[Vue warn]: Failed to resolve component: CommunicationPanel
If this is a native custom element, make sure to exclude it from component resolution via compilerOptions.isCustomElement.
  at <Coaches ref="VTU_COMPONENT" >
  at <VTUROOT>
[Vue warn]: Failed to resolve component: Header
If this is a native custom element, make sure to exclude it from component resolution via compilerOptions.isCustomElement.
  at <Coaches ref="VTU_COMPONENT" >
  at <VTUROOT>
[Vue warn]: Failed to resolve component: NuxtLink
If this is a native custom element, make sure to exclude it from component resolution via compilerOptions.isCustomElement.
  at <Coaches ref="VTU_COMPONENT" >
  at <VTUROOT>
[Vue warn]: Failed to resolve component: CoachForm
If this is a native custom element, make sure to exclude it from component resolution via compilerOptions.isCustomElement.
  at <Coaches ref="VTU_COMPONENT" >
  at <VTUROOT>
[Vue warn]: Failed to resolve component: CoachCard
If this is a native custom element, make sure to exclude it from component resolution via compilerOptions.isCustomElement.
  at <Coaches ref="VTU_COMPONENT" >
  at <VTUROOT>
[Vue warn]: Failed to resolve component: CommunicationPanel
If this is a native custom element, make sure to exclude it from component resolution via compilerOptions.isCustomElement.
  at <Coaches ref="VTU_COMPONENT" >
  at <VTUROOT>
[Vue warn]: Failed to resolve component: Header
If this is a native custom element, make sure to exclude it from component resolution via compilerOptions.isCustomElement.
  at <Coaches ref="VTU_COMPONENT" >
  at <VTUROOT>
[Vue warn]: Failed to resolve component: NuxtLink
If this is a native custom element, make sure to exclude it from component resolution via compilerOptions.isCustomElement.
  at <Coaches ref="VTU_COMPONENT" >
  at <VTUROOT>
[Vue warn]: Failed to resolve component: CoachForm
If this is a native custom element, make sure to exclude it from component resolution via compilerOptions.isCustomElement.
  at <Coaches ref="VTU_COMPONENT" >
  at <VTUROOT>
[Vue warn]: Failed to resolve component: CoachCard
If this is a native custom element, make sure to exclude it from component resolution via compilerOptions.isCustomElement.
  at <Coaches ref="VTU_COMPONENT" >
  at <VTUROOT>
[Vue warn]: Failed to resolve component: CommunicationPanel
If this is a native custom element, make sure to exclude it from component resolution via compilerOptions.isCustomElement.
  at <Coaches ref="VTU_COMPONENT" >
  at <VTUROOT>

stderr | tests/unit/pages/schools-id-coaches.spec.ts > pages/schools/[id]/coaches.vue > Sorting > should sort by responsiveness (highest first)
[Vue warn]: Failed to resolve component: Header
If this is a native custom element, make sure to exclude it from component resolution via compilerOptions.isCustomElement.
  at <Coaches ref="VTU_COMPONENT" >
  at <VTUROOT>
[Vue warn]: Failed to resolve component: NuxtLink
If this is a native custom element, make sure to exclude it from component resolution via compilerOptions.isCustomElement.
  at <Coaches ref="VTU_COMPONENT" >
  at <VTUROOT>
[Vue warn]: Failed to resolve component: CoachForm
If this is a native custom element, make sure to exclude it from component resolution via compilerOptions.isCustomElement.
  at <Coaches ref="VTU_COMPONENT" >
  at <VTUROOT>
[Vue warn]: Failed to resolve component: CoachCard
If this is a native custom element, make sure to exclude it from component resolution via compilerOptions.isCustomElement.
  at <Coaches ref="VTU_COMPONENT" >
  at <VTUROOT>
[Vue warn]: Failed to resolve component: CommunicationPanel
If this is a native custom element, make sure to exclude it from component resolution via compilerOptions.isCustomElement.
  at <Coaches ref="VTU_COMPONENT" >
  at <VTUROOT>
[Vue warn]: Failed to resolve component: Header
If this is a native custom element, make sure to exclude it from component resolution via compilerOptions.isCustomElement.
  at <Coaches ref="VTU_COMPONENT" >
  at <VTUROOT>
[Vue warn]: Failed to resolve component: NuxtLink
If this is a native custom element, make sure to exclude it from component resolution via compilerOptions.isCustomElement.
  at <Coaches ref="VTU_COMPONENT" >
  at <VTUROOT>
[Vue warn]: Failed to resolve component: CoachForm
If this is a native custom element, make sure to exclude it from component resolution via compilerOptions.isCustomElement.
  at <Coaches ref="VTU_COMPONENT" >
  at <VTUROOT>
[Vue warn]: Failed to resolve component: CoachCard
If this is a native custom element, make sure to exclude it from component resolution via compilerOptions.isCustomElement.
  at <Coaches ref="VTU_COMPONENT" >
  at <VTUROOT>
[Vue warn]: Failed to resolve component: CommunicationPanel
If this is a native custom element, make sure to exclude it from component resolution via compilerOptions.isCustomElement.
  at <Coaches ref="VTU_COMPONENT" >
  at <VTUROOT>
[Vue warn]: Failed to resolve component: Header
If this is a native custom element, make sure to exclude it from component resolution via compilerOptions.isCustomElement.
  at <Coaches ref="VTU_COMPONENT" >
  at <VTUROOT>
[Vue warn]: Failed to resolve component: NuxtLink
If this is a native custom element, make sure to exclude it from component resolution via compilerOptions.isCustomElement.
  at <Coaches ref="VTU_COMPONENT" >
  at <VTUROOT>
[Vue warn]: Failed to resolve component: CoachForm
If this is a native custom element, make sure to exclude it from component resolution via compilerOptions.isCustomElement.
  at <Coaches ref="VTU_COMPONENT" >
  at <VTUROOT>
[Vue warn]: Failed to resolve component: CoachCard
If this is a native custom element, make sure to exclude it from component resolution via compilerOptions.isCustomElement.
  at <Coaches ref="VTU_COMPONENT" >
  at <VTUROOT>
[Vue warn]: Failed to resolve component: CommunicationPanel
If this is a native custom element, make sure to exclude it from component resolution via compilerOptions.isCustomElement.
  at <Coaches ref="VTU_COMPONENT" >
  at <VTUROOT>

stderr | tests/unit/pages/schools-id-coaches.spec.ts > pages/schools/[id]/coaches.vue > Sorting > should handle null last_contact_date in sorting
[Vue warn]: Failed to resolve component: Header
If this is a native custom element, make sure to exclude it from component resolution via compilerOptions.isCustomElement.
  at <Coaches ref="VTU_COMPONENT" >
  at <VTUROOT>
[Vue warn]: Failed to resolve component: NuxtLink
If this is a native custom element, make sure to exclude it from component resolution via compilerOptions.isCustomElement.
  at <Coaches ref="VTU_COMPONENT" >
  at <VTUROOT>
[Vue warn]: Failed to resolve component: CoachForm
If this is a native custom element, make sure to exclude it from component resolution via compilerOptions.isCustomElement.
  at <Coaches ref="VTU_COMPONENT" >
  at <VTUROOT>
[Vue warn]: Failed to resolve component: CoachCard
If this is a native custom element, make sure to exclude it from component resolution via compilerOptions.isCustomElement.
  at <Coaches ref="VTU_COMPONENT" >
  at <VTUROOT>
[Vue warn]: Failed to resolve component: CommunicationPanel
If this is a native custom element, make sure to exclude it from component resolution via compilerOptions.isCustomElement.
  at <Coaches ref="VTU_COMPONENT" >
  at <VTUROOT>
[Vue warn]: Failed to resolve component: Header
If this is a native custom element, make sure to exclude it from component resolution via compilerOptions.isCustomElement.
  at <Coaches ref="VTU_COMPONENT" >
  at <VTUROOT>
[Vue warn]: Failed to resolve component: NuxtLink
If this is a native custom element, make sure to exclude it from component resolution via compilerOptions.isCustomElement.
  at <Coaches ref="VTU_COMPONENT" >
  at <VTUROOT>
[Vue warn]: Failed to resolve component: CoachForm
If this is a native custom element, make sure to exclude it from component resolution via compilerOptions.isCustomElement.
  at <Coaches ref="VTU_COMPONENT" >
  at <VTUROOT>
[Vue warn]: Failed to resolve component: CoachCard
If this is a native custom element, make sure to exclude it from component resolution via compilerOptions.isCustomElement.
  at <Coaches ref="VTU_COMPONENT" >
  at <VTUROOT>
[Vue warn]: Failed to resolve component: CommunicationPanel
If this is a native custom element, make sure to exclude it from component resolution via compilerOptions.isCustomElement.
  at <Coaches ref="VTU_COMPONENT" >
  at <VTUROOT>
[Vue warn]: Failed to resolve component: Header
If this is a native custom element, make sure to exclude it from component resolution via compilerOptions.isCustomElement.
  at <Coaches ref="VTU_COMPONENT" >
  at <VTUROOT>
[Vue warn]: Failed to resolve component: NuxtLink
If this is a native custom element, make sure to exclude it from component resolution via compilerOptions.isCustomElement.
  at <Coaches ref="VTU_COMPONENT" >
  at <VTUROOT>
[Vue warn]: Failed to resolve component: CoachForm
If this is a native custom element, make sure to exclude it from component resolution via compilerOptions.isCustomElement.
  at <Coaches ref="VTU_COMPONENT" >
  at <VTUROOT>
[Vue warn]: Failed to resolve component: CoachCard
If this is a native custom element, make sure to exclude it from component resolution via compilerOptions.isCustomElement.
  at <Coaches ref="VTU_COMPONENT" >
  at <VTUROOT>
[Vue warn]: Failed to resolve component: CommunicationPanel
If this is a native custom element, make sure to exclude it from component resolution via compilerOptions.isCustomElement.
  at <Coaches ref="VTU_COMPONENT" >
  at <VTUROOT>

stderr | tests/unit/pages/schools-id-coaches.spec.ts > pages/schools/[id]/coaches.vue > Clear Filters > should show clear filters button when filters are active
[Vue warn]: Failed to resolve component: Header
If this is a native custom element, make sure to exclude it from component resolution via compilerOptions.isCustomElement.
  at <Coaches ref="VTU_COMPONENT" >
  at <VTUROOT>
[Vue warn]: Failed to resolve component: NuxtLink
If this is a native custom element, make sure to exclude it from component resolution via compilerOptions.isCustomElement.
  at <Coaches ref="VTU_COMPONENT" >
  at <VTUROOT>
[Vue warn]: Failed to resolve component: CoachForm
If this is a native custom element, make sure to exclude it from component resolution via compilerOptions.isCustomElement.
  at <Coaches ref="VTU_COMPONENT" >
  at <VTUROOT>
[Vue warn]: Failed to resolve component: CoachCard
If this is a native custom element, make sure to exclude it from component resolution via compilerOptions.isCustomElement.
  at <Coaches ref="VTU_COMPONENT" >
  at <VTUROOT>
[Vue warn]: Failed to resolve component: CommunicationPanel
If this is a native custom element, make sure to exclude it from component resolution via compilerOptions.isCustomElement.
  at <Coaches ref="VTU_COMPONENT" >
  at <VTUROOT>
[Vue warn]: Failed to resolve component: Header
If this is a native custom element, make sure to exclude it from component resolution via compilerOptions.isCustomElement.
  at <Coaches ref="VTU_COMPONENT" >
  at <VTUROOT>
[Vue warn]: Failed to resolve component: NuxtLink
If this is a native custom element, make sure to exclude it from component resolution via compilerOptions.isCustomElement.
  at <Coaches ref="VTU_COMPONENT" >
  at <VTUROOT>
[Vue warn]: Failed to resolve component: CoachForm
If this is a native custom element, make sure to exclude it from component resolution via compilerOptions.isCustomElement.
  at <Coaches ref="VTU_COMPONENT" >
  at <VTUROOT>
[Vue warn]: Failed to resolve component: CoachCard
If this is a native custom element, make sure to exclude it from component resolution via compilerOptions.isCustomElement.
  at <Coaches ref="VTU_COMPONENT" >
  at <VTUROOT>
[Vue warn]: Failed to resolve component: CommunicationPanel
If this is a native custom element, make sure to exclude it from component resolution via compilerOptions.isCustomElement.
  at <Coaches ref="VTU_COMPONENT" >
  at <VTUROOT>
[Vue warn]: Failed to resolve component: Header
If this is a native custom element, make sure to exclude it from component resolution via compilerOptions.isCustomElement.
  at <Coaches ref="VTU_COMPONENT" >
  at <VTUROOT>
[Vue warn]: Failed to resolve component: NuxtLink
If this is a native custom element, make sure to exclude it from component resolution via compilerOptions.isCustomElement.
  at <Coaches ref="VTU_COMPONENT" >
  at <VTUROOT>
[Vue warn]: Failed to resolve component: CoachForm
If this is a native custom element, make sure to exclude it from component resolution via compilerOptions.isCustomElement.
  at <Coaches ref="VTU_COMPONENT" >
  at <VTUROOT>
[Vue warn]: Failed to resolve component: CoachCard
If this is a native custom element, make sure to exclude it from component resolution via compilerOptions.isCustomElement.
  at <Coaches ref="VTU_COMPONENT" >
  at <VTUROOT>
[Vue warn]: Failed to resolve component: CommunicationPanel
If this is a native custom element, make sure to exclude it from component resolution via compilerOptions.isCustomElement.
  at <Coaches ref="VTU_COMPONENT" >
  at <VTUROOT>

stderr | tests/unit/pages/schools-id-coaches.spec.ts > pages/schools/[id]/coaches.vue > Clear Filters > should hide clear filters button when no active filters
[Vue warn]: Failed to resolve component: Header
If this is a native custom element, make sure to exclude it from component resolution via compilerOptions.isCustomElement.
  at <Coaches ref="VTU_COMPONENT" >
  at <VTUROOT>
[Vue warn]: Failed to resolve component: NuxtLink
If this is a native custom element, make sure to exclude it from component resolution via compilerOptions.isCustomElement.
  at <Coaches ref="VTU_COMPONENT" >
  at <VTUROOT>
[Vue warn]: Failed to resolve component: CoachForm
If this is a native custom element, make sure to exclude it from component resolution via compilerOptions.isCustomElement.
  at <Coaches ref="VTU_COMPONENT" >
  at <VTUROOT>
[Vue warn]: Failed to resolve component: CoachCard
If this is a native custom element, make sure to exclude it from component resolution via compilerOptions.isCustomElement.
  at <Coaches ref="VTU_COMPONENT" >
  at <VTUROOT>
[Vue warn]: Failed to resolve component: CommunicationPanel
If this is a native custom element, make sure to exclude it from component resolution via compilerOptions.isCustomElement.
  at <Coaches ref="VTU_COMPONENT" >
  at <VTUROOT>
[Vue warn]: Failed to resolve component: Header
If this is a native custom element, make sure to exclude it from component resolution via compilerOptions.isCustomElement.
  at <Coaches ref="VTU_COMPONENT" >
  at <VTUROOT>
[Vue warn]: Failed to resolve component: NuxtLink
If this is a native custom element, make sure to exclude it from component resolution via compilerOptions.isCustomElement.
  at <Coaches ref="VTU_COMPONENT" >
  at <VTUROOT>
[Vue warn]: Failed to resolve component: CoachForm
If this is a native custom element, make sure to exclude it from component resolution via compilerOptions.isCustomElement.
  at <Coaches ref="VTU_COMPONENT" >
  at <VTUROOT>
[Vue warn]: Failed to resolve component: CoachCard
If this is a native custom element, make sure to exclude it from component resolution via compilerOptions.isCustomElement.
  at <Coaches ref="VTU_COMPONENT" >
  at <VTUROOT>
[Vue warn]: Failed to resolve component: CommunicationPanel
If this is a native custom element, make sure to exclude it from component resolution via compilerOptions.isCustomElement.
  at <Coaches ref="VTU_COMPONENT" >
  at <VTUROOT>

stderr | tests/unit/pages/schools-id-coaches.spec.ts > pages/schools/[id]/coaches.vue > Clear Filters > should reset all filters when clicked
[Vue warn]: Failed to resolve component: Header
If this is a native custom element, make sure to exclude it from component resolution via compilerOptions.isCustomElement.
  at <Coaches ref="VTU_COMPONENT" >
  at <VTUROOT>
[Vue warn]: Failed to resolve component: NuxtLink
If this is a native custom element, make sure to exclude it from component resolution via compilerOptions.isCustomElement.
  at <Coaches ref="VTU_COMPONENT" >
  at <VTUROOT>
[Vue warn]: Failed to resolve component: CoachForm
If this is a native custom element, make sure to exclude it from component resolution via compilerOptions.isCustomElement.
  at <Coaches ref="VTU_COMPONENT" >
  at <VTUROOT>
[Vue warn]: Failed to resolve component: CoachCard
If this is a native custom element, make sure to exclude it from component resolution via compilerOptions.isCustomElement.
  at <Coaches ref="VTU_COMPONENT" >
  at <VTUROOT>
[Vue warn]: Failed to resolve component: CommunicationPanel
If this is a native custom element, make sure to exclude it from component resolution via compilerOptions.isCustomElement.
  at <Coaches ref="VTU_COMPONENT" >
  at <VTUROOT>
[Vue warn]: Failed to resolve component: Header
If this is a native custom element, make sure to exclude it from component resolution via compilerOptions.isCustomElement.
  at <Coaches ref="VTU_COMPONENT" >
  at <VTUROOT>
[Vue warn]: Failed to resolve component: NuxtLink
If this is a native custom element, make sure to exclude it from component resolution via compilerOptions.isCustomElement.
  at <Coaches ref="VTU_COMPONENT" >
  at <VTUROOT>
[Vue warn]: Failed to resolve component: CoachForm
If this is a native custom element, make sure to exclude it from component resolution via compilerOptions.isCustomElement.
  at <Coaches ref="VTU_COMPONENT" >
  at <VTUROOT>
[Vue warn]: Failed to resolve component: CoachCard
If this is a native custom element, make sure to exclude it from component resolution via compilerOptions.isCustomElement.
  at <Coaches ref="VTU_COMPONENT" >
  at <VTUROOT>
[Vue warn]: Failed to resolve component: CommunicationPanel
If this is a native custom element, make sure to exclude it from component resolution via compilerOptions.isCustomElement.
  at <Coaches ref="VTU_COMPONENT" >
  at <VTUROOT>
[Vue warn]: Failed to resolve component: Header
If this is a native custom element, make sure to exclude it from component resolution via compilerOptions.isCustomElement.
  at <Coaches ref="VTU_COMPONENT" >
  at <VTUROOT>
[Vue warn]: Failed to resolve component: NuxtLink
If this is a native custom element, make sure to exclude it from component resolution via compilerOptions.isCustomElement.
  at <Coaches ref="VTU_COMPONENT" >
  at <VTUROOT>
[Vue warn]: Failed to resolve component: CoachForm
If this is a native custom element, make sure to exclude it from component resolution via compilerOptions.isCustomElement.
  at <Coaches ref="VTU_COMPONENT" >
  at <VTUROOT>
[Vue warn]: Failed to resolve component: CoachCard
If this is a native custom element, make sure to exclude it from component resolution via compilerOptions.isCustomElement.
  at <Coaches ref="VTU_COMPONENT" >
  at <VTUROOT>
[Vue warn]: Failed to resolve component: CommunicationPanel
If this is a native custom element, make sure to exclude it from component resolution via compilerOptions.isCustomElement.
  at <Coaches ref="VTU_COMPONENT" >
  at <VTUROOT>
[Vue warn]: Failed to resolve component: Header
If this is a native custom element, make sure to exclude it from component resolution via compilerOptions.isCustomElement.
  at <Coaches ref="VTU_COMPONENT" >
  at <VTUROOT>
[Vue warn]: Failed to resolve component: NuxtLink
If this is a native custom element, make sure to exclude it from component resolution via compilerOptions.isCustomElement.
  at <Coaches ref="VTU_COMPONENT" >
  at <VTUROOT>
[Vue warn]: Failed to resolve component: CoachForm
If this is a native custom element, make sure to exclude it from component resolution via compilerOptions.isCustomElement.
  at <Coaches ref="VTU_COMPONENT" >
  at <VTUROOT>
[Vue warn]: Failed to resolve component: CoachCard
If this is a native custom element, make sure to exclude it from component resolution via compilerOptions.isCustomElement.
  at <Coaches ref="VTU_COMPONENT" >
  at <VTUROOT>
[Vue warn]: Failed to resolve component: CommunicationPanel
If this is a native custom element, make sure to exclude it from component resolution via compilerOptions.isCustomElement.
  at <Coaches ref="VTU_COMPONENT" >
  at <VTUROOT>
[Vue warn]: Failed to resolve component: Header
If this is a native custom element, make sure to exclude it from component resolution via compilerOptions.isCustomElement.
  at <Coaches ref="VTU_COMPONENT" >
  at <VTUROOT>
[Vue warn]: Failed to resolve component: NuxtLink
If this is a native custom element, make sure to exclude it from component resolution via compilerOptions.isCustomElement.
  at <Coaches ref="VTU_COMPONENT" >
  at <VTUROOT>
[Vue warn]: Failed to resolve component: CoachForm
If this is a native custom element, make sure to exclude it from component resolution via compilerOptions.isCustomElement.
  at <Coaches ref="VTU_COMPONENT" >
  at <VTUROOT>
[Vue warn]: Failed to resolve component: CoachCard
If this is a native custom element, make sure to exclude it from component resolution via compilerOptions.isCustomElement.
  at <Coaches ref="VTU_COMPONENT" >
  at <VTUROOT>
[Vue warn]: Failed to resolve component: CommunicationPanel
If this is a native custom element, make sure to exclude it from component resolution via compilerOptions.isCustomElement.
  at <Coaches ref="VTU_COMPONENT" >
  at <VTUROOT>
[Vue warn]: Failed to resolve component: Header
If this is a native custom element, make sure to exclude it from component resolution via compilerOptions.isCustomElement.
  at <Coaches ref="VTU_COMPONENT" >
  at <VTUROOT>
[Vue warn]: Failed to resolve component: NuxtLink
If this is a native custom element, make sure to exclude it from component resolution via compilerOptions.isCustomElement.
  at <Coaches ref="VTU_COMPONENT" >
  at <VTUROOT>
[Vue warn]: Failed to resolve component: CoachForm
If this is a native custom element, make sure to exclude it from component resolution via compilerOptions.isCustomElement.
  at <Coaches ref="VTU_COMPONENT" >
  at <VTUROOT>
[Vue warn]: Failed to resolve component: CoachCard
If this is a native custom element, make sure to exclude it from component resolution via compilerOptions.isCustomElement.
  at <Coaches ref="VTU_COMPONENT" >
  at <VTUROOT>
[Vue warn]: Failed to resolve component: CommunicationPanel
If this is a native custom element, make sure to exclude it from component resolution via compilerOptions.isCustomElement.
  at <Coaches ref="VTU_COMPONENT" >
  at <VTUROOT>

stderr | tests/unit/pages/schools-id-coaches.spec.ts > pages/schools/[id]/coaches.vue > Results Summary > should show correct count for filtered results
[Vue warn]: Failed to resolve component: Header
If this is a native custom element, make sure to exclude it from component resolution via compilerOptions.isCustomElement.
  at <Coaches ref="VTU_COMPONENT" >
  at <VTUROOT>
[Vue warn]: Failed to resolve component: NuxtLink
If this is a native custom element, make sure to exclude it from component resolution via compilerOptions.isCustomElement.
  at <Coaches ref="VTU_COMPONENT" >
  at <VTUROOT>
[Vue warn]: Failed to resolve component: CoachForm
If this is a native custom element, make sure to exclude it from component resolution via compilerOptions.isCustomElement.
  at <Coaches ref="VTU_COMPONENT" >
  at <VTUROOT>
[Vue warn]: Failed to resolve component: CoachCard
If this is a native custom element, make sure to exclude it from component resolution via compilerOptions.isCustomElement.
  at <Coaches ref="VTU_COMPONENT" >
  at <VTUROOT>
[Vue warn]: Failed to resolve component: CommunicationPanel
If this is a native custom element, make sure to exclude it from component resolution via compilerOptions.isCustomElement.
  at <Coaches ref="VTU_COMPONENT" >
  at <VTUROOT>
[Vue warn]: Failed to resolve component: Header
If this is a native custom element, make sure to exclude it from component resolution via compilerOptions.isCustomElement.
  at <Coaches ref="VTU_COMPONENT" >
  at <VTUROOT>
[Vue warn]: Failed to resolve component: NuxtLink
If this is a native custom element, make sure to exclude it from component resolution via compilerOptions.isCustomElement.
  at <Coaches ref="VTU_COMPONENT" >
  at <VTUROOT>
[Vue warn]: Failed to resolve component: CoachForm
If this is a native custom element, make sure to exclude it from component resolution via compilerOptions.isCustomElement.
  at <Coaches ref="VTU_COMPONENT" >
  at <VTUROOT>
[Vue warn]: Failed to resolve component: CoachCard
If this is a native custom element, make sure to exclude it from component resolution via compilerOptions.isCustomElement.
  at <Coaches ref="VTU_COMPONENT" >
  at <VTUROOT>
[Vue warn]: Failed to resolve component: CommunicationPanel
If this is a native custom element, make sure to exclude it from component resolution via compilerOptions.isCustomElement.
  at <Coaches ref="VTU_COMPONENT" >
  at <VTUROOT>

stderr | tests/unit/pages/schools-id-coaches.spec.ts > pages/schools/[id]/coaches.vue > Results Summary > should show singular "coach" for single result
[Vue warn]: Failed to resolve component: Header
If this is a native custom element, make sure to exclude it from component resolution via compilerOptions.isCustomElement.
  at <Coaches ref="VTU_COMPONENT" >
  at <VTUROOT>
[Vue warn]: Failed to resolve component: NuxtLink
If this is a native custom element, make sure to exclude it from component resolution via compilerOptions.isCustomElement.
  at <Coaches ref="VTU_COMPONENT" >
  at <VTUROOT>
[Vue warn]: Failed to resolve component: CoachForm
If this is a native custom element, make sure to exclude it from component resolution via compilerOptions.isCustomElement.
  at <Coaches ref="VTU_COMPONENT" >
  at <VTUROOT>
[Vue warn]: Failed to resolve component: CoachCard
If this is a native custom element, make sure to exclude it from component resolution via compilerOptions.isCustomElement.
  at <Coaches ref="VTU_COMPONENT" >
  at <VTUROOT>
[Vue warn]: Failed to resolve component: CommunicationPanel
If this is a native custom element, make sure to exclude it from component resolution via compilerOptions.isCustomElement.
  at <Coaches ref="VTU_COMPONENT" >
  at <VTUROOT>
[Vue warn]: Failed to resolve component: Header
If this is a native custom element, make sure to exclude it from component resolution via compilerOptions.isCustomElement.
  at <Coaches ref="VTU_COMPONENT" >
  at <VTUROOT>
[Vue warn]: Failed to resolve component: NuxtLink
If this is a native custom element, make sure to exclude it from component resolution via compilerOptions.isCustomElement.
  at <Coaches ref="VTU_COMPONENT" >
  at <VTUROOT>
[Vue warn]: Failed to resolve component: CoachForm
If this is a native custom element, make sure to exclude it from component resolution via compilerOptions.isCustomElement.
  at <Coaches ref="VTU_COMPONENT" >
  at <VTUROOT>
[Vue warn]: Failed to resolve component: CoachCard
If this is a native custom element, make sure to exclude it from component resolution via compilerOptions.isCustomElement.
  at <Coaches ref="VTU_COMPONENT" >
  at <VTUROOT>
[Vue warn]: Failed to resolve component: CommunicationPanel
If this is a native custom element, make sure to exclude it from component resolution via compilerOptions.isCustomElement.
  at <Coaches ref="VTU_COMPONENT" >
  at <VTUROOT>

stderr | tests/unit/pages/schools-id-coaches.spec.ts > pages/schools/[id]/coaches.vue > Add Coach Form > should show form when Add Coach button is clicked
[Vue warn]: Failed to resolve component: Header
If this is a native custom element, make sure to exclude it from component resolution via compilerOptions.isCustomElement.
  at <Coaches ref="VTU_COMPONENT" >
  at <VTUROOT>
[Vue warn]: Failed to resolve component: NuxtLink
If this is a native custom element, make sure to exclude it from component resolution via compilerOptions.isCustomElement.
  at <Coaches ref="VTU_COMPONENT" >
  at <VTUROOT>
[Vue warn]: Failed to resolve component: CoachForm
If this is a native custom element, make sure to exclude it from component resolution via compilerOptions.isCustomElement.
  at <Coaches ref="VTU_COMPONENT" >
  at <VTUROOT>
[Vue warn]: Failed to resolve component: CoachCard
If this is a native custom element, make sure to exclude it from component resolution via compilerOptions.isCustomElement.
  at <Coaches ref="VTU_COMPONENT" >
  at <VTUROOT>
[Vue warn]: Failed to resolve component: CommunicationPanel
If this is a native custom element, make sure to exclude it from component resolution via compilerOptions.isCustomElement.
  at <Coaches ref="VTU_COMPONENT" >
  at <VTUROOT>
[Vue warn]: Failed to resolve component: Header
If this is a native custom element, make sure to exclude it from component resolution via compilerOptions.isCustomElement.
  at <Coaches ref="VTU_COMPONENT" >
  at <VTUROOT>
[Vue warn]: Failed to resolve component: NuxtLink
If this is a native custom element, make sure to exclude it from component resolution via compilerOptions.isCustomElement.
  at <Coaches ref="VTU_COMPONENT" >
  at <VTUROOT>
[Vue warn]: Failed to resolve component: CoachForm
If this is a native custom element, make sure to exclude it from component resolution via compilerOptions.isCustomElement.
  at <Coaches ref="VTU_COMPONENT" >
  at <VTUROOT>
[Vue warn]: Failed to resolve component: CoachCard
If this is a native custom element, make sure to exclude it from component resolution via compilerOptions.isCustomElement.
  at <Coaches ref="VTU_COMPONENT" >
  at <VTUROOT>
[Vue warn]: Failed to resolve component: CommunicationPanel
If this is a native custom element, make sure to exclude it from component resolution via compilerOptions.isCustomElement.
  at <Coaches ref="VTU_COMPONENT" >
  at <VTUROOT>
[Vue warn]: Failed to resolve component: Header
If this is a native custom element, make sure to exclude it from component resolution via compilerOptions.isCustomElement.
  at <Coaches ref="VTU_COMPONENT" >
  at <VTUROOT>
[Vue warn]: Failed to resolve component: NuxtLink
If this is a native custom element, make sure to exclude it from component resolution via compilerOptions.isCustomElement.
  at <Coaches ref="VTU_COMPONENT" >
  at <VTUROOT>
[Vue warn]: Failed to resolve component: CoachForm
If this is a native custom element, make sure to exclude it from component resolution via compilerOptions.isCustomElement.
  at <Coaches ref="VTU_COMPONENT" >
  at <VTUROOT>
[Vue warn]: Failed to resolve component: CoachCard
If this is a native custom element, make sure to exclude it from component resolution via compilerOptions.isCustomElement.
  at <Coaches ref="VTU_COMPONENT" >
  at <VTUROOT>
[Vue warn]: Failed to resolve component: CommunicationPanel
If this is a native custom element, make sure to exclude it from component resolution via compilerOptions.isCustomElement.
  at <Coaches ref="VTU_COMPONENT" >
  at <VTUROOT>

stderr | tests/unit/pages/schools-id-coaches.spec.ts > pages/schools/[id]/coaches.vue > Add Coach Form > should hide form when Cancel is clicked
[Vue warn]: Failed to resolve component: Header
If this is a native custom element, make sure to exclude it from component resolution via compilerOptions.isCustomElement.
  at <Coaches ref="VTU_COMPONENT" >
  at <VTUROOT>
[Vue warn]: Failed to resolve component: NuxtLink
If this is a native custom element, make sure to exclude it from component resolution via compilerOptions.isCustomElement.
  at <Coaches ref="VTU_COMPONENT" >
  at <VTUROOT>
[Vue warn]: Failed to resolve component: CoachForm
If this is a native custom element, make sure to exclude it from component resolution via compilerOptions.isCustomElement.
  at <Coaches ref="VTU_COMPONENT" >
  at <VTUROOT>
[Vue warn]: Failed to resolve component: CoachCard
If this is a native custom element, make sure to exclude it from component resolution via compilerOptions.isCustomElement.
  at <Coaches ref="VTU_COMPONENT" >
  at <VTUROOT>
[Vue warn]: Failed to resolve component: CommunicationPanel
If this is a native custom element, make sure to exclude it from component resolution via compilerOptions.isCustomElement.
  at <Coaches ref="VTU_COMPONENT" >
  at <VTUROOT>
[Vue warn]: Failed to resolve component: Header
If this is a native custom element, make sure to exclude it from component resolution via compilerOptions.isCustomElement.
  at <Coaches ref="VTU_COMPONENT" >
  at <VTUROOT>
[Vue warn]: Failed to resolve component: NuxtLink
If this is a native custom element, make sure to exclude it from component resolution via compilerOptions.isCustomElement.
  at <Coaches ref="VTU_COMPONENT" >
  at <VTUROOT>
[Vue warn]: Failed to resolve component: CoachForm
If this is a native custom element, make sure to exclude it from component resolution via compilerOptions.isCustomElement.
  at <Coaches ref="VTU_COMPONENT" >
  at <VTUROOT>
[Vue warn]: Failed to resolve component: CoachCard
If this is a native custom element, make sure to exclude it from component resolution via compilerOptions.isCustomElement.
  at <Coaches ref="VTU_COMPONENT" >
  at <VTUROOT>
[Vue warn]: Failed to resolve component: CommunicationPanel
If this is a native custom element, make sure to exclude it from component resolution via compilerOptions.isCustomElement.
  at <Coaches ref="VTU_COMPONENT" >
  at <VTUROOT>
[Vue warn]: Failed to resolve component: Header
If this is a native custom element, make sure to exclude it from component resolution via compilerOptions.isCustomElement.
  at <Coaches ref="VTU_COMPONENT" >
  at <VTUROOT>
[Vue warn]: Failed to resolve component: NuxtLink
If this is a native custom element, make sure to exclude it from component resolution via compilerOptions.isCustomElement.
  at <Coaches ref="VTU_COMPONENT" >
  at <VTUROOT>
[Vue warn]: Failed to resolve component: CoachForm
If this is a native custom element, make sure to exclude it from component resolution via compilerOptions.isCustomElement.
  at <Coaches ref="VTU_COMPONENT" >
  at <VTUROOT>
[Vue warn]: Failed to resolve component: CoachCard
If this is a native custom element, make sure to exclude it from component resolution via compilerOptions.isCustomElement.
  at <Coaches ref="VTU_COMPONENT" >
  at <VTUROOT>
[Vue warn]: Failed to resolve component: CommunicationPanel
If this is a native custom element, make sure to exclude it from component resolution via compilerOptions.isCustomElement.
  at <Coaches ref="VTU_COMPONENT" >
  at <VTUROOT>
[Vue warn]: Failed to resolve component: Header
If this is a native custom element, make sure to exclude it from component resolution via compilerOptions.isCustomElement.
  at <Coaches ref="VTU_COMPONENT" >
  at <VTUROOT>
[Vue warn]: Failed to resolve component: NuxtLink
If this is a native custom element, make sure to exclude it from component resolution via compilerOptions.isCustomElement.
  at <Coaches ref="VTU_COMPONENT" >
  at <VTUROOT>
[Vue warn]: Failed to resolve component: CoachForm
If this is a native custom element, make sure to exclude it from component resolution via compilerOptions.isCustomElement.
  at <Coaches ref="VTU_COMPONENT" >
  at <VTUROOT>
[Vue warn]: Failed to resolve component: CoachCard
If this is a native custom element, make sure to exclude it from component resolution via compilerOptions.isCustomElement.
  at <Coaches ref="VTU_COMPONENT" >
  at <VTUROOT>
[Vue warn]: Failed to resolve component: CommunicationPanel
If this is a native custom element, make sure to exclude it from component resolution via compilerOptions.isCustomElement.
  at <Coaches ref="VTU_COMPONENT" >
  at <VTUROOT>

stderr | tests/unit/pages/schools-id-coaches.spec.ts > pages/schools/[id]/coaches.vue > Add Coach Form > should create coach when form is submitted
[Vue warn]: Failed to resolve component: Header
If this is a native custom element, make sure to exclude it from component resolution via compilerOptions.isCustomElement.
  at <Coaches ref="VTU_COMPONENT" >
  at <VTUROOT>
[Vue warn]: Failed to resolve component: NuxtLink
If this is a native custom element, make sure to exclude it from component resolution via compilerOptions.isCustomElement.
  at <Coaches ref="VTU_COMPONENT" >
  at <VTUROOT>
[Vue warn]: Failed to resolve component: CoachForm
If this is a native custom element, make sure to exclude it from component resolution via compilerOptions.isCustomElement.
  at <Coaches ref="VTU_COMPONENT" >
  at <VTUROOT>
[Vue warn]: Failed to resolve component: CoachCard
If this is a native custom element, make sure to exclude it from component resolution via compilerOptions.isCustomElement.
  at <Coaches ref="VTU_COMPONENT" >
  at <VTUROOT>
[Vue warn]: Failed to resolve component: CommunicationPanel
If this is a native custom element, make sure to exclude it from component resolution via compilerOptions.isCustomElement.
  at <Coaches ref="VTU_COMPONENT" >
  at <VTUROOT>
[Vue warn]: Failed to resolve component: Header
If this is a native custom element, make sure to exclude it from component resolution via compilerOptions.isCustomElement.
  at <Coaches ref="VTU_COMPONENT" >
  at <VTUROOT>
[Vue warn]: Failed to resolve component: NuxtLink
If this is a native custom element, make sure to exclude it from component resolution via compilerOptions.isCustomElement.
  at <Coaches ref="VTU_COMPONENT" >
  at <VTUROOT>
[Vue warn]: Failed to resolve component: CoachForm
If this is a native custom element, make sure to exclude it from component resolution via compilerOptions.isCustomElement.
  at <Coaches ref="VTU_COMPONENT" >
  at <VTUROOT>
[Vue warn]: Failed to resolve component: CoachCard
If this is a native custom element, make sure to exclude it from component resolution via compilerOptions.isCustomElement.
  at <Coaches ref="VTU_COMPONENT" >
  at <VTUROOT>
[Vue warn]: Failed to resolve component: CommunicationPanel
If this is a native custom element, make sure to exclude it from component resolution via compilerOptions.isCustomElement.
  at <Coaches ref="VTU_COMPONENT" >
  at <VTUROOT>
[Vue warn]: Failed to resolve component: Header
If this is a native custom element, make sure to exclude it from component resolution via compilerOptions.isCustomElement.
  at <Coaches ref="VTU_COMPONENT" >
  at <VTUROOT>
[Vue warn]: Failed to resolve component: NuxtLink
If this is a native custom element, make sure to exclude it from component resolution via compilerOptions.isCustomElement.
  at <Coaches ref="VTU_COMPONENT" >
  at <VTUROOT>
[Vue warn]: Failed to resolve component: CoachForm
If this is a native custom element, make sure to exclude it from component resolution via compilerOptions.isCustomElement.
  at <Coaches ref="VTU_COMPONENT" >
  at <VTUROOT>
[Vue warn]: Failed to resolve component: CoachCard
If this is a native custom element, make sure to exclude it from component resolution via compilerOptions.isCustomElement.
  at <Coaches ref="VTU_COMPONENT" >
  at <VTUROOT>
[Vue warn]: Failed to resolve component: CommunicationPanel
If this is a native custom element, make sure to exclude it from component resolution via compilerOptions.isCustomElement.
  at <Coaches ref="VTU_COMPONENT" >
  at <VTUROOT>

stderr | tests/unit/pages/schools-id-coaches.spec.ts > pages/schools/[id]/coaches.vue > Add Coach Form > should refresh coaches list after creating coach
[Vue warn]: Failed to resolve component: Header
If this is a native custom element, make sure to exclude it from component resolution via compilerOptions.isCustomElement.
  at <Coaches ref="VTU_COMPONENT" >
  at <VTUROOT>
[Vue warn]: Failed to resolve component: NuxtLink
If this is a native custom element, make sure to exclude it from component resolution via compilerOptions.isCustomElement.
  at <Coaches ref="VTU_COMPONENT" >
  at <VTUROOT>
[Vue warn]: Failed to resolve component: CoachForm
If this is a native custom element, make sure to exclude it from component resolution via compilerOptions.isCustomElement.
  at <Coaches ref="VTU_COMPONENT" >
  at <VTUROOT>
[Vue warn]: Failed to resolve component: CoachCard
If this is a native custom element, make sure to exclude it from component resolution via compilerOptions.isCustomElement.
  at <Coaches ref="VTU_COMPONENT" >
  at <VTUROOT>
[Vue warn]: Failed to resolve component: CommunicationPanel
If this is a native custom element, make sure to exclude it from component resolution via compilerOptions.isCustomElement.
  at <Coaches ref="VTU_COMPONENT" >
  at <VTUROOT>
[Vue warn]: Failed to resolve component: Header
If this is a native custom element, make sure to exclude it from component resolution via compilerOptions.isCustomElement.
  at <Coaches ref="VTU_COMPONENT" >
  at <VTUROOT>
[Vue warn]: Failed to resolve component: NuxtLink
If this is a native custom element, make sure to exclude it from component resolution via compilerOptions.isCustomElement.
  at <Coaches ref="VTU_COMPONENT" >
  at <VTUROOT>
[Vue warn]: Failed to resolve component: CoachForm
If this is a native custom element, make sure to exclude it from component resolution via compilerOptions.isCustomElement.
  at <Coaches ref="VTU_COMPONENT" >
  at <VTUROOT>
[Vue warn]: Failed to resolve component: CoachCard
If this is a native custom element, make sure to exclude it from component resolution via compilerOptions.isCustomElement.
  at <Coaches ref="VTU_COMPONENT" >
  at <VTUROOT>
[Vue warn]: Failed to resolve component: CommunicationPanel
If this is a native custom element, make sure to exclude it from component resolution via compilerOptions.isCustomElement.
  at <Coaches ref="VTU_COMPONENT" >
  at <VTUROOT>
[Vue warn]: Failed to resolve component: Header
If this is a native custom element, make sure to exclude it from component resolution via compilerOptions.isCustomElement.
  at <Coaches ref="VTU_COMPONENT" >
  at <VTUROOT>
[Vue warn]: Failed to resolve component: NuxtLink
If this is a native custom element, make sure to exclude it from component resolution via compilerOptions.isCustomElement.
  at <Coaches ref="VTU_COMPONENT" >
  at <VTUROOT>
[Vue warn]: Failed to resolve component: CoachForm
If this is a native custom element, make sure to exclude it from component resolution via compilerOptions.isCustomElement.
  at <Coaches ref="VTU_COMPONENT" >
  at <VTUROOT>
[Vue warn]: Failed to resolve component: CoachCard
If this is a native custom element, make sure to exclude it from component resolution via compilerOptions.isCustomElement.
  at <Coaches ref="VTU_COMPONENT" >
  at <VTUROOT>
[Vue warn]: Failed to resolve component: CommunicationPanel
If this is a native custom element, make sure to exclude it from component resolution via compilerOptions.isCustomElement.
  at <Coaches ref="VTU_COMPONENT" >
  at <VTUROOT>

stderr | tests/unit/pages/schools-id-coaches.spec.ts > pages/schools/[id]/coaches.vue > Add Coach Form > should disable submit button when required fields are empty
[Vue warn]: Failed to resolve component: Header
If this is a native custom element, make sure to exclude it from component resolution via compilerOptions.isCustomElement.
  at <Coaches ref="VTU_COMPONENT" >
  at <VTUROOT>
[Vue warn]: Failed to resolve component: NuxtLink
If this is a native custom element, make sure to exclude it from component resolution via compilerOptions.isCustomElement.
  at <Coaches ref="VTU_COMPONENT" >
  at <VTUROOT>
[Vue warn]: Failed to resolve component: CoachForm
If this is a native custom element, make sure to exclude it from component resolution via compilerOptions.isCustomElement.
  at <Coaches ref="VTU_COMPONENT" >
  at <VTUROOT>
[Vue warn]: Failed to resolve component: CoachCard
If this is a native custom element, make sure to exclude it from component resolution via compilerOptions.isCustomElement.
  at <Coaches ref="VTU_COMPONENT" >
  at <VTUROOT>
[Vue warn]: Failed to resolve component: CommunicationPanel
If this is a native custom element, make sure to exclude it from component resolution via compilerOptions.isCustomElement.
  at <Coaches ref="VTU_COMPONENT" >
  at <VTUROOT>
[Vue warn]: Failed to resolve component: Header
If this is a native custom element, make sure to exclude it from component resolution via compilerOptions.isCustomElement.
  at <Coaches ref="VTU_COMPONENT" >
  at <VTUROOT>
[Vue warn]: Failed to resolve component: NuxtLink
If this is a native custom element, make sure to exclude it from component resolution via compilerOptions.isCustomElement.
  at <Coaches ref="VTU_COMPONENT" >
  at <VTUROOT>
[Vue warn]: Failed to resolve component: CoachForm
If this is a native custom element, make sure to exclude it from component resolution via compilerOptions.isCustomElement.
  at <Coaches ref="VTU_COMPONENT" >
  at <VTUROOT>
[Vue warn]: Failed to resolve component: CoachCard
If this is a native custom element, make sure to exclude it from component resolution via compilerOptions.isCustomElement.
  at <Coaches ref="VTU_COMPONENT" >
  at <VTUROOT>
[Vue warn]: Failed to resolve component: CommunicationPanel
If this is a native custom element, make sure to exclude it from component resolution via compilerOptions.isCustomElement.
  at <Coaches ref="VTU_COMPONENT" >
  at <VTUROOT>
[Vue warn]: Failed to resolve component: Header
If this is a native custom element, make sure to exclude it from component resolution via compilerOptions.isCustomElement.
  at <Coaches ref="VTU_COMPONENT" >
  at <VTUROOT>
[Vue warn]: Failed to resolve component: NuxtLink
If this is a native custom element, make sure to exclude it from component resolution via compilerOptions.isCustomElement.
  at <Coaches ref="VTU_COMPONENT" >
  at <VTUROOT>
[Vue warn]: Failed to resolve component: CoachForm
If this is a native custom element, make sure to exclude it from component resolution via compilerOptions.isCustomElement.
  at <Coaches ref="VTU_COMPONENT" >
  at <VTUROOT>
[Vue warn]: Failed to resolve component: CoachCard
If this is a native custom element, make sure to exclude it from component resolution via compilerOptions.isCustomElement.
  at <Coaches ref="VTU_COMPONENT" >
  at <VTUROOT>
[Vue warn]: Failed to resolve component: CommunicationPanel
If this is a native custom element, make sure to exclude it from component resolution via compilerOptions.isCustomElement.
  at <Coaches ref="VTU_COMPONENT" >
  at <VTUROOT>

stderr | tests/unit/pages/schools-id-coaches.spec.ts > pages/schools/[id]/coaches.vue > Add Coach Form > should enable submit button when required fields are filled
[Vue warn]: Failed to resolve component: Header
If this is a native custom element, make sure to exclude it from component resolution via compilerOptions.isCustomElement.
  at <Coaches ref="VTU_COMPONENT" >
  at <VTUROOT>
[Vue warn]: Failed to resolve component: NuxtLink
If this is a native custom element, make sure to exclude it from component resolution via compilerOptions.isCustomElement.
  at <Coaches ref="VTU_COMPONENT" >
  at <VTUROOT>
[Vue warn]: Failed to resolve component: CoachForm
If this is a native custom element, make sure to exclude it from component resolution via compilerOptions.isCustomElement.
  at <Coaches ref="VTU_COMPONENT" >
  at <VTUROOT>
[Vue warn]: Failed to resolve component: CoachCard
If this is a native custom element, make sure to exclude it from component resolution via compilerOptions.isCustomElement.
  at <Coaches ref="VTU_COMPONENT" >
  at <VTUROOT>
[Vue warn]: Failed to resolve component: CommunicationPanel
If this is a native custom element, make sure to exclude it from component resolution via compilerOptions.isCustomElement.
  at <Coaches ref="VTU_COMPONENT" >
  at <VTUROOT>
[Vue warn]: Failed to resolve component: Header
If this is a native custom element, make sure to exclude it from component resolution via compilerOptions.isCustomElement.
  at <Coaches ref="VTU_COMPONENT" >
  at <VTUROOT>
[Vue warn]: Failed to resolve component: NuxtLink
If this is a native custom element, make sure to exclude it from component resolution via compilerOptions.isCustomElement.
  at <Coaches ref="VTU_COMPONENT" >
  at <VTUROOT>
[Vue warn]: Failed to resolve component: CoachForm
If this is a native custom element, make sure to exclude it from component resolution via compilerOptions.isCustomElement.
  at <Coaches ref="VTU_COMPONENT" >
  at <VTUROOT>
[Vue warn]: Failed to resolve component: CoachCard
If this is a native custom element, make sure to exclude it from component resolution via compilerOptions.isCustomElement.
  at <Coaches ref="VTU_COMPONENT" >
  at <VTUROOT>
[Vue warn]: Failed to resolve component: CommunicationPanel
If this is a native custom element, make sure to exclude it from component resolution via compilerOptions.isCustomElement.
  at <Coaches ref="VTU_COMPONENT" >
  at <VTUROOT>
[Vue warn]: Failed to resolve component: Header
If this is a native custom element, make sure to exclude it from component resolution via compilerOptions.isCustomElement.
  at <Coaches ref="VTU_COMPONENT" >
  at <VTUROOT>
[Vue warn]: Failed to resolve component: NuxtLink
If this is a native custom element, make sure to exclude it from component resolution via compilerOptions.isCustomElement.
  at <Coaches ref="VTU_COMPONENT" >
  at <VTUROOT>
[Vue warn]: Failed to resolve component: CoachForm
If this is a native custom element, make sure to exclude it from component resolution via compilerOptions.isCustomElement.
  at <Coaches ref="VTU_COMPONENT" >
  at <VTUROOT>
[Vue warn]: Failed to resolve component: CoachCard
If this is a native custom element, make sure to exclude it from component resolution via compilerOptions.isCustomElement.
  at <Coaches ref="VTU_COMPONENT" >
  at <VTUROOT>
[Vue warn]: Failed to resolve component: CommunicationPanel
If this is a native custom element, make sure to exclude it from component resolution via compilerOptions.isCustomElement.
  at <Coaches ref="VTU_COMPONENT" >
  at <VTUROOT>

stderr | tests/unit/pages/schools-id-coaches.spec.ts > pages/schools/[id]/coaches.vue > Add Coach Form > should handle creation error
[Vue warn]: Failed to resolve component: Header
If this is a native custom element, make sure to exclude it from component resolution via compilerOptions.isCustomElement.
  at <Coaches ref="VTU_COMPONENT" >
  at <VTUROOT>
[Vue warn]: Failed to resolve component: NuxtLink
If this is a native custom element, make sure to exclude it from component resolution via compilerOptions.isCustomElement.
  at <Coaches ref="VTU_COMPONENT" >
  at <VTUROOT>
[Vue warn]: Failed to resolve component: CoachForm
If this is a native custom element, make sure to exclude it from component resolution via compilerOptions.isCustomElement.
  at <Coaches ref="VTU_COMPONENT" >
  at <VTUROOT>
[Vue warn]: Failed to resolve component: CoachCard
If this is a native custom element, make sure to exclude it from component resolution via compilerOptions.isCustomElement.
  at <Coaches ref="VTU_COMPONENT" >
  at <VTUROOT>
[Vue warn]: Failed to resolve component: CommunicationPanel
If this is a native custom element, make sure to exclude it from component resolution via compilerOptions.isCustomElement.
  at <Coaches ref="VTU_COMPONENT" >
  at <VTUROOT>
[Vue warn]: Failed to resolve component: Header
If this is a native custom element, make sure to exclude it from component resolution via compilerOptions.isCustomElement.
  at <Coaches ref="VTU_COMPONENT" >
  at <VTUROOT>
[Vue warn]: Failed to resolve component: NuxtLink
If this is a native custom element, make sure to exclude it from component resolution via compilerOptions.isCustomElement.
  at <Coaches ref="VTU_COMPONENT" >
  at <VTUROOT>
[Vue warn]: Failed to resolve component: CoachForm
If this is a native custom element, make sure to exclude it from component resolution via compilerOptions.isCustomElement.
  at <Coaches ref="VTU_COMPONENT" >
  at <VTUROOT>
[Vue warn]: Failed to resolve component: CoachCard
If this is a native custom element, make sure to exclude it from component resolution via compilerOptions.isCustomElement.
  at <Coaches ref="VTU_COMPONENT" >
  at <VTUROOT>
[Vue warn]: Failed to resolve component: CommunicationPanel
If this is a native custom element, make sure to exclude it from component resolution via compilerOptions.isCustomElement.
  at <Coaches ref="VTU_COMPONENT" >
  at <VTUROOT>
[Vue warn]: Failed to resolve component: Header
If this is a native custom element, make sure to exclude it from component resolution via compilerOptions.isCustomElement.
  at <Coaches ref="VTU_COMPONENT" >
  at <VTUROOT>
[Vue warn]: Failed to resolve component: NuxtLink
If this is a native custom element, make sure to exclude it from component resolution via compilerOptions.isCustomElement.
  at <Coaches ref="VTU_COMPONENT" >
  at <VTUROOT>
[Vue warn]: Failed to resolve component: CoachForm
If this is a native custom element, make sure to exclude it from component resolution via compilerOptions.isCustomElement.
  at <Coaches ref="VTU_COMPONENT" >
  at <VTUROOT>
[Vue warn]: Failed to resolve component: CoachCard
If this is a native custom element, make sure to exclude it from component resolution via compilerOptions.isCustomElement.
  at <Coaches ref="VTU_COMPONENT" >
  at <VTUROOT>
[Vue warn]: Failed to resolve component: CommunicationPanel
If this is a native custom element, make sure to exclude it from component resolution via compilerOptions.isCustomElement.
  at <Coaches ref="VTU_COMPONENT" >
  at <VTUROOT>

stderr | tests/unit/pages/schools-id-coaches.spec.ts > pages/schools/[id]/coaches.vue > Delete Coach > should show delete button on each coach card
[Vue warn]: Failed to resolve component: Header
If this is a native custom element, make sure to exclude it from component resolution via compilerOptions.isCustomElement.
  at <Coaches ref="VTU_COMPONENT" >
  at <VTUROOT>
[Vue warn]: Failed to resolve component: NuxtLink
If this is a native custom element, make sure to exclude it from component resolution via compilerOptions.isCustomElement.
  at <Coaches ref="VTU_COMPONENT" >
  at <VTUROOT>
[Vue warn]: Failed to resolve component: CoachForm
If this is a native custom element, make sure to exclude it from component resolution via compilerOptions.isCustomElement.
  at <Coaches ref="VTU_COMPONENT" >
  at <VTUROOT>
[Vue warn]: Failed to resolve component: CoachCard
If this is a native custom element, make sure to exclude it from component resolution via compilerOptions.isCustomElement.
  at <Coaches ref="VTU_COMPONENT" >
  at <VTUROOT>
[Vue warn]: Failed to resolve component: CommunicationPanel
If this is a native custom element, make sure to exclude it from component resolution via compilerOptions.isCustomElement.
  at <Coaches ref="VTU_COMPONENT" >
  at <VTUROOT>
[Vue warn]: Failed to resolve component: Header
If this is a native custom element, make sure to exclude it from component resolution via compilerOptions.isCustomElement.
  at <Coaches ref="VTU_COMPONENT" >
  at <VTUROOT>
[Vue warn]: Failed to resolve component: NuxtLink
If this is a native custom element, make sure to exclude it from component resolution via compilerOptions.isCustomElement.
  at <Coaches ref="VTU_COMPONENT" >
  at <VTUROOT>
[Vue warn]: Failed to resolve component: CoachForm
If this is a native custom element, make sure to exclude it from component resolution via compilerOptions.isCustomElement.
  at <Coaches ref="VTU_COMPONENT" >
  at <VTUROOT>
[Vue warn]: Failed to resolve component: CoachCard
If this is a native custom element, make sure to exclude it from component resolution via compilerOptions.isCustomElement.
  at <Coaches ref="VTU_COMPONENT" >
  at <VTUROOT>
[Vue warn]: Failed to resolve component: CommunicationPanel
If this is a native custom element, make sure to exclude it from component resolution via compilerOptions.isCustomElement.
  at <Coaches ref="VTU_COMPONENT" >
  at <VTUROOT>

stderr | tests/unit/pages/schools-id-coaches.spec.ts > pages/schools/[id]/coaches.vue > Delete Coach > should confirm before deleting
[Vue warn]: Failed to resolve component: Header
If this is a native custom element, make sure to exclude it from component resolution via compilerOptions.isCustomElement.
  at <Coaches ref="VTU_COMPONENT" >
  at <VTUROOT>
[Vue warn]: Failed to resolve component: NuxtLink
If this is a native custom element, make sure to exclude it from component resolution via compilerOptions.isCustomElement.
  at <Coaches ref="VTU_COMPONENT" >
  at <VTUROOT>
[Vue warn]: Failed to resolve component: CoachForm
If this is a native custom element, make sure to exclude it from component resolution via compilerOptions.isCustomElement.
  at <Coaches ref="VTU_COMPONENT" >
  at <VTUROOT>
[Vue warn]: Failed to resolve component: CoachCard
If this is a native custom element, make sure to exclude it from component resolution via compilerOptions.isCustomElement.
  at <Coaches ref="VTU_COMPONENT" >
  at <VTUROOT>
[Vue warn]: Failed to resolve component: CommunicationPanel
If this is a native custom element, make sure to exclude it from component resolution via compilerOptions.isCustomElement.
  at <Coaches ref="VTU_COMPONENT" >
  at <VTUROOT>
[Vue warn]: Unhandled error during execution of native event handler
  at <Coaches ref="VTU_COMPONENT" >
  at <VTUROOT>
[Vue warn]: Failed to resolve component: Header
If this is a native custom element, make sure to exclude it from component resolution via compilerOptions.isCustomElement.
  at <Coaches ref="VTU_COMPONENT" >
  at <VTUROOT>
[Vue warn]: Failed to resolve component: NuxtLink
If this is a native custom element, make sure to exclude it from component resolution via compilerOptions.isCustomElement.
  at <Coaches ref="VTU_COMPONENT" >
  at <VTUROOT>
[Vue warn]: Failed to resolve component: CoachForm
If this is a native custom element, make sure to exclude it from component resolution via compilerOptions.isCustomElement.
  at <Coaches ref="VTU_COMPONENT" >
  at <VTUROOT>
[Vue warn]: Failed to resolve component: CoachCard
If this is a native custom element, make sure to exclude it from component resolution via compilerOptions.isCustomElement.
  at <Coaches ref="VTU_COMPONENT" >
  at <VTUROOT>
[Vue warn]: Failed to resolve component: CommunicationPanel
If this is a native custom element, make sure to exclude it from component resolution via compilerOptions.isCustomElement.
  at <Coaches ref="VTU_COMPONENT" >
  at <VTUROOT>

stderr | tests/unit/pages/schools-id-coaches.spec.ts > pages/schools/[id]/coaches.vue > Delete Coach > should delete coach when confirmed
[Vue warn]: Failed to resolve component: Header
If this is a native custom element, make sure to exclude it from component resolution via compilerOptions.isCustomElement.
  at <Coaches ref="VTU_COMPONENT" >
  at <VTUROOT>
[Vue warn]: Failed to resolve component: NuxtLink
If this is a native custom element, make sure to exclude it from component resolution via compilerOptions.isCustomElement.
  at <Coaches ref="VTU_COMPONENT" >
  at <VTUROOT>
[Vue warn]: Failed to resolve component: CoachForm
If this is a native custom element, make sure to exclude it from component resolution via compilerOptions.isCustomElement.
  at <Coaches ref="VTU_COMPONENT" >
  at <VTUROOT>
[Vue warn]: Failed to resolve component: CoachCard
If this is a native custom element, make sure to exclude it from component resolution via compilerOptions.isCustomElement.
  at <Coaches ref="VTU_COMPONENT" >
  at <VTUROOT>
[Vue warn]: Failed to resolve component: CommunicationPanel
If this is a native custom element, make sure to exclude it from component resolution via compilerOptions.isCustomElement.
  at <Coaches ref="VTU_COMPONENT" >
  at <VTUROOT>
[Vue warn]: Unhandled error during execution of native event handler
  at <Coaches ref="VTU_COMPONENT" >
  at <VTUROOT>
[Vue warn]: Failed to resolve component: Header
If this is a native custom element, make sure to exclude it from component resolution via compilerOptions.isCustomElement.
  at <Coaches ref="VTU_COMPONENT" >
  at <VTUROOT>
[Vue warn]: Failed to resolve component: NuxtLink
If this is a native custom element, make sure to exclude it from component resolution via compilerOptions.isCustomElement.
  at <Coaches ref="VTU_COMPONENT" >
  at <VTUROOT>
[Vue warn]: Failed to resolve component: CoachForm
If this is a native custom element, make sure to exclude it from component resolution via compilerOptions.isCustomElement.
  at <Coaches ref="VTU_COMPONENT" >
  at <VTUROOT>
[Vue warn]: Failed to resolve component: CoachCard
If this is a native custom element, make sure to exclude it from component resolution via compilerOptions.isCustomElement.
  at <Coaches ref="VTU_COMPONENT" >
  at <VTUROOT>
[Vue warn]: Failed to resolve component: CommunicationPanel
If this is a native custom element, make sure to exclude it from component resolution via compilerOptions.isCustomElement.
  at <Coaches ref="VTU_COMPONENT" >
  at <VTUROOT>

stderr | tests/unit/pages/schools-id-coaches.spec.ts > pages/schools/[id]/coaches.vue > Delete Coach > should not delete coach when cancelled
[Vue warn]: Failed to resolve component: Header
If this is a native custom element, make sure to exclude it from component resolution via compilerOptions.isCustomElement.
  at <Coaches ref="VTU_COMPONENT" >
  at <VTUROOT>
[Vue warn]: Failed to resolve component: NuxtLink
If this is a native custom element, make sure to exclude it from component resolution via compilerOptions.isCustomElement.
  at <Coaches ref="VTU_COMPONENT" >
  at <VTUROOT>
[Vue warn]: Failed to resolve component: CoachForm
If this is a native custom element, make sure to exclude it from component resolution via compilerOptions.isCustomElement.
  at <Coaches ref="VTU_COMPONENT" >
  at <VTUROOT>
[Vue warn]: Failed to resolve component: CoachCard
If this is a native custom element, make sure to exclude it from component resolution via compilerOptions.isCustomElement.
  at <Coaches ref="VTU_COMPONENT" >
  at <VTUROOT>
[Vue warn]: Failed to resolve component: CommunicationPanel
If this is a native custom element, make sure to exclude it from component resolution via compilerOptions.isCustomElement.
  at <Coaches ref="VTU_COMPONENT" >
  at <VTUROOT>
[Vue warn]: Unhandled error during execution of native event handler
  at <Coaches ref="VTU_COMPONENT" >
  at <VTUROOT>
[Vue warn]: Failed to resolve component: Header
If this is a native custom element, make sure to exclude it from component resolution via compilerOptions.isCustomElement.
  at <Coaches ref="VTU_COMPONENT" >
  at <VTUROOT>
[Vue warn]: Failed to resolve component: NuxtLink
If this is a native custom element, make sure to exclude it from component resolution via compilerOptions.isCustomElement.
  at <Coaches ref="VTU_COMPONENT" >
  at <VTUROOT>
[Vue warn]: Failed to resolve component: CoachForm
If this is a native custom element, make sure to exclude it from component resolution via compilerOptions.isCustomElement.
  at <Coaches ref="VTU_COMPONENT" >
  at <VTUROOT>
[Vue warn]: Failed to resolve component: CoachCard
If this is a native custom element, make sure to exclude it from component resolution via compilerOptions.isCustomElement.
  at <Coaches ref="VTU_COMPONENT" >
  at <VTUROOT>
[Vue warn]: Failed to resolve component: CommunicationPanel
If this is a native custom element, make sure to exclude it from component resolution via compilerOptions.isCustomElement.
  at <Coaches ref="VTU_COMPONENT" >
  at <VTUROOT>

stderr | tests/unit/pages/schools-id-coaches.spec.ts > pages/schools/[id]/coaches.vue > Delete Coach > should handle delete error
[Vue warn]: Failed to resolve component: Header
If this is a native custom element, make sure to exclude it from component resolution via compilerOptions.isCustomElement.
  at <Coaches ref="VTU_COMPONENT" >
  at <VTUROOT>
[Vue warn]: Failed to resolve component: NuxtLink
If this is a native custom element, make sure to exclude it from component resolution via compilerOptions.isCustomElement.
  at <Coaches ref="VTU_COMPONENT" >
  at <VTUROOT>
[Vue warn]: Failed to resolve component: CoachForm
If this is a native custom element, make sure to exclude it from component resolution via compilerOptions.isCustomElement.
  at <Coaches ref="VTU_COMPONENT" >
  at <VTUROOT>
[Vue warn]: Failed to resolve component: CoachCard
If this is a native custom element, make sure to exclude it from component resolution via compilerOptions.isCustomElement.
  at <Coaches ref="VTU_COMPONENT" >
  at <VTUROOT>
[Vue warn]: Failed to resolve component: CommunicationPanel
If this is a native custom element, make sure to exclude it from component resolution via compilerOptions.isCustomElement.
  at <Coaches ref="VTU_COMPONENT" >
  at <VTUROOT>
[Vue warn]: Unhandled error during execution of native event handler
  at <Coaches ref="VTU_COMPONENT" >
  at <VTUROOT>
[Vue warn]: Failed to resolve component: Header
If this is a native custom element, make sure to exclude it from component resolution via compilerOptions.isCustomElement.
  at <Coaches ref="VTU_COMPONENT" >
  at <VTUROOT>
[Vue warn]: Failed to resolve component: NuxtLink
If this is a native custom element, make sure to exclude it from component resolution via compilerOptions.isCustomElement.
  at <Coaches ref="VTU_COMPONENT" >
  at <VTUROOT>
[Vue warn]: Failed to resolve component: CoachForm
If this is a native custom element, make sure to exclude it from component resolution via compilerOptions.isCustomElement.
  at <Coaches ref="VTU_COMPONENT" >
  at <VTUROOT>
[Vue warn]: Failed to resolve component: CoachCard
If this is a native custom element, make sure to exclude it from component resolution via compilerOptions.isCustomElement.
  at <Coaches ref="VTU_COMPONENT" >
  at <VTUROOT>
[Vue warn]: Failed to resolve component: CommunicationPanel
If this is a native custom element, make sure to exclude it from component resolution via compilerOptions.isCustomElement.
  at <Coaches ref="VTU_COMPONENT" >
  at <VTUROOT>

stderr | tests/unit/pages/schools-id-coaches.spec.ts > pages/schools/[id]/coaches.vue > Quick Actions > should handle email action
[Vue warn]: Failed to resolve component: Header
If this is a native custom element, make sure to exclude it from component resolution via compilerOptions.isCustomElement.
  at <Coaches ref="VTU_COMPONENT" >
  at <VTUROOT>
[Vue warn]: Failed to resolve component: NuxtLink
If this is a native custom element, make sure to exclude it from component resolution via compilerOptions.isCustomElement.
  at <Coaches ref="VTU_COMPONENT" >
  at <VTUROOT>
[Vue warn]: Failed to resolve component: CoachForm
If this is a native custom element, make sure to exclude it from component resolution via compilerOptions.isCustomElement.
  at <Coaches ref="VTU_COMPONENT" >
  at <VTUROOT>
[Vue warn]: Failed to resolve component: CoachCard
If this is a native custom element, make sure to exclude it from component resolution via compilerOptions.isCustomElement.
  at <Coaches ref="VTU_COMPONENT" >
  at <VTUROOT>
[Vue warn]: Failed to resolve component: CommunicationPanel
If this is a native custom element, make sure to exclude it from component resolution via compilerOptions.isCustomElement.
  at <Coaches ref="VTU_COMPONENT" >
  at <VTUROOT>
[Vue warn]: Failed to resolve component: Header
If this is a native custom element, make sure to exclude it from component resolution via compilerOptions.isCustomElement.
  at <Coaches ref="VTU_COMPONENT" >
  at <VTUROOT>
[Vue warn]: Failed to resolve component: NuxtLink
If this is a native custom element, make sure to exclude it from component resolution via compilerOptions.isCustomElement.
  at <Coaches ref="VTU_COMPONENT" >
  at <VTUROOT>
[Vue warn]: Failed to resolve component: CoachForm
If this is a native custom element, make sure to exclude it from component resolution via compilerOptions.isCustomElement.
  at <Coaches ref="VTU_COMPONENT" >
  at <VTUROOT>
[Vue warn]: Failed to resolve component: CoachCard
If this is a native custom element, make sure to exclude it from component resolution via compilerOptions.isCustomElement.
  at <Coaches ref="VTU_COMPONENT" >
  at <VTUROOT>
[Vue warn]: Failed to resolve component: CommunicationPanel
If this is a native custom element, make sure to exclude it from component resolution via compilerOptions.isCustomElement.
  at <Coaches ref="VTU_COMPONENT" >
  at <VTUROOT>

stderr | tests/unit/pages/schools-id-coaches.spec.ts > pages/schools/[id]/coaches.vue > Quick Actions > should handle text action
[Vue warn]: Failed to resolve component: Header
If this is a native custom element, make sure to exclude it from component resolution via compilerOptions.isCustomElement.
  at <Coaches ref="VTU_COMPONENT" >
  at <VTUROOT>
[Vue warn]: Failed to resolve component: NuxtLink
If this is a native custom element, make sure to exclude it from component resolution via compilerOptions.isCustomElement.
  at <Coaches ref="VTU_COMPONENT" >
  at <VTUROOT>
[Vue warn]: Failed to resolve component: CoachForm
If this is a native custom element, make sure to exclude it from component resolution via compilerOptions.isCustomElement.
  at <Coaches ref="VTU_COMPONENT" >
  at <VTUROOT>
[Vue warn]: Failed to resolve component: CoachCard
If this is a native custom element, make sure to exclude it from component resolution via compilerOptions.isCustomElement.
  at <Coaches ref="VTU_COMPONENT" >
  at <VTUROOT>
[Vue warn]: Failed to resolve component: CommunicationPanel
If this is a native custom element, make sure to exclude it from component resolution via compilerOptions.isCustomElement.
  at <Coaches ref="VTU_COMPONENT" >
  at <VTUROOT>
[Vue warn]: Failed to resolve component: Header
If this is a native custom element, make sure to exclude it from component resolution via compilerOptions.isCustomElement.
  at <Coaches ref="VTU_COMPONENT" >
  at <VTUROOT>
[Vue warn]: Failed to resolve component: NuxtLink
If this is a native custom element, make sure to exclude it from component resolution via compilerOptions.isCustomElement.
  at <Coaches ref="VTU_COMPONENT" >
  at <VTUROOT>
[Vue warn]: Failed to resolve component: CoachForm
If this is a native custom element, make sure to exclude it from component resolution via compilerOptions.isCustomElement.
  at <Coaches ref="VTU_COMPONENT" >
  at <VTUROOT>
[Vue warn]: Failed to resolve component: CoachCard
If this is a native custom element, make sure to exclude it from component resolution via compilerOptions.isCustomElement.
  at <Coaches ref="VTU_COMPONENT" >
  at <VTUROOT>
[Vue warn]: Failed to resolve component: CommunicationPanel
If this is a native custom element, make sure to exclude it from component resolution via compilerOptions.isCustomElement.
  at <Coaches ref="VTU_COMPONENT" >
  at <VTUROOT>

stderr | tests/unit/pages/schools-id-coaches.spec.ts > pages/schools/[id]/coaches.vue > Quick Actions > should handle twitter action
[Vue warn]: Failed to resolve component: Header
If this is a native custom element, make sure to exclude it from component resolution via compilerOptions.isCustomElement.
  at <Coaches ref="VTU_COMPONENT" >
  at <VTUROOT>
[Vue warn]: Failed to resolve component: NuxtLink
If this is a native custom element, make sure to exclude it from component resolution via compilerOptions.isCustomElement.
  at <Coaches ref="VTU_COMPONENT" >
  at <VTUROOT>
[Vue warn]: Failed to resolve component: CoachForm
If this is a native custom element, make sure to exclude it from component resolution via compilerOptions.isCustomElement.
  at <Coaches ref="VTU_COMPONENT" >
  at <VTUROOT>
[Vue warn]: Failed to resolve component: CoachCard
If this is a native custom element, make sure to exclude it from component resolution via compilerOptions.isCustomElement.
  at <Coaches ref="VTU_COMPONENT" >
  at <VTUROOT>
[Vue warn]: Failed to resolve component: CommunicationPanel
If this is a native custom element, make sure to exclude it from component resolution via compilerOptions.isCustomElement.
  at <Coaches ref="VTU_COMPONENT" >
  at <VTUROOT>
[Vue warn]: Failed to resolve component: Header
If this is a native custom element, make sure to exclude it from component resolution via compilerOptions.isCustomElement.
  at <Coaches ref="VTU_COMPONENT" >
  at <VTUROOT>
[Vue warn]: Failed to resolve component: NuxtLink
If this is a native custom element, make sure to exclude it from component resolution via compilerOptions.isCustomElement.
  at <Coaches ref="VTU_COMPONENT" >
  at <VTUROOT>
[Vue warn]: Failed to resolve component: CoachForm
If this is a native custom element, make sure to exclude it from component resolution via compilerOptions.isCustomElement.
  at <Coaches ref="VTU_COMPONENT" >
  at <VTUROOT>
[Vue warn]: Failed to resolve component: CoachCard
If this is a native custom element, make sure to exclude it from component resolution via compilerOptions.isCustomElement.
  at <Coaches ref="VTU_COMPONENT" >
  at <VTUROOT>
[Vue warn]: Failed to resolve component: CommunicationPanel
If this is a native custom element, make sure to exclude it from component resolution via compilerOptions.isCustomElement.
  at <Coaches ref="VTU_COMPONENT" >
  at <VTUROOT>

stderr | tests/unit/pages/schools-id-coaches.spec.ts > pages/schools/[id]/coaches.vue > Quick Actions > should handle instagram action
[Vue warn]: Failed to resolve component: Header
If this is a native custom element, make sure to exclude it from component resolution via compilerOptions.isCustomElement.
  at <Coaches ref="VTU_COMPONENT" >
  at <VTUROOT>
[Vue warn]: Failed to resolve component: NuxtLink
If this is a native custom element, make sure to exclude it from component resolution via compilerOptions.isCustomElement.
  at <Coaches ref="VTU_COMPONENT" >
  at <VTUROOT>
[Vue warn]: Failed to resolve component: CoachForm
If this is a native custom element, make sure to exclude it from component resolution via compilerOptions.isCustomElement.
  at <Coaches ref="VTU_COMPONENT" >
  at <VTUROOT>
[Vue warn]: Failed to resolve component: CoachCard
If this is a native custom element, make sure to exclude it from component resolution via compilerOptions.isCustomElement.
  at <Coaches ref="VTU_COMPONENT" >
  at <VTUROOT>
[Vue warn]: Failed to resolve component: CommunicationPanel
If this is a native custom element, make sure to exclude it from component resolution via compilerOptions.isCustomElement.
  at <Coaches ref="VTU_COMPONENT" >
  at <VTUROOT>
[Vue warn]: Failed to resolve component: Header
If this is a native custom element, make sure to exclude it from component resolution via compilerOptions.isCustomElement.
  at <Coaches ref="VTU_COMPONENT" >
  at <VTUROOT>
[Vue warn]: Failed to resolve component: NuxtLink
If this is a native custom element, make sure to exclude it from component resolution via compilerOptions.isCustomElement.
  at <Coaches ref="VTU_COMPONENT" >
  at <VTUROOT>
[Vue warn]: Failed to resolve component: CoachForm
If this is a native custom element, make sure to exclude it from component resolution via compilerOptions.isCustomElement.
  at <Coaches ref="VTU_COMPONENT" >
  at <VTUROOT>
[Vue warn]: Failed to resolve component: CoachCard
If this is a native custom element, make sure to exclude it from component resolution via compilerOptions.isCustomElement.
  at <Coaches ref="VTU_COMPONENT" >
  at <VTUROOT>
[Vue warn]: Failed to resolve component: CommunicationPanel
If this is a native custom element, make sure to exclude it from component resolution via compilerOptions.isCustomElement.
  at <Coaches ref="VTU_COMPONENT" >
  at <VTUROOT>

stderr | tests/unit/pages/schools-id-coaches.spec.ts > pages/schools/[id]/coaches.vue > Edge Cases > should handle school not found
[Vue warn]: Failed to resolve component: Header
If this is a native custom element, make sure to exclude it from component resolution via compilerOptions.isCustomElement.
  at <Coaches ref="VTU_COMPONENT" >
  at <VTUROOT>
[Vue warn]: Failed to resolve component: NuxtLink
If this is a native custom element, make sure to exclude it from component resolution via compilerOptions.isCustomElement.
  at <Coaches ref="VTU_COMPONENT" >
  at <VTUROOT>
[Vue warn]: Failed to resolve component: CoachForm
If this is a native custom element, make sure to exclude it from component resolution via compilerOptions.isCustomElement.
  at <Coaches ref="VTU_COMPONENT" >
  at <VTUROOT>
[Vue warn]: Failed to resolve component: CoachCard
If this is a native custom element, make sure to exclude it from component resolution via compilerOptions.isCustomElement.
  at <Coaches ref="VTU_COMPONENT" >
  at <VTUROOT>
[Vue warn]: Failed to resolve component: CommunicationPanel
If this is a native custom element, make sure to exclude it from component resolution via compilerOptions.isCustomElement.
  at <Coaches ref="VTU_COMPONENT" >
  at <VTUROOT>

stderr | tests/unit/pages/schools-id-coaches.spec.ts > pages/schools/[id]/coaches.vue > Edge Cases > should handle undefined route param
[Vue warn]: Failed to resolve component: Header
If this is a native custom element, make sure to exclude it from component resolution via compilerOptions.isCustomElement.
  at <Coaches ref="VTU_COMPONENT" >
  at <VTUROOT>
[Vue warn]: Failed to resolve component: NuxtLink
If this is a native custom element, make sure to exclude it from component resolution via compilerOptions.isCustomElement.
  at <Coaches ref="VTU_COMPONENT" >
  at <VTUROOT>
[Vue warn]: Failed to resolve component: CoachForm
If this is a native custom element, make sure to exclude it from component resolution via compilerOptions.isCustomElement.
  at <Coaches ref="VTU_COMPONENT" >
  at <VTUROOT>
[Vue warn]: Failed to resolve component: CoachCard
If this is a native custom element, make sure to exclude it from component resolution via compilerOptions.isCustomElement.
  at <Coaches ref="VTU_COMPONENT" >
  at <VTUROOT>
[Vue warn]: Failed to resolve component: CommunicationPanel
If this is a native custom element, make sure to exclude it from component resolution via compilerOptions.isCustomElement.
  at <Coaches ref="VTU_COMPONENT" >
  at <VTUROOT>
[Vue warn]: Failed to resolve component: Header
If this is a native custom element, make sure to exclude it from component resolution via compilerOptions.isCustomElement.
  at <Coaches ref="VTU_COMPONENT" >
  at <VTUROOT>
[Vue warn]: Failed to resolve component: NuxtLink
If this is a native custom element, make sure to exclude it from component resolution via compilerOptions.isCustomElement.
  at <Coaches ref="VTU_COMPONENT" >
  at <VTUROOT>
[Vue warn]: Failed to resolve component: CoachForm
If this is a native custom element, make sure to exclude it from component resolution via compilerOptions.isCustomElement.
  at <Coaches ref="VTU_COMPONENT" >
  at <VTUROOT>
[Vue warn]: Failed to resolve component: CoachCard
If this is a native custom element, make sure to exclude it from component resolution via compilerOptions.isCustomElement.
  at <Coaches ref="VTU_COMPONENT" >
  at <VTUROOT>
[Vue warn]: Failed to resolve component: CommunicationPanel
If this is a native custom element, make sure to exclude it from component resolution via compilerOptions.isCustomElement.
  at <Coaches ref="VTU_COMPONENT" >
  at <VTUROOT>

stderr | tests/unit/pages/schools-id-coaches.spec.ts > pages/schools/[id]/coaches.vue > Edge Cases > should handle combined filters with no results
[Vue warn]: Failed to resolve component: Header
If this is a native custom element, make sure to exclude it from component resolution via compilerOptions.isCustomElement.
  at <Coaches ref="VTU_COMPONENT" >
  at <VTUROOT>
[Vue warn]: Failed to resolve component: NuxtLink
If this is a native custom element, make sure to exclude it from component resolution via compilerOptions.isCustomElement.
  at <Coaches ref="VTU_COMPONENT" >
  at <VTUROOT>
[Vue warn]: Failed to resolve component: CoachForm
If this is a native custom element, make sure to exclude it from component resolution via compilerOptions.isCustomElement.
  at <Coaches ref="VTU_COMPONENT" >
  at <VTUROOT>
[Vue warn]: Failed to resolve component: CoachCard
If this is a native custom element, make sure to exclude it from component resolution via compilerOptions.isCustomElement.
  at <Coaches ref="VTU_COMPONENT" >
  at <VTUROOT>
[Vue warn]: Failed to resolve component: CommunicationPanel
If this is a native custom element, make sure to exclude it from component resolution via compilerOptions.isCustomElement.
  at <Coaches ref="VTU_COMPONENT" >
  at <VTUROOT>
[Vue warn]: Failed to resolve component: Header
If this is a native custom element, make sure to exclude it from component resolution via compilerOptions.isCustomElement.
  at <Coaches ref="VTU_COMPONENT" >
  at <VTUROOT>
[Vue warn]: Failed to resolve component: NuxtLink
If this is a native custom element, make sure to exclude it from component resolution via compilerOptions.isCustomElement.
  at <Coaches ref="VTU_COMPONENT" >
  at <VTUROOT>
[Vue warn]: Failed to resolve component: CoachForm
If this is a native custom element, make sure to exclude it from component resolution via compilerOptions.isCustomElement.
  at <Coaches ref="VTU_COMPONENT" >
  at <VTUROOT>
[Vue warn]: Failed to resolve component: CoachCard
If this is a native custom element, make sure to exclude it from component resolution via compilerOptions.isCustomElement.
  at <Coaches ref="VTU_COMPONENT" >
  at <VTUROOT>
[Vue warn]: Failed to resolve component: CommunicationPanel
If this is a native custom element, make sure to exclude it from component resolution via compilerOptions.isCustomElement.
  at <Coaches ref="VTU_COMPONENT" >
  at <VTUROOT>
[Vue warn]: Failed to resolve component: Header
If this is a native custom element, make sure to exclude it from component resolution via compilerOptions.isCustomElement.
  at <Coaches ref="VTU_COMPONENT" >
  at <VTUROOT>
[Vue warn]: Failed to resolve component: NuxtLink
If this is a native custom element, make sure to exclude it from component resolution via compilerOptions.isCustomElement.
  at <Coaches ref="VTU_COMPONENT" >
  at <VTUROOT>
[Vue warn]: Failed to resolve component: CoachForm
If this is a native custom element, make sure to exclude it from component resolution via compilerOptions.isCustomElement.
  at <Coaches ref="VTU_COMPONENT" >
  at <VTUROOT>
[Vue warn]: Failed to resolve component: CoachCard
If this is a native custom element, make sure to exclude it from component resolution via compilerOptions.isCustomElement.
  at <Coaches ref="VTU_COMPONENT" >
  at <VTUROOT>
[Vue warn]: Failed to resolve component: CommunicationPanel
If this is a native custom element, make sure to exclude it from component resolution via compilerOptions.isCustomElement.
  at <Coaches ref="VTU_COMPONENT" >
  at <VTUROOT>
[Vue warn]: Failed to resolve component: Header
If this is a native custom element, make sure to exclude it from component resolution via compilerOptions.isCustomElement.
  at <Coaches ref="VTU_COMPONENT" >
  at <VTUROOT>
[Vue warn]: Failed to resolve component: NuxtLink
If this is a native custom element, make sure to exclude it from component resolution via compilerOptions.isCustomElement.
  at <Coaches ref="VTU_COMPONENT" >
  at <VTUROOT>
[Vue warn]: Failed to resolve component: CoachForm
If this is a native custom element, make sure to exclude it from component resolution via compilerOptions.isCustomElement.
  at <Coaches ref="VTU_COMPONENT" >
  at <VTUROOT>
[Vue warn]: Failed to resolve component: CoachCard
If this is a native custom element, make sure to exclude it from component resolution via compilerOptions.isCustomElement.
  at <Coaches ref="VTU_COMPONENT" >
  at <VTUROOT>
[Vue warn]: Failed to resolve component: CommunicationPanel
If this is a native custom element, make sure to exclude it from component resolution via compilerOptions.isCustomElement.
  at <Coaches ref="VTU_COMPONENT" >
  at <VTUROOT>

 ❯ tests/unit/pages/schools-id-coaches.spec.ts (44 tests | 33 failed) 235ms
   × pages/schools/[id]/coaches.vue > Page Load > should display loading state 9ms
     → expected '← Back to School Coaches+ Add Coach S…' to contain 'Loading coaches...'
   × pages/schools/[id]/coaches.vue > Page Load > should display empty state when no coaches 3ms
     → expected '← Back to School Coaches+ Add Coach S…' to contain 'No coaches added yet'
   × pages/schools/[id]/coaches.vue > Page Load > should display coaches when loaded 14ms
     → expected [] to have a length of 2 but got +0
   × pages/schools/[id]/coaches.vue > Search Filtering > should filter coaches by first name 7ms
     → expected [] to have a length of 2 but got +0
   × pages/schools/[id]/coaches.vue > Search Filtering > should filter coaches by last name 7ms
     → expected [] to have a length of 1 but got +0
   × pages/schools/[id]/coaches.vue > Search Filtering > should filter coaches by email 4ms
     → expected [] to have a length of 1 but got +0
   × pages/schools/[id]/coaches.vue > Search Filtering > should filter coaches by phone 8ms
     → expected [] to have a length of 1 but got +0
   × pages/schools/[id]/coaches.vue > Search Filtering > should be case insensitive 15ms
     → expected 0 to be greater than 0
   × pages/schools/[id]/coaches.vue > Search Filtering > should show no results message when search matches nothing 5ms
     → expected '← Back to School CoachesTest Universi…' to contain 'No coaches match your filters'
   × pages/schools/[id]/coaches.vue > Role Filtering > should filter coaches by head coach role 5ms
     → expected [] to have a length of 1 but got +0
   × pages/schools/[id]/coaches.vue > Role Filtering > should filter coaches by assistant role 4ms
     → expected [] to have a length of 1 but got +0
   × pages/schools/[id]/coaches.vue > Role Filtering > should filter coaches by recruiting coordinator role 3ms
     → expected [] to have a length of 1 but got +0
   × pages/schools/[id]/coaches.vue > Role Filtering > should show all coaches when role is empty 4ms
     → expected [] to have a length of 3 but got +0
   × pages/schools/[id]/coaches.vue > Sorting > should sort by name (A-Z) by default 3ms
     → Cannot read properties of undefined (reading 'text')
   × pages/schools/[id]/coaches.vue > Sorting > should sort by last contact (recent first) 3ms
     → Cannot read properties of undefined (reading 'text')
   × pages/schools/[id]/coaches.vue > Sorting > should sort by responsiveness (highest first) 5ms
     → Cannot read properties of undefined (reading 'text')
   × pages/schools/[id]/coaches.vue > Sorting > should handle null last_contact_date in sorting 6ms
     → expected [] to have a length of 2 but got +0
   × pages/schools/[id]/coaches.vue > Results Summary > should show correct count for filtered results 3ms
     → expected '← Back to School Coaches+ Add Coach S…' to contain 'Showing 3 of 3 coaches'
   × pages/schools/[id]/coaches.vue > Results Summary > should show singular "coach" for single result 6ms
     → expected '← Back to School Coaches+ Add Coach S…' to contain 'Showing 1 of 1 coach'
   × pages/schools/[id]/coaches.vue > Add Coach Form > should show form when Add Coach button is clicked 2ms
     → expected false to be true // Object.is equality
   × pages/schools/[id]/coaches.vue > Add Coach Form > should create coach when form is submitted 3ms
     → Cannot call setValue on an empty DOMWrapper.
   × pages/schools/[id]/coaches.vue > Add Coach Form > should refresh coaches list after creating coach 2ms
     → Cannot call setValue on an empty DOMWrapper.
   × pages/schools/[id]/coaches.vue > Add Coach Form > should disable submit button when required fields are empty 2ms
     → Cannot call attributes on an empty DOMWrapper.
   × pages/schools/[id]/coaches.vue > Add Coach Form > should enable submit button when required fields are filled 2ms
     → Cannot call setValue on an empty DOMWrapper.
   × pages/schools/[id]/coaches.vue > Add Coach Form > should handle creation error 2ms
     → Cannot call setValue on an empty DOMWrapper.
   × pages/schools/[id]/coaches.vue > Delete Coach > should confirm before deleting 2ms
     → expected "spy" to be called with arguments: [ Array(1) ]

Received:



Number of calls: 0

   × pages/schools/[id]/coaches.vue > Delete Coach > should delete coach when confirmed 16ms
     → expected "spy" to be called at least once
   × pages/schools/[id]/coaches.vue > Delete Coach > should handle delete error 8ms
     → expected "error" to be called with arguments: [ 'Failed to delete coach:', …(1) ]

Received:



Number of calls: 0

   × pages/schools/[id]/coaches.vue > Quick Actions > should handle email action 5ms
     → Cannot call vm on an empty VueWrapper.
   × pages/schools/[id]/coaches.vue > Quick Actions > should handle text action 2ms
     → Cannot call vm on an empty VueWrapper.
   × pages/schools/[id]/coaches.vue > Quick Actions > should handle twitter action 3ms
     → Cannot call vm on an empty VueWrapper.
   × pages/schools/[id]/coaches.vue > Quick Actions > should handle instagram action 2ms
     → Cannot call vm on an empty VueWrapper.
   × pages/schools/[id]/coaches.vue > Edge Cases > should handle combined filters with no results 7ms
     → expected '← Back to School CoachesTest Universi…' to contain 'No coaches match your filters'
 ✓ tests/unit/pages/schools-id-detail-notes.spec.ts (13 tests) 5ms
 ❯ tests/unit/utils/analyticsExport.spec.ts (0 test)
 ✓ tests/unit/components/Interaction/InterestCalibration.spec.ts (13 tests) 51ms
stdout | tests/integration/phase4.integration.spec.ts > Phase 4 Integration Tests > Search & Saved Searches Workflow > should perform search and save result as template
Initializing Supabase with URL: https://test.supabase.co
Initializing Supabase with key: test-anon-key-12345...

 ❯ tests/integration/phase4.integration.spec.ts (11 tests | 6 failed) 18ms
   × Phase 4 Integration Tests > Search & Saved Searches Workflow > should perform search and save result as template 9ms
     → expected null not to be null
   × Phase 4 Integration Tests > Templates & Reminders Workflow > should create template and use for communication 2ms
     → expected null not to be null
   × Phase 4 Integration Tests > Templates & Reminders Workflow > should create reminders and track follow-ups 1ms
     → expected null not to be null
   × Phase 4 Integration Tests > Collaboration Workflow > should share record and manage access 1ms
     → expected null not to be null
   × Phase 4 Integration Tests > Collaboration Workflow > should add comments to shared records 0ms
     → expected null not to be null
   × Phase 4 Integration Tests > Full Workflow Scenario > should execute complete recruiting workflow 1ms
     → expected null not to be null
 ❯ tests/unit/composables/useRecovery.spec.ts (13 tests | 1 failed) 14ms
   × useRecovery > returns null when no critical tasks missed 7ms
     → Cannot find module '~/composables/useTasks'
Require stack:
- /Users/chrisandrikanich/Documents/Workspaces/Personal/recruiting-compass/web/tests/unit/composables/useRecovery.spec.ts
stderr | tests/unit/components/Analytics/FunnelChart.spec.ts > FunnelChart.vue > renders title and total items
[Vue warn]: Missing required prop: "stages"
  at <FunnelChart title="Sales Funnel" data= [
  { label: 'Awareness', count: 1000 },
  { label: 'Interest', count: 600 },
  { label: 'Consideration', count: 300 },
  { label: 'Decision', count: 100 }
] colors= [ '#FF6384', '#36A2EB', '#FFCE56', '#4BC0C0' ]  ... >
  at <VTUROOT>

stderr | tests/unit/components/Analytics/FunnelChart.spec.ts > FunnelChart.vue > shows empty state when no data
[Vue warn]: Missing required prop: "stages"
  at <FunnelChart title="Empty Funnel" data= [] colors= []  ... >
  at <VTUROOT>

stderr | tests/unit/components/Analytics/FunnelChart.spec.ts > FunnelChart.vue > renders correct number of stages
[Vue warn]: Missing required prop: "stages"
  at <FunnelChart title="Sales Funnel" data= [
  { label: 'Awareness', count: 1000 },
  { label: 'Interest', count: 600 },
  { label: 'Consideration', count: 300 },
  { label: 'Decision', count: 100 }
] colors= [ '#FF6384', '#36A2EB', '#FFCE56', '#4BC0C0' ]  ... >
  at <VTUROOT>

stderr | tests/unit/components/Analytics/FunnelChart.spec.ts > FunnelChart.vue > calculates conversion rates correctly
[Vue warn]: Missing required prop: "stages"
  at <FunnelChart title="Sales Funnel" data= [
  { label: 'Awareness', count: 1000 },
  { label: 'Interest', count: 600 },
  { label: 'Consideration', count: 300 },
  { label: 'Decision', count: 100 }
] colors= [ '#FF6384', '#36A2EB', '#FFCE56', '#4BC0C0' ]  ... >
  at <VTUROOT>

stderr | tests/unit/components/Analytics/FunnelChart.spec.ts > FunnelChart.vue > calculates stage percentages
[Vue warn]: Missing required prop: "stages"
  at <FunnelChart title="Sales Funnel" data= [
  { label: 'Awareness', count: 1000 },
  { label: 'Interest', count: 600 },
  { label: 'Consideration', count: 300 },
  { label: 'Decision', count: 100 }
] colors= [ '#FF6384', '#36A2EB', '#FFCE56', '#4BC0C0' ]  ... >
  at <VTUROOT>

stderr | tests/unit/components/Analytics/FunnelChart.spec.ts > FunnelChart.vue > applies custom colors
[Vue warn]: Missing required prop: "stages"
  at <FunnelChart title="Sales Funnel" data= [
  { label: 'Awareness', count: 1000 },
  { label: 'Interest', count: 600 },
  { label: 'Consideration', count: 300 },
  { label: 'Decision', count: 100 }
] colors= [ '#FF0000', '#00FF00', '#0000FF', '#FFFF00' ]  ... >
  at <VTUROOT>

stderr | tests/unit/components/Analytics/FunnelChart.spec.ts > FunnelChart.vue > emits stage-click event
[Vue warn]: Missing required prop: "stages"
  at <FunnelChart title="Sales Funnel" data= [
  { label: 'Awareness', count: 1000 },
  { label: 'Interest', count: 600 },
  { label: 'Consideration', count: 300 },
  { label: 'Decision', count: 100 }
] colors= [ '#FF6384', '#36A2EB', '#FFCE56', '#4BC0C0' ]  ... >
  at <VTUROOT>

stderr | tests/unit/components/Analytics/FunnelChart.spec.ts > FunnelChart.vue > renders stage detail cards
[Vue warn]: Missing required prop: "stages"
  at <FunnelChart title="Sales Funnel" data= [
  { label: 'Awareness', count: 1000 },
  { label: 'Interest', count: 600 },
  { label: 'Consideration', count: 300 },
  { label: 'Decision', count: 100 }
] colors= [ '#FF6384', '#36A2EB', '#FFCE56', '#4BC0C0' ]  ... >
  at <VTUROOT>

stderr | tests/unit/components/Analytics/FunnelChart.spec.ts > FunnelChart.vue > displays stage labels
[Vue warn]: Missing required prop: "stages"
  at <FunnelChart title="Sales Funnel" data= [
  { label: 'Awareness', count: 1000 },
  { label: 'Interest', count: 600 },
  { label: 'Consideration', count: 300 },
  { label: 'Decision', count: 100 }
] colors= [ '#FF6384', '#36A2EB', '#FFCE56', '#4BC0C0' ]  ... >
  at <VTUROOT>

stderr | tests/unit/components/Analytics/FunnelChart.spec.ts > FunnelChart.vue > handles data updates
[Vue warn]: Missing required prop: "stages"
  at <FunnelChart title="Sales Funnel" data= [
  { label: 'Awareness', count: 1000 },
  { label: 'Interest', count: 600 },
  { label: 'Consideration', count: 300 },
  { label: 'Decision', count: 100 }
] colors= [ '#FF6384', '#36A2EB', '#FFCE56', '#4BC0C0' ]  ... >
  at <VTUROOT>

stderr | tests/unit/components/Analytics/FunnelChart.spec.ts > FunnelChart.vue > handles equal stage sizes
[Vue warn]: Missing required prop: "stages"
  at <FunnelChart title="Equal Stages" data= [
  { label: 'Stage1', count: 100 },
  { label: 'Stage2', count: 100 },
  { label: 'Stage3', count: 100 }
] colors= [ '#FF6384', '#36A2EB', '#FFCE56' ]  ... >
  at <VTUROOT>

stderr | tests/unit/components/Analytics/FunnelChart.spec.ts > FunnelChart.vue > handles single stage
[Vue warn]: Missing required prop: "stages"
  at <FunnelChart title="Single Stage" data= [ { label: 'Only', count: 50 } ] colors= [ '#FF6384' ]  ... >
  at <VTUROOT>

stderr | tests/unit/components/Analytics/FunnelChart.spec.ts > FunnelChart.vue > renders SVG funnel visualization
[Vue warn]: Missing required prop: "stages"
  at <FunnelChart title="Sales Funnel" data= [
  { label: 'Awareness', count: 1000 },
  { label: 'Interest', count: 600 },
  { label: 'Consideration', count: 300 },
  { label: 'Decision', count: 100 }
] colors= [ '#FF6384', '#36A2EB', '#FFCE56', '#4BC0C0' ]  ... >
  at <VTUROOT>

stderr | tests/unit/components/Analytics/FunnelChart.spec.ts > FunnelChart.vue > handles responsive sizing
[Vue warn]: Missing required prop: "stages"
  at <FunnelChart title="Sales Funnel" data= [
  { label: 'Awareness', count: 1000 },
  { label: 'Interest', count: 600 },
  { label: 'Consideration', count: 300 },
  { label: 'Decision', count: 100 }
] colors= [ '#FF6384', '#36A2EB', '#FFCE56', '#4BC0C0' ]  ... >
  at <VTUROOT>

 ❯ tests/unit/components/Analytics/FunnelChart.spec.ts (14 tests | 14 failed) 28ms
   × FunnelChart.vue > renders title and total items 13ms
     → Cannot read properties of undefined (reading 'reduce')
   × FunnelChart.vue > shows empty state when no data 2ms
     → Cannot read properties of undefined (reading 'reduce')
   × FunnelChart.vue > renders correct number of stages 1ms
     → Cannot read properties of undefined (reading 'reduce')
   × FunnelChart.vue > calculates conversion rates correctly 1ms
     → Cannot read properties of undefined (reading 'reduce')
   × FunnelChart.vue > calculates stage percentages 1ms
     → Cannot read properties of undefined (reading 'reduce')
   × FunnelChart.vue > applies custom colors 1ms
     → Cannot read properties of undefined (reading 'reduce')
   × FunnelChart.vue > emits stage-click event 2ms
     → Cannot read properties of undefined (reading 'reduce')
   × FunnelChart.vue > renders stage detail cards 1ms
     → Cannot read properties of undefined (reading 'reduce')
   × FunnelChart.vue > displays stage labels 1ms
     → Cannot read properties of undefined (reading 'reduce')
   × FunnelChart.vue > handles data updates 1ms
     → Cannot read properties of undefined (reading 'reduce')
   × FunnelChart.vue > handles equal stage sizes 2ms
     → Cannot read properties of undefined (reading 'reduce')
   × FunnelChart.vue > handles single stage 1ms
     → Cannot read properties of undefined (reading 'reduce')
   × FunnelChart.vue > renders SVG funnel visualization 1ms
     → Cannot read properties of undefined (reading 'reduce')
   × FunnelChart.vue > handles responsive sizing 1ms
     → Cannot read properties of undefined (reading 'reduce')
stderr | tests/unit/components/Analytics/ScatterChart.spec.ts > ScatterChart.vue > renders title and data point count
[Vue warn]: Missing required prop: "datasets"
  at <ScatterChart title="Correlation Test" data= [
  { x: 1, y: 2 },
  { x: 2, y: 4 },
  { x: 3, y: 6 },
  { x: 4, y: 8 },
  { x: 5, y: 10 }
] xAxisLabel="X Axis"  ... >
  at <VTUROOT>
[Vue warn]: Missing required prop: "xLabel"
  at <ScatterChart title="Correlation Test" data= [
  { x: 1, y: 2 },
  { x: 2, y: 4 },
  { x: 3, y: 6 },
  { x: 4, y: 8 },
  { x: 5, y: 10 }
] xAxisLabel="X Axis"  ... >
  at <VTUROOT>
[Vue warn]: Missing required prop: "yLabel"
  at <ScatterChart title="Correlation Test" data= [
  { x: 1, y: 2 },
  { x: 2, y: 4 },
  { x: 3, y: 6 },
  { x: 4, y: 8 },
  { x: 5, y: 10 }
] xAxisLabel="X Axis"  ... >
  at <VTUROOT>

stderr | tests/unit/components/Analytics/ScatterChart.spec.ts > ScatterChart.vue > shows empty state when no data
[Vue warn]: Missing required prop: "datasets"
  at <ScatterChart title="Empty Chart" data= [] xAxisLabel="X"  ... >
  at <VTUROOT>
[Vue warn]: Missing required prop: "xLabel"
  at <ScatterChart title="Empty Chart" data= [] xAxisLabel="X"  ... >
  at <VTUROOT>
[Vue warn]: Missing required prop: "yLabel"
  at <ScatterChart title="Empty Chart" data= [] xAxisLabel="X"  ... >
  at <VTUROOT>

stderr | tests/unit/components/Analytics/ScatterChart.spec.ts > ScatterChart.vue > calculates correlation coefficient
[Vue warn]: Missing required prop: "datasets"
  at <ScatterChart title="Correlation Test" data= [
  { x: 1, y: 2 },
  { x: 2, y: 4 },
  { x: 3, y: 6 },
  { x: 4, y: 8 },
  { x: 5, y: 10 }
] xAxisLabel="X Axis"  ... >
  at <VTUROOT>
[Vue warn]: Missing required prop: "xLabel"
  at <ScatterChart title="Correlation Test" data= [
  { x: 1, y: 2 },
  { x: 2, y: 4 },
  { x: 3, y: 6 },
  { x: 4, y: 8 },
  { x: 5, y: 10 }
] xAxisLabel="X Axis"  ... >
  at <VTUROOT>
[Vue warn]: Missing required prop: "yLabel"
  at <ScatterChart title="Correlation Test" data= [
  { x: 1, y: 2 },
  { x: 2, y: 4 },
  { x: 3, y: 6 },
  { x: 4, y: 8 },
  { x: 5, y: 10 }
] xAxisLabel="X Axis"  ... >
  at <VTUROOT>

stderr | tests/unit/components/Analytics/ScatterChart.spec.ts > ScatterChart.vue > calculates x and y ranges
[Vue warn]: Missing required prop: "datasets"
  at <ScatterChart title="Correlation Test" data= [
  { x: 1, y: 2 },
  { x: 2, y: 4 },
  { x: 3, y: 6 },
  { x: 4, y: 8 },
  { x: 5, y: 10 }
] xAxisLabel="X Axis"  ... >
  at <VTUROOT>
[Vue warn]: Missing required prop: "xLabel"
  at <ScatterChart title="Correlation Test" data= [
  { x: 1, y: 2 },
  { x: 2, y: 4 },
  { x: 3, y: 6 },
  { x: 4, y: 8 },
  { x: 5, y: 10 }
] xAxisLabel="X Axis"  ... >
  at <VTUROOT>
[Vue warn]: Missing required prop: "yLabel"
  at <ScatterChart title="Correlation Test" data= [
  { x: 1, y: 2 },
  { x: 2, y: 4 },
  { x: 3, y: 6 },
  { x: 4, y: 8 },
  { x: 5, y: 10 }
] xAxisLabel="X Axis"  ... >
  at <VTUROOT>

stderr | tests/unit/components/Analytics/ScatterChart.spec.ts > ScatterChart.vue > shows trend direction
[Vue warn]: Missing required prop: "datasets"
  at <ScatterChart title="Correlation Test" data= [
  { x: 1, y: 2 },
  { x: 2, y: 4 },
  { x: 3, y: 6 },
  { x: 4, y: 8 },
  { x: 5, y: 10 }
] xAxisLabel="X Axis"  ... >
  at <VTUROOT>
[Vue warn]: Missing required prop: "xLabel"
  at <ScatterChart title="Correlation Test" data= [
  { x: 1, y: 2 },
  { x: 2, y: 4 },
  { x: 3, y: 6 },
  { x: 4, y: 8 },
  { x: 5, y: 10 }
] xAxisLabel="X Axis"  ... >
  at <VTUROOT>
[Vue warn]: Missing required prop: "yLabel"
  at <ScatterChart title="Correlation Test" data= [
  { x: 1, y: 2 },
  { x: 2, y: 4 },
  { x: 3, y: 6 },
  { x: 4, y: 8 },
  { x: 5, y: 10 }
] xAxisLabel="X Axis"  ... >
  at <VTUROOT>

stderr | tests/unit/components/Analytics/ScatterChart.spec.ts > ScatterChart.vue > toggles trend line visibility
[Vue warn]: Missing required prop: "datasets"
  at <ScatterChart title="Correlation Test" data= [
  { x: 1, y: 2 },
  { x: 2, y: 4 },
  { x: 3, y: 6 },
  { x: 4, y: 8 },
  { x: 5, y: 10 }
] xAxisLabel="X Axis"  ... >
  at <VTUROOT>
[Vue warn]: Missing required prop: "xLabel"
  at <ScatterChart title="Correlation Test" data= [
  { x: 1, y: 2 },
  { x: 2, y: 4 },
  { x: 3, y: 6 },
  { x: 4, y: 8 },
  { x: 5, y: 10 }
] xAxisLabel="X Axis"  ... >
  at <VTUROOT>
[Vue warn]: Missing required prop: "yLabel"
  at <ScatterChart title="Correlation Test" data= [
  { x: 1, y: 2 },
  { x: 2, y: 4 },
  { x: 3, y: 6 },
  { x: 4, y: 8 },
  { x: 5, y: 10 }
] xAxisLabel="X Axis"  ... >
  at <VTUROOT>

stderr | tests/unit/components/Analytics/ScatterChart.spec.ts > ScatterChart.vue > toggles quadrant visibility
[Vue warn]: Missing required prop: "datasets"
  at <ScatterChart title="Correlation Test" data= [
  { x: 1, y: 2 },
  { x: 2, y: 4 },
  { x: 3, y: 6 },
  { x: 4, y: 8 },
  { x: 5, y: 10 }
] xAxisLabel="X Axis"  ... >
  at <VTUROOT>
[Vue warn]: Missing required prop: "xLabel"
  at <ScatterChart title="Correlation Test" data= [
  { x: 1, y: 2 },
  { x: 2, y: 4 },
  { x: 3, y: 6 },
  { x: 4, y: 8 },
  { x: 5, y: 10 }
] xAxisLabel="X Axis"  ... >
  at <VTUROOT>
[Vue warn]: Missing required prop: "yLabel"
  at <ScatterChart title="Correlation Test" data= [
  { x: 1, y: 2 },
  { x: 2, y: 4 },
  { x: 3, y: 6 },
  { x: 4, y: 8 },
  { x: 5, y: 10 }
] xAxisLabel="X Axis"  ... >
  at <VTUROOT>

stderr | tests/unit/components/Analytics/ScatterChart.spec.ts > ScatterChart.vue > renders statistics when showStats is true
[Vue warn]: Missing required prop: "datasets"
  at <ScatterChart title="Correlation Test" data= [
  { x: 1, y: 2 },
  { x: 2, y: 4 },
  { x: 3, y: 6 },
  { x: 4, y: 8 },
  { x: 5, y: 10 }
] xAxisLabel="X Axis"  ... >
  at <VTUROOT>
[Vue warn]: Missing required prop: "xLabel"
  at <ScatterChart title="Correlation Test" data= [
  { x: 1, y: 2 },
  { x: 2, y: 4 },
  { x: 3, y: 6 },
  { x: 4, y: 8 },
  { x: 5, y: 10 }
] xAxisLabel="X Axis"  ... >
  at <VTUROOT>
[Vue warn]: Missing required prop: "yLabel"
  at <ScatterChart title="Correlation Test" data= [
  { x: 1, y: 2 },
  { x: 2, y: 4 },
  { x: 3, y: 6 },
  { x: 4, y: 8 },
  { x: 5, y: 10 }
] xAxisLabel="X Axis"  ... >
  at <VTUROOT>

stderr | tests/unit/components/Analytics/ScatterChart.spec.ts > ScatterChart.vue > handles data updates
[Vue warn]: Missing required prop: "datasets"
  at <ScatterChart title="Correlation Test" data= [
  { x: 1, y: 2 },
  { x: 2, y: 4 },
  { x: 3, y: 6 },
  { x: 4, y: 8 },
  { x: 5, y: 10 }
] xAxisLabel="X Axis"  ... >
  at <VTUROOT>
[Vue warn]: Missing required prop: "xLabel"
  at <ScatterChart title="Correlation Test" data= [
  { x: 1, y: 2 },
  { x: 2, y: 4 },
  { x: 3, y: 6 },
  { x: 4, y: 8 },
  { x: 5, y: 10 }
] xAxisLabel="X Axis"  ... >
  at <VTUROOT>
[Vue warn]: Missing required prop: "yLabel"
  at <ScatterChart title="Correlation Test" data= [
  { x: 1, y: 2 },
  { x: 2, y: 4 },
  { x: 3, y: 6 },
  { x: 4, y: 8 },
  { x: 5, y: 10 }
] xAxisLabel="X Axis"  ... >
  at <VTUROOT>

stderr | tests/unit/components/Analytics/ScatterChart.spec.ts > ScatterChart.vue > respects responsive configuration
[Vue warn]: Missing required prop: "datasets"
  at <ScatterChart title="Correlation Test" data= [
  { x: 1, y: 2 },
  { x: 2, y: 4 },
  { x: 3, y: 6 },
  { x: 4, y: 8 },
  { x: 5, y: 10 }
] xAxisLabel="X Axis"  ... >
  at <VTUROOT>
[Vue warn]: Missing required prop: "xLabel"
  at <ScatterChart title="Correlation Test" data= [
  { x: 1, y: 2 },
  { x: 2, y: 4 },
  { x: 3, y: 6 },
  { x: 4, y: 8 },
  { x: 5, y: 10 }
] xAxisLabel="X Axis"  ... >
  at <VTUROOT>
[Vue warn]: Missing required prop: "yLabel"
  at <ScatterChart title="Correlation Test" data= [
  { x: 1, y: 2 },
  { x: 2, y: 4 },
  { x: 3, y: 6 },
  { x: 4, y: 8 },
  { x: 5, y: 10 }
] xAxisLabel="X Axis"  ... >
  at <VTUROOT>

stderr | tests/unit/components/Analytics/ScatterChart.spec.ts > ScatterChart.vue > handles perfect correlation data
[Vue warn]: Missing required prop: "datasets"
  at <ScatterChart title="Perfect Correlation" data= [ { x: 1, y: 1 }, { x: 2, y: 2 }, { x: 3, y: 3 } ] xAxisLabel="X"  ... >
  at <VTUROOT>
[Vue warn]: Missing required prop: "xLabel"
  at <ScatterChart title="Perfect Correlation" data= [ { x: 1, y: 1 }, { x: 2, y: 2 }, { x: 3, y: 3 } ] xAxisLabel="X"  ... >
  at <VTUROOT>
[Vue warn]: Missing required prop: "yLabel"
  at <ScatterChart title="Perfect Correlation" data= [ { x: 1, y: 1 }, { x: 2, y: 2 }, { x: 3, y: 3 } ] xAxisLabel="X"  ... >
  at <VTUROOT>

stderr | tests/unit/components/Analytics/ScatterChart.spec.ts > ScatterChart.vue > handles negative correlation data
[Vue warn]: Missing required prop: "datasets"
  at <ScatterChart title="Negative Correlation" data= [ { x: 1, y: 10 }, { x: 2, y: 8 }, { x: 3, y: 6 } ] xAxisLabel="X"  ... >
  at <VTUROOT>
[Vue warn]: Missing required prop: "xLabel"
  at <ScatterChart title="Negative Correlation" data= [ { x: 1, y: 10 }, { x: 2, y: 8 }, { x: 3, y: 6 } ] xAxisLabel="X"  ... >
  at <VTUROOT>
[Vue warn]: Missing required prop: "yLabel"
  at <ScatterChart title="Negative Correlation" data= [ { x: 1, y: 10 }, { x: 2, y: 8 }, { x: 3, y: 6 } ] xAxisLabel="X"  ... >
  at <VTUROOT>

 ❯ tests/unit/components/Analytics/ScatterChart.spec.ts (12 tests | 12 failed) 22ms
   × ScatterChart.vue > renders title and data point count 11ms
     → Cannot read properties of undefined (reading 'reduce')
   × ScatterChart.vue > shows empty state when no data 1ms
     → Cannot read properties of undefined (reading 'reduce')
   × ScatterChart.vue > calculates correlation coefficient 1ms
     → Cannot read properties of undefined (reading 'reduce')
   × ScatterChart.vue > calculates x and y ranges 1ms
     → Cannot read properties of undefined (reading 'reduce')
   × ScatterChart.vue > shows trend direction 1ms
     → Cannot read properties of undefined (reading 'reduce')
   × ScatterChart.vue > toggles trend line visibility 1ms
     → Cannot read properties of undefined (reading 'reduce')
   × ScatterChart.vue > toggles quadrant visibility 1ms
     → Cannot read properties of undefined (reading 'reduce')
   × ScatterChart.vue > renders statistics when showStats is true 1ms
     → Cannot read properties of undefined (reading 'reduce')
   × ScatterChart.vue > handles data updates 1ms
     → Cannot read properties of undefined (reading 'reduce')
   × ScatterChart.vue > respects responsive configuration 1ms
     → Cannot read properties of undefined (reading 'reduce')
   × ScatterChart.vue > handles perfect correlation data 1ms
     → Cannot read properties of undefined (reading 'reduce')
   × ScatterChart.vue > handles negative correlation data 1ms
     → Cannot read properties of undefined (reading 'reduce')
 ❯ tests/unit/components/Analytics/PieChart.spec.ts (9 tests | 3 failed) 37ms
   × PieChart.vue > renders title and item count 19ms
     → expected 'Test Chart100 itemsA3030%B2525%C4545%' to contain '3 items'
   × PieChart.vue > renders summary cards with percentages 4ms
     → expected 0 to be greater than 0
   × PieChart.vue > respects responsive configuration 2ms
     → expected false to be true // Object.is equality
stdout | tests/unit/composables/useCollaboration.spec.ts > useCollaboration > initialization > should initialize with empty shared records
Initializing Supabase with URL: https://test.supabase.co
Initializing Supabase with key: test-anon-key-12345...

 ✓ tests/unit/composables/useCollaboration.spec.ts (11 tests) 7ms
stdout | tests/unit/composables/useSupabase.spec.ts > useSupabase > should return a Supabase client
Initializing Supabase with URL: https://test.supabase.co
Initializing Supabase with key: test-anon-key-12345...

 ✓ tests/unit/composables/useSupabase.spec.ts (5 tests) 4ms
stdout | tests/unit/composables/useFollowUpReminders.spec.ts > useFollowUpReminders > initialization > should initialize with empty reminders
Initializing Supabase with URL: https://test.supabase.co
Initializing Supabase with key: test-anon-key-12345...

 ✓ tests/unit/composables/useFollowUpReminders.spec.ts (7 tests) 7ms
stdout | tests/unit/composables/useSearch.spec.ts > useSearch > should initialize composable
Initializing Supabase with URL: https://test.supabase.co
Initializing Supabase with key: test-anon-key-12345...

 ❯ tests/unit/composables/useSearch.spec.ts (3 tests | 1 failed) 8ms
   × useSearch > should have required properties 3ms
     → expected undefined to be defined
stdout | tests/unit/composables/useSavedSearches.spec.ts > useSavedSearches > should initialize
Initializing Supabase with URL: https://test.supabase.co
Initializing Supabase with key: test-anon-key-12345...

 ✓ tests/unit/composables/useSavedSearches.spec.ts (2 tests) 6ms
stdout | tests/unit/composables/useCommunicationTemplates.spec.ts > useCommunicationTemplates > should initialize
Initializing Supabase with URL: https://test.supabase.co
Initializing Supabase with key: test-anon-key-12345...

 ✓ tests/unit/composables/useCommunicationTemplates.spec.ts (2 tests) 5ms
 ✓ tests/unit/components/Interaction/EmailSendModal.spec.ts (12 tests) 1238ms
   ✓ EmailSendModal > transitions to confirmation step after send 602ms
   ✓ EmailSendModal > can go back from confirmation to preview 606ms

⎯⎯⎯⎯⎯⎯ Failed Suites 2 ⎯⎯⎯⎯⎯⎯⎯

 FAIL  tests/unit/composables/useAuth.spec.ts [ tests/unit/composables/useAuth.spec.ts ]
Error: Failed to resolve import "~/composables/useAuth" from "tests/unit/composables/useAuth.spec.ts". Does the file exist?
  Plugin: vite:import-analysis
  File: /Users/chrisandrikanich/Documents/Workspaces/Personal/recruiting-compass/web/tests/unit/composables/useAuth.spec.ts:4:38
  2  |    useSupabase: () => mockSupabase
  3  |  }));
  4  |  const __vi_import_0__ = await import('~/composables/useAuth')
     |                                       ^
  5  |  const __vi_import_1__ = await import('pinia')
  6  |  const __vi_import_2__ = await import('~/stores/user')
 ❯ TransformPluginContext._formatError node_modules/vite/dist/node/chunks/dep-BK3b2jBa.js:49258:41
 ❯ TransformPluginContext.error node_modules/vite/dist/node/chunks/dep-BK3b2jBa.js:49253:16
 ❯ normalizeUrl node_modules/vite/dist/node/chunks/dep-BK3b2jBa.js:64307:23
 ❯ node_modules/vite/dist/node/chunks/dep-BK3b2jBa.js:64439:39
 ❯ TransformPluginContext.transform node_modules/vite/dist/node/chunks/dep-BK3b2jBa.js:64366:7
 ❯ PluginContainer.transform node_modules/vite/dist/node/chunks/dep-BK3b2jBa.js:49099:18
 ❯ loadAndTransform node_modules/vite/dist/node/chunks/dep-BK3b2jBa.js:51978:27

⎯⎯⎯⎯⎯⎯⎯⎯⎯⎯⎯⎯⎯⎯⎯⎯⎯⎯⎯⎯⎯⎯⎯[1/72]⎯

 FAIL  tests/unit/utils/analyticsExport.spec.ts [ tests/unit/utils/analyticsExport.spec.ts ]
Error: Failed to resolve import "~/utils/analyticsExport" from "tests/unit/utils/analyticsExport.spec.ts". Does the file exist?
  Plugin: vite:import-analysis
  File: /Users/chrisandrikanich/Documents/Workspaces/Personal/recruiting-compass/web/tests/unit/utils/analyticsExport.spec.ts:27:38
  25 |    writeFile: vi.fn()
  26 |  }));
  27 |  const __vi_import_0__ = await import('~/utils/analyticsExport')
     |                                       ^
  28 |  import { describe, it, expect, vi, beforeEach } from "vitest";
  29 |
 ❯ TransformPluginContext._formatError node_modules/vite/dist/node/chunks/dep-BK3b2jBa.js:49258:41
 ❯ TransformPluginContext.error node_modules/vite/dist/node/chunks/dep-BK3b2jBa.js:49253:16
 ❯ normalizeUrl node_modules/vite/dist/node/chunks/dep-BK3b2jBa.js:64307:23
 ❯ node_modules/vite/dist/node/chunks/dep-BK3b2jBa.js:64439:39
 ❯ TransformPluginContext.transform node_modules/vite/dist/node/chunks/dep-BK3b2jBa.js:64366:7
 ❯ PluginContainer.transform node_modules/vite/dist/node/chunks/dep-BK3b2jBa.js:49099:18
 ❯ loadAndTransform node_modules/vite/dist/node/chunks/dep-BK3b2jBa.js:51978:27

⎯⎯⎯⎯⎯⎯⎯⎯⎯⎯⎯⎯⎯⎯⎯⎯⎯⎯⎯⎯⎯⎯⎯[2/72]⎯

⎯⎯⎯⎯⎯⎯ Failed Tests 70 ⎯⎯⎯⎯⎯⎯⎯

 FAIL  tests/unit/composables/useSearch.spec.ts > useSearch > should have required properties
AssertionError: expected undefined to be defined
 ❯ tests/unit/composables/useSearch.spec.ts:17:28
     15|   it('should have required properties', () => {
     16|     expect(search.query).toBeDefined()
     17|     expect(search.results).toBeDefined()
       |                            ^
     18|     expect(search.filters).toBeDefined()
     19|   })

⎯⎯⎯⎯⎯⎯⎯⎯⎯⎯⎯⎯⎯⎯⎯⎯⎯⎯⎯⎯⎯⎯⎯[3/72]⎯

 FAIL  tests/unit/composables/useRecovery.spec.ts > useRecovery > returns null when no critical tasks missed
Error: Cannot find module '~/composables/useTasks'
Require stack:
- /Users/chrisandrikanich/Documents/Workspaces/Personal/recruiting-compass/web/tests/unit/composables/useRecovery.spec.ts
 ❯ tests/unit/composables/useRecovery.spec.ts:76:15
     74|
     75|     // Override mocked tasks
     76|     vi.mocked(require('~/composables/useTasks')).useTasks = () => ({
       |               ^
     77|       athleteTasks: {
     78|         value: [

⎯⎯⎯⎯⎯⎯⎯⎯⎯⎯⎯⎯⎯⎯⎯⎯⎯⎯⎯⎯⎯⎯⎯[4/72]⎯

 FAIL  tests/unit/components/Analytics/PieChart.spec.ts > PieChart.vue > renders title and item count
AssertionError: expected 'Test Chart100 itemsA3030%B2525%C4545%' to contain '3 items'

Expected: "3 items"
Received: "Test Chart100 itemsA3030%B2525%C4545%"

 ❯ tests/unit/components/Analytics/PieChart.spec.ts:42:28
     40|
     41|     expect(wrapper.text()).toContain('Test Chart')
     42|     expect(wrapper.text()).toContain('3 items')
       |                            ^
     43|   })
     44|

⎯⎯⎯⎯⎯⎯⎯⎯⎯⎯⎯⎯⎯⎯⎯⎯⎯⎯⎯⎯⎯⎯⎯[5/72]⎯

 FAIL  tests/unit/components/Analytics/PieChart.spec.ts > PieChart.vue > renders summary cards with percentages
AssertionError: expected 0 to be greater than 0
 ❯ tests/unit/components/Analytics/PieChart.spec.ts:67:26
     65|
     66|     const cards = wrapper.findAll('[data-testid="summary-card"]')
     67|     expect(cards.length).toBeGreaterThan(0)
       |                          ^
     68|   })
     69|

⎯⎯⎯⎯⎯⎯⎯⎯⎯⎯⎯⎯⎯⎯⎯⎯⎯⎯⎯⎯⎯⎯⎯[6/72]⎯

 FAIL  tests/unit/components/Analytics/PieChart.spec.ts > PieChart.vue > respects responsive configuration
AssertionError: expected false to be true // Object.is equality

- Expected
+ Received

- true
+ false

 ❯ tests/unit/components/Analytics/PieChart.spec.ts:156:57
    154|
    155|     expect(wrapper.vm.chartOptions.responsive).toBe(true)
    156|     expect(wrapper.vm.chartOptions.maintainAspectRatio).toBe(true)
       |                                                         ^
    157|   })
    158| })

⎯⎯⎯⎯⎯⎯⎯⎯⎯⎯⎯⎯⎯⎯⎯⎯⎯⎯⎯⎯⎯⎯⎯[7/72]⎯

 FAIL  tests/unit/components/Analytics/ScatterChart.spec.ts > ScatterChart.vue > renders title and data point count
 FAIL  tests/unit/components/Analytics/ScatterChart.spec.ts > ScatterChart.vue > shows empty state when no data
 FAIL  tests/unit/components/Analytics/ScatterChart.spec.ts > ScatterChart.vue > calculates correlation coefficient
 FAIL  tests/unit/components/Analytics/ScatterChart.spec.ts > ScatterChart.vue > calculates x and y ranges
 FAIL  tests/unit/components/Analytics/ScatterChart.spec.ts > ScatterChart.vue > shows trend direction
 FAIL  tests/unit/components/Analytics/ScatterChart.spec.ts > ScatterChart.vue > toggles trend line visibility
 FAIL  tests/unit/components/Analytics/ScatterChart.spec.ts > ScatterChart.vue > toggles quadrant visibility
 FAIL  tests/unit/components/Analytics/ScatterChart.spec.ts > ScatterChart.vue > renders statistics when showStats is true
 FAIL  tests/unit/components/Analytics/ScatterChart.spec.ts > ScatterChart.vue > handles data updates
 FAIL  tests/unit/components/Analytics/ScatterChart.spec.ts > ScatterChart.vue > respects responsive configuration
 FAIL  tests/unit/components/Analytics/ScatterChart.spec.ts > ScatterChart.vue > handles perfect correlation data
 FAIL  tests/unit/components/Analytics/ScatterChart.spec.ts > ScatterChart.vue > handles negative correlation data
TypeError: Cannot read properties of undefined (reading 'reduce')
 ❯ ComputedRefImpl.fn components/Analytics/ScatterChart.vue:123:25
    121|
    122| const dataPoints = computed(() => {
    123|   return props.datasets.reduce((sum, ds) => sum + ds.data.length, 0)
       |                         ^
    124| })
    125|
 ❯ refreshComputed node_modules/@vue/reactivity/dist/reactivity.cjs.js:395:28
 ❯ ComputedRefImpl.get value [as value] node_modules/@vue/reactivity/dist/reactivity.cjs.js:1695:5
 ❯ unref node_modules/@vue/reactivity/dist/reactivity.cjs.js:1522:29
 ❯ Object.get node_modules/@vue/reactivity/dist/reactivity.cjs.js:1528:64
 ❯ Proxy._sfc_render components/Analytics/ScatterChart.vue:7:51
 ❯ renderComponentRoot node_modules/@vue/runtime-core/dist/runtime-core.cjs.js:4475:16
 ❯ ReactiveEffect.componentUpdateFn [as fn] node_modules/@vue/runtime-core/dist/runtime-core.cjs.js:5984:46
 ❯ ReactiveEffect.run node_modules/@vue/reactivity/dist/reactivity.cjs.js:241:19
 ❯ setupRenderEffect node_modules/@vue/runtime-core/dist/runtime-core.cjs.js:6119:5

⎯⎯⎯⎯⎯⎯⎯⎯⎯⎯⎯⎯⎯⎯⎯⎯⎯⎯⎯⎯⎯⎯⎯[8/72]⎯

 FAIL  tests/unit/components/Analytics/FunnelChart.spec.ts > FunnelChart.vue > renders title and total items
 FAIL  tests/unit/components/Analytics/FunnelChart.spec.ts > FunnelChart.vue > shows empty state when no data
 FAIL  tests/unit/components/Analytics/FunnelChart.spec.ts > FunnelChart.vue > renders correct number of stages
 FAIL  tests/unit/components/Analytics/FunnelChart.spec.ts > FunnelChart.vue > calculates conversion rates correctly
 FAIL  tests/unit/components/Analytics/FunnelChart.spec.ts > FunnelChart.vue > calculates stage percentages
 FAIL  tests/unit/components/Analytics/FunnelChart.spec.ts > FunnelChart.vue > applies custom colors
 FAIL  tests/unit/components/Analytics/FunnelChart.spec.ts > FunnelChart.vue > emits stage-click event
 FAIL  tests/unit/components/Analytics/FunnelChart.spec.ts > FunnelChart.vue > renders stage detail cards
 FAIL  tests/unit/components/Analytics/FunnelChart.spec.ts > FunnelChart.vue > displays stage labels
 FAIL  tests/unit/components/Analytics/FunnelChart.spec.ts > FunnelChart.vue > handles data updates
 FAIL  tests/unit/components/Analytics/FunnelChart.spec.ts > FunnelChart.vue > handles equal stage sizes
 FAIL  tests/unit/components/Analytics/FunnelChart.spec.ts > FunnelChart.vue > handles single stage
 FAIL  tests/unit/components/Analytics/FunnelChart.spec.ts > FunnelChart.vue > renders SVG funnel visualization
 FAIL  tests/unit/components/Analytics/FunnelChart.spec.ts > FunnelChart.vue > handles responsive sizing
TypeError: Cannot read properties of undefined (reading 'reduce')
 ❯ ComputedRefImpl.fn components/Analytics/FunnelChart.vue:142:23
    140|
    141| const totalItems = computed(() => {
    142|   return props.stages.reduce((sum, stage) => sum + stage.value, 0)
       |                       ^
    143| })
    144|
 ❯ refreshComputed node_modules/@vue/reactivity/dist/reactivity.cjs.js:395:28
 ❯ ComputedRefImpl.get value [as value] node_modules/@vue/reactivity/dist/reactivity.cjs.js:1695:5
 ❯ unref node_modules/@vue/reactivity/dist/reactivity.cjs.js:1522:29
 ❯ Object.get node_modules/@vue/reactivity/dist/reactivity.cjs.js:1528:64
 ❯ Proxy._sfc_render components/Analytics/FunnelChart.vue:7:51
 ❯ renderComponentRoot node_modules/@vue/runtime-core/dist/runtime-core.cjs.js:4475:16
 ❯ ReactiveEffect.componentUpdateFn [as fn] node_modules/@vue/runtime-core/dist/runtime-core.cjs.js:5984:46
 ❯ ReactiveEffect.run node_modules/@vue/reactivity/dist/reactivity.cjs.js:241:19
 ❯ setupRenderEffect node_modules/@vue/runtime-core/dist/runtime-core.cjs.js:6119:5

⎯⎯⎯⎯⎯⎯⎯⎯⎯⎯⎯⎯⎯⎯⎯⎯⎯⎯⎯⎯⎯⎯⎯[9/72]⎯

 FAIL  tests/unit/pages/schools-id-coaches.spec.ts > pages/schools/[id]/coaches.vue > Page Load > should display loading state
AssertionError: expected '← Back to School Coaches+ Add Coach S…' to contain 'Loading coaches...'

Expected: "Loading coaches..."
Received: "← Back to School Coaches+ Add Coach Search  Role All RolesHead CoachAssistant CoachRecruiting Coordinator Sort by Name (A-Z)Last Contact (Recent)Responsiveness"

 ❯ tests/unit/pages/schools-id-coaches.spec.ts:145:30
    143|       const wrapper = mount(SchoolCoachesPage)
    144|
    145|       expect(wrapper.text()).toContain('Loading coaches...')
       |                              ^
    146|     })
    147|

⎯⎯⎯⎯⎯⎯⎯⎯⎯⎯⎯⎯⎯⎯⎯⎯⎯⎯⎯⎯⎯⎯[10/72]⎯

 FAIL  tests/unit/pages/schools-id-coaches.spec.ts > pages/schools/[id]/coaches.vue > Page Load > should display empty state when no coaches
AssertionError: expected '← Back to School Coaches+ Add Coach S…' to contain 'No coaches added yet'

Expected: "No coaches added yet"
Received: "← Back to School Coaches+ Add Coach Search  Role All RolesHead CoachAssistant CoachRecruiting Coordinator Sort by Name (A-Z)Last Contact (Recent)Responsiveness"

 ❯ tests/unit/pages/schools-id-coaches.spec.ts:153:30
    151|       const wrapper = mount(SchoolCoachesPage)
    152|
    153|       expect(wrapper.text()).toContain('No coaches added yet')
       |                              ^
    154|     })
    155|

⎯⎯⎯⎯⎯⎯⎯⎯⎯⎯⎯⎯⎯⎯⎯⎯⎯⎯⎯⎯⎯⎯[11/72]⎯

 FAIL  tests/unit/pages/schools-id-coaches.spec.ts > pages/schools/[id]/coaches.vue > Page Load > should display coaches when loaded
AssertionError: expected [] to have a length of 2 but got +0

- Expected
+ Received

- 2
+ 0

 ❯ tests/unit/pages/schools-id-coaches.spec.ts:164:26
    162|
    163|       const coachCards = wrapper.findAll('.coach-card')
    164|       expect(coachCards).toHaveLength(2)
       |                          ^
    165|     })
    166|

⎯⎯⎯⎯⎯⎯⎯⎯⎯⎯⎯⎯⎯⎯⎯⎯⎯⎯⎯⎯⎯⎯[12/72]⎯

 FAIL  tests/unit/pages/schools-id-coaches.spec.ts > pages/schools/[id]/coaches.vue > Search Filtering > should filter coaches by first name
AssertionError: expected [] to have a length of 2 but got +0

- Expected
+ Received

- 2
+ 0

 ❯ tests/unit/pages/schools-id-coaches.spec.ts:192:26
    190|
    191|       const coachCards = wrapper.findAll('.coach-card')
    192|       expect(coachCards).toHaveLength(2) // John Smith and Bob Johnson
       |                          ^
    193|     })
    194|

⎯⎯⎯⎯⎯⎯⎯⎯⎯⎯⎯⎯⎯⎯⎯⎯⎯⎯⎯⎯⎯⎯[13/72]⎯

 FAIL  tests/unit/pages/schools-id-coaches.spec.ts > pages/schools/[id]/coaches.vue > Search Filtering > should filter coaches by last name
AssertionError: expected [] to have a length of 1 but got +0

- Expected
+ Received

- 1
+ 0

 ❯ tests/unit/pages/schools-id-coaches.spec.ts:203:26
    201|
    202|       const coachCards = wrapper.findAll('.coach-card')
    203|       expect(coachCards).toHaveLength(1)
       |                          ^
    204|     })
    205|

⎯⎯⎯⎯⎯⎯⎯⎯⎯⎯⎯⎯⎯⎯⎯⎯⎯⎯⎯⎯⎯⎯[14/72]⎯

 FAIL  tests/unit/pages/schools-id-coaches.spec.ts > pages/schools/[id]/coaches.vue > Search Filtering > should filter coaches by email
AssertionError: expected [] to have a length of 1 but got +0

- Expected
+ Received

- 1
+ 0

 ❯ tests/unit/pages/schools-id-coaches.spec.ts:214:26
    212|
    213|       const coachCards = wrapper.findAll('.coach-card')
    214|       expect(coachCards).toHaveLength(1)
       |                          ^
    215|     })
    216|

⎯⎯⎯⎯⎯⎯⎯⎯⎯⎯⎯⎯⎯⎯⎯⎯⎯⎯⎯⎯⎯⎯[15/72]⎯

 FAIL  tests/unit/pages/schools-id-coaches.spec.ts > pages/schools/[id]/coaches.vue > Search Filtering > should filter coaches by phone
AssertionError: expected [] to have a length of 1 but got +0

- Expected
+ Received

- 1
+ 0

 ❯ tests/unit/pages/schools-id-coaches.spec.ts:225:26
    223|
    224|       const coachCards = wrapper.findAll('.coach-card')
    225|       expect(coachCards).toHaveLength(1)
       |                          ^
    226|     })
    227|

⎯⎯⎯⎯⎯⎯⎯⎯⎯⎯⎯⎯⎯⎯⎯⎯⎯⎯⎯⎯⎯⎯[16/72]⎯

 FAIL  tests/unit/pages/schools-id-coaches.spec.ts > pages/schools/[id]/coaches.vue > Search Filtering > should be case insensitive
AssertionError: expected 0 to be greater than 0
 ❯ tests/unit/pages/schools-id-coaches.spec.ts:236:33
    234|
    235|       const coachCards = wrapper.findAll('.coach-card')
    236|       expect(coachCards.length).toBeGreaterThan(0)
       |                                 ^
    237|     })
    238|

⎯⎯⎯⎯⎯⎯⎯⎯⎯⎯⎯⎯⎯⎯⎯⎯⎯⎯⎯⎯⎯⎯[17/72]⎯

 FAIL  tests/unit/pages/schools-id-coaches.spec.ts > pages/schools/[id]/coaches.vue > Search Filtering > should show no results message when search matches nothing
AssertionError: expected '← Back to School CoachesTest Universi…' to contain 'No coaches match your filters'

Expected: "No coaches match your filters"
Received: "← Back to School CoachesTest University+ Add Coach Search  Role All RolesHead CoachAssistant CoachRecruiting Coordinator Sort by Name (A-Z)Last Contact (Recent)Responsiveness Clear Filters"

 ❯ tests/unit/pages/schools-id-coaches.spec.ts:246:30
    244|       await flushPromises()
    245|
    246|       expect(wrapper.text()).toContain('No coaches match your filters')
       |                              ^
    247|     })
    248|   })

⎯⎯⎯⎯⎯⎯⎯⎯⎯⎯⎯⎯⎯⎯⎯⎯⎯⎯⎯⎯⎯⎯[18/72]⎯

 FAIL  tests/unit/pages/schools-id-coaches.spec.ts > pages/schools/[id]/coaches.vue > Role Filtering > should filter coaches by head coach role
AssertionError: expected [] to have a length of 1 but got +0

- Expected
+ Received

- 1
+ 0

 ❯ tests/unit/pages/schools-id-coaches.spec.ts:267:26
    265|
    266|       const coachCards = wrapper.findAll('.coach-card')
    267|       expect(coachCards).toHaveLength(1)
       |                          ^
    268|     })
    269|

⎯⎯⎯⎯⎯⎯⎯⎯⎯⎯⎯⎯⎯⎯⎯⎯⎯⎯⎯⎯⎯⎯[19/72]⎯

 FAIL  tests/unit/pages/schools-id-coaches.spec.ts > pages/schools/[id]/coaches.vue > Role Filtering > should filter coaches by assistant role
AssertionError: expected [] to have a length of 1 but got +0

- Expected
+ Received

- 1
+ 0

 ❯ tests/unit/pages/schools-id-coaches.spec.ts:278:26
    276|
    277|       const coachCards = wrapper.findAll('.coach-card')
    278|       expect(coachCards).toHaveLength(1)
       |                          ^
    279|     })
    280|

⎯⎯⎯⎯⎯⎯⎯⎯⎯⎯⎯⎯⎯⎯⎯⎯⎯⎯⎯⎯⎯⎯[20/72]⎯

 FAIL  tests/unit/pages/schools-id-coaches.spec.ts > pages/schools/[id]/coaches.vue > Role Filtering > should filter coaches by recruiting coordinator role
AssertionError: expected [] to have a length of 1 but got +0

- Expected
+ Received

- 1
+ 0

 ❯ tests/unit/pages/schools-id-coaches.spec.ts:289:26
    287|
    288|       const coachCards = wrapper.findAll('.coach-card')
    289|       expect(coachCards).toHaveLength(1)
       |                          ^
    290|     })
    291|

⎯⎯⎯⎯⎯⎯⎯⎯⎯⎯⎯⎯⎯⎯⎯⎯⎯⎯⎯⎯⎯⎯[21/72]⎯

 FAIL  tests/unit/pages/schools-id-coaches.spec.ts > pages/schools/[id]/coaches.vue > Role Filtering > should show all coaches when role is empty
AssertionError: expected [] to have a length of 3 but got +0

- Expected
+ Received

- 3
+ 0

 ❯ tests/unit/pages/schools-id-coaches.spec.ts:300:26
    298|
    299|       const coachCards = wrapper.findAll('.coach-card')
    300|       expect(coachCards).toHaveLength(3)
       |                          ^
    301|     })
    302|   })

⎯⎯⎯⎯⎯⎯⎯⎯⎯⎯⎯⎯⎯⎯⎯⎯⎯⎯⎯⎯⎯⎯[22/72]⎯

 FAIL  tests/unit/pages/schools-id-coaches.spec.ts > pages/schools/[id]/coaches.vue > Sorting > should sort by name (A-Z) by default
TypeError: Cannot read properties of undefined (reading 'text')
 ❯ tests/unit/pages/schools-id-coaches.spec.ts:332:28
    330|
    331|       const coachCards = wrapper.findAll('.coach-card')
    332|       expect(coachCards[0].text()).toContain('Alice')
       |                            ^
    333|       expect(coachCards[1].text()).toContain('Bob')
    334|       expect(coachCards[2].text()).toContain('Charlie')

⎯⎯⎯⎯⎯⎯⎯⎯⎯⎯⎯⎯⎯⎯⎯⎯⎯⎯⎯⎯⎯⎯[23/72]⎯

 FAIL  tests/unit/pages/schools-id-coaches.spec.ts > pages/schools/[id]/coaches.vue > Sorting > should sort by last contact (recent first)
TypeError: Cannot read properties of undefined (reading 'text')
 ❯ tests/unit/pages/schools-id-coaches.spec.ts:345:28
    343|
    344|       const coachCards = wrapper.findAll('.coach-card')
    345|       expect(coachCards[0].text()).toContain('Alice') // 2024-01-20
       |                            ^
    346|       expect(coachCards[1].text()).toContain('Bob') // 2024-01-15
    347|       expect(coachCards[2].text()).toContain('Charlie') // 2024-01-10

⎯⎯⎯⎯⎯⎯⎯⎯⎯⎯⎯⎯⎯⎯⎯⎯⎯⎯⎯⎯⎯⎯[24/72]⎯

 FAIL  tests/unit/pages/schools-id-coaches.spec.ts > pages/schools/[id]/coaches.vue > Sorting > should sort by responsiveness (highest first)
TypeError: Cannot read properties of undefined (reading 'text')
 ❯ tests/unit/pages/schools-id-coaches.spec.ts:358:28
    356|
    357|       const coachCards = wrapper.findAll('.coach-card')
    358|       expect(coachCards[0].text()).toContain('Alice') // 90
       |                            ^
    359|       expect(coachCards[1].text()).toContain('Charlie') // 60
    360|       expect(coachCards[2].text()).toContain('Bob') // 40

⎯⎯⎯⎯⎯⎯⎯⎯⎯⎯⎯⎯⎯⎯⎯⎯⎯⎯⎯⎯⎯⎯[25/72]⎯

 FAIL  tests/unit/pages/schools-id-coaches.spec.ts > pages/schools/[id]/coaches.vue > Sorting > should handle null last_contact_date in sorting
AssertionError: expected [] to have a length of 2 but got +0

- Expected
+ Received

- 2
+ 0

 ❯ tests/unit/pages/schools-id-coaches.spec.ts:377:26
    375|       // Should not crash
    376|       const coachCards = wrapper.findAll('.coach-card')
    377|       expect(coachCards).toHaveLength(2)
       |                          ^
    378|     })
    379|   })

⎯⎯⎯⎯⎯⎯⎯⎯⎯⎯⎯⎯⎯⎯⎯⎯⎯⎯⎯⎯⎯⎯[26/72]⎯

 FAIL  tests/unit/pages/schools-id-coaches.spec.ts > pages/schools/[id]/coaches.vue > Results Summary > should show correct count for filtered results
AssertionError: expected '← Back to School Coaches+ Add Coach S…' to contain 'Showing 3 of 3 coaches'

Expected: "Showing 3 of 3 coaches"
Received: "← Back to School Coaches+ Add Coach Search  Role All RolesHead CoachAssistant CoachRecruiting Coordinator Sort by Name (A-Z)Last Contact (Recent)Responsiveness"

 ❯ tests/unit/pages/schools-id-coaches.spec.ts:435:30
    433|       const wrapper = mount(SchoolCoachesPage)
    434|
    435|       expect(wrapper.text()).toContain('Showing 3 of 3 coaches')
       |                              ^
    436|
    437|       await wrapper.find('#search').setValue('John')

⎯⎯⎯⎯⎯⎯⎯⎯⎯⎯⎯⎯⎯⎯⎯⎯⎯⎯⎯⎯⎯⎯[27/72]⎯

 FAIL  tests/unit/pages/schools-id-coaches.spec.ts > pages/schools/[id]/coaches.vue > Results Summary > should show singular "coach" for single result
AssertionError: expected '← Back to School Coaches+ Add Coach S…' to contain 'Showing 1 of 1 coach'

Expected: "Showing 1 of 1 coach"
Received: "← Back to School Coaches+ Add Coach Search  Role All RolesHead CoachAssistant CoachRecruiting Coordinator Sort by Name (A-Z)Last Contact (Recent)Responsiveness"

 ❯ tests/unit/pages/schools-id-coaches.spec.ts:447:30
    445|       const wrapper = mount(SchoolCoachesPage)
    446|
    447|       expect(wrapper.text()).toContain('Showing 1 of 1 coach')
       |                              ^
    448|     })
    449|   })

⎯⎯⎯⎯⎯⎯⎯⎯⎯⎯⎯⎯⎯⎯⎯⎯⎯⎯⎯⎯⎯⎯[28/72]⎯

 FAIL  tests/unit/pages/schools-id-coaches.spec.ts > pages/schools/[id]/coaches.vue > Add Coach Form > should show form when Add Coach button is clicked
AssertionError: expected false to be true // Object.is equality

- Expected
+ Received

- true
+ false

 ❯ tests/unit/pages/schools-id-coaches.spec.ts:461:51
    459|
    460|       expect(wrapper.text()).toContain('Add New Coach')
    461|       expect(wrapper.find('#firstName').exists()).toBe(true)
       |                                                   ^
    462|     })
    463|

⎯⎯⎯⎯⎯⎯⎯⎯⎯⎯⎯⎯⎯⎯⎯⎯⎯⎯⎯⎯⎯⎯[29/72]⎯

 FAIL  tests/unit/pages/schools-id-coaches.spec.ts > pages/schools/[id]/coaches.vue > Add Coach Form > should create coach when form is submitted
Error: Cannot call setValue on an empty DOMWrapper.
 ❯ Object.get node_modules/@vue/test-utils/dist/vue-test-utils.cjs.js:1574:27
    1572|                     return function () { return false; };
    1573|                 default:
    1574|                     throw new Error("Cannot call ".concat(String(prop)…
       |                           ^
    1575|             }
    1576|         }
 ❯ tests/unit/pages/schools-id-coaches.spec.ts:491:33

⎯⎯⎯⎯⎯⎯⎯⎯⎯⎯⎯⎯⎯⎯⎯⎯⎯⎯⎯⎯⎯⎯[30/72]⎯

 FAIL  tests/unit/pages/schools-id-coaches.spec.ts > pages/schools/[id]/coaches.vue > Add Coach Form > should refresh coaches list after creating coach
Error: Cannot call setValue on an empty DOMWrapper.
 ❯ Object.get node_modules/@vue/test-utils/dist/vue-test-utils.cjs.js:1574:27
    1572|                     return function () { return false; };
    1573|                 default:
    1574|                     throw new Error("Cannot call ".concat(String(prop)…
       |                           ^
    1575|             }
    1576|         }
 ❯ tests/unit/pages/schools-id-coaches.spec.ts:521:33

⎯⎯⎯⎯⎯⎯⎯⎯⎯⎯⎯⎯⎯⎯⎯⎯⎯⎯⎯⎯⎯⎯[31/72]⎯

 FAIL  tests/unit/pages/schools-id-coaches.spec.ts > pages/schools/[id]/coaches.vue > Add Coach Form > should disable submit button when required fields are empty
Error: Cannot call attributes on an empty DOMWrapper.
 ❯ Object.get node_modules/@vue/test-utils/dist/vue-test-utils.cjs.js:1574:27
    1572|                     return function () { return false; };
    1573|                 default:
    1574|                     throw new Error("Cannot call ".concat(String(prop)…
       |                           ^
    1575|             }
    1576|         }
 ❯ tests/unit/pages/schools-id-coaches.spec.ts:540:27

⎯⎯⎯⎯⎯⎯⎯⎯⎯⎯⎯⎯⎯⎯⎯⎯⎯⎯⎯⎯⎯⎯[32/72]⎯

 FAIL  tests/unit/pages/schools-id-coaches.spec.ts > pages/schools/[id]/coaches.vue > Add Coach Form > should enable submit button when required fields are filled
Error: Cannot call setValue on an empty DOMWrapper.
 ❯ Object.get node_modules/@vue/test-utils/dist/vue-test-utils.cjs.js:1574:27
    1572|                     return function () { return false; };
    1573|                 default:
    1574|                     throw new Error("Cannot call ".concat(String(prop)…
       |                           ^
    1575|             }
    1576|         }
 ❯ tests/unit/pages/schools-id-coaches.spec.ts:550:33

⎯⎯⎯⎯⎯⎯⎯⎯⎯⎯⎯⎯⎯⎯⎯⎯⎯⎯⎯⎯⎯⎯[33/72]⎯

 FAIL  tests/unit/pages/schools-id-coaches.spec.ts > pages/schools/[id]/coaches.vue > Add Coach Form > should handle creation error
Error: Cannot call setValue on an empty DOMWrapper.
 ❯ Object.get node_modules/@vue/test-utils/dist/vue-test-utils.cjs.js:1574:27
    1572|                     return function () { return false; };
    1573|                 default:
    1574|                     throw new Error("Cannot call ".concat(String(prop)…
       |                           ^
    1575|             }
    1576|         }
 ❯ tests/unit/pages/schools-id-coaches.spec.ts:567:33

⎯⎯⎯⎯⎯⎯⎯⎯⎯⎯⎯⎯⎯⎯⎯⎯⎯⎯⎯⎯⎯⎯[34/72]⎯

 FAIL  tests/unit/pages/schools-id-coaches.spec.ts > pages/schools/[id]/coaches.vue > Delete Coach > should confirm before deleting
AssertionError: expected "spy" to be called with arguments: [ Array(1) ]

Received:



Number of calls: 0

 ❯ tests/unit/pages/schools-id-coaches.spec.ts:599:30
    597|       await deleteButton.trigger('click')
    598|
    599|       expect(window.confirm).toHaveBeenCalledWith('Are you sure you wa…
       |                              ^
    600|     })
    601|

⎯⎯⎯⎯⎯⎯⎯⎯⎯⎯⎯⎯⎯⎯⎯⎯⎯⎯⎯⎯⎯⎯[35/72]⎯

 FAIL  tests/unit/pages/schools-id-coaches.spec.ts > pages/schools/[id]/coaches.vue > Delete Coach > should delete coach when confirmed
AssertionError: expected "spy" to be called at least once
 ❯ tests/unit/pages/schools-id-coaches.spec.ts:612:31
    610|       await flushPromises()
    611|
    612|       expect(mockDeleteCoach).toHaveBeenCalled()
       |                               ^
    613|     })
    614|

⎯⎯⎯⎯⎯⎯⎯⎯⎯⎯⎯⎯⎯⎯⎯⎯⎯⎯⎯⎯⎯⎯[36/72]⎯

 FAIL  tests/unit/pages/schools-id-coaches.spec.ts > pages/schools/[id]/coaches.vue > Delete Coach > should handle delete error
AssertionError: expected "error" to be called with arguments: [ 'Failed to delete coach:', …(1) ]

Received:



Number of calls: 0

 ❯ tests/unit/pages/schools-id-coaches.spec.ts:637:29
    635|       await flushPromises()
    636|
    637|       expect(console.error).toHaveBeenCalledWith('Failed to delete coa…
       |                             ^
    638|     })
    639|   })

⎯⎯⎯⎯⎯⎯⎯⎯⎯⎯⎯⎯⎯⎯⎯⎯⎯⎯⎯⎯⎯⎯[37/72]⎯

 FAIL  tests/unit/pages/schools-id-coaches.spec.ts > pages/schools/[id]/coaches.vue > Quick Actions > should handle email action
Error: Cannot call vm on an empty VueWrapper.
 ❯ Object.get node_modules/@vue/test-utils/dist/vue-test-utils.cjs.js:1574:27
    1572|                     return function () { return false; };
    1573|                 default:
    1574|                     throw new Error("Cannot call ".concat(String(prop)…
       |                           ^
    1575|             }
    1576|         }
 ❯ tests/unit/pages/schools-id-coaches.spec.ts:657:23

⎯⎯⎯⎯⎯⎯⎯⎯⎯⎯⎯⎯⎯⎯⎯⎯⎯⎯⎯⎯⎯⎯[38/72]⎯

 FAIL  tests/unit/pages/schools-id-coaches.spec.ts > pages/schools/[id]/coaches.vue > Quick Actions > should handle text action
Error: Cannot call vm on an empty VueWrapper.
 ❯ Object.get node_modules/@vue/test-utils/dist/vue-test-utils.cjs.js:1574:27
    1572|                     return function () { return false; };
    1573|                 default:
    1574|                     throw new Error("Cannot call ".concat(String(prop)…
       |                           ^
    1575|             }
    1576|         }
 ❯ tests/unit/pages/schools-id-coaches.spec.ts:666:23

⎯⎯⎯⎯⎯⎯⎯⎯⎯⎯⎯⎯⎯⎯⎯⎯⎯⎯⎯⎯⎯⎯[39/72]⎯

 FAIL  tests/unit/pages/schools-id-coaches.spec.ts > pages/schools/[id]/coaches.vue > Quick Actions > should handle twitter action
Error: Cannot call vm on an empty VueWrapper.
 ❯ Object.get node_modules/@vue/test-utils/dist/vue-test-utils.cjs.js:1574:27
    1572|                     return function () { return false; };
    1573|                 default:
    1574|                     throw new Error("Cannot call ".concat(String(prop)…
       |                           ^
    1575|             }
    1576|         }
 ❯ tests/unit/pages/schools-id-coaches.spec.ts:675:23

⎯⎯⎯⎯⎯⎯⎯⎯⎯⎯⎯⎯⎯⎯⎯⎯⎯⎯⎯⎯⎯⎯[40/72]⎯

 FAIL  tests/unit/pages/schools-id-coaches.spec.ts > pages/schools/[id]/coaches.vue > Quick Actions > should handle instagram action
Error: Cannot call vm on an empty VueWrapper.
 ❯ Object.get node_modules/@vue/test-utils/dist/vue-test-utils.cjs.js:1574:27
    1572|                     return function () { return false; };
    1573|                 default:
    1574|                     throw new Error("Cannot call ".concat(String(prop)…
       |                           ^
    1575|             }
    1576|         }
 ❯ tests/unit/pages/schools-id-coaches.spec.ts:684:23

⎯⎯⎯⎯⎯⎯⎯⎯⎯⎯⎯⎯⎯⎯⎯⎯⎯⎯⎯⎯⎯⎯[41/72]⎯

 FAIL  tests/unit/pages/schools-id-coaches.spec.ts > pages/schools/[id]/coaches.vue > Edge Cases > should handle combined filters with no results
AssertionError: expected '← Back to School CoachesTest Universi…' to contain 'No coaches match your filters'

Expected: "No coaches match your filters"
Received: "← Back to School CoachesTest University+ Add Coach Search  Role All RolesHead CoachAssistant CoachRecruiting Coordinator Sort by Name (A-Z)Last Contact (Recent)Responsiveness Clear Filters"

 ❯ tests/unit/pages/schools-id-coaches.spec.ts:722:30
    720|       await flushPromises()
    721|
    722|       expect(wrapper.text()).toContain('No coaches match your filters')
       |                              ^
    723|     })
    724|   })

⎯⎯⎯⎯⎯⎯⎯⎯⎯⎯⎯⎯⎯⎯⎯⎯⎯⎯⎯⎯⎯⎯[42/72]⎯

 FAIL  tests/integration/phase4.integration.spec.ts > Phase 4 Integration Tests > Search & Saved Searches Workflow > should perform search and save result as template
AssertionError: expected null not to be null
 ❯ tests/integration/phase4.integration.spec.ts:30:31
     28|       )
     29|
     30|       expect(savedSearch).not.toBeNull()
       |                               ^
     31|       expect(savedSearch?.name).toBe('My D1 Search')
     32|     })

⎯⎯⎯⎯⎯⎯⎯⎯⎯⎯⎯⎯⎯⎯⎯⎯⎯⎯⎯⎯⎯⎯[43/72]⎯

 FAIL  tests/integration/phase4.integration.spec.ts > Phase 4 Integration Tests > Templates & Reminders Workflow > should create template and use for communication
AssertionError: expected null not to be null
 ❯ tests/integration/phase4.integration.spec.ts:94:28
     92|       )
     93|
     94|       expect(template).not.toBeNull()
       |                            ^
     95|       expect(template?.variables).toContain('coach_name')
     96|       expect(template?.variables).toContain('school_name')

⎯⎯⎯⎯⎯⎯⎯⎯⎯⎯⎯⎯⎯⎯⎯⎯⎯⎯⎯⎯⎯⎯[44/72]⎯

 FAIL  tests/integration/phase4.integration.spec.ts > Phase 4 Integration Tests > Templates & Reminders Workflow > should create reminders and track follow-ups
AssertionError: expected null not to be null
 ❯ tests/integration/phase4.integration.spec.ts:124:28
    122|       )
    123|
    124|       expect(reminder).not.toBeNull()
       |                            ^
    125|       expect(reminder?.priority).toBe('high')
    126|

⎯⎯⎯⎯⎯⎯⎯⎯⎯⎯⎯⎯⎯⎯⎯⎯⎯⎯⎯⎯⎯⎯[45/72]⎯

 FAIL  tests/integration/phase4.integration.spec.ts > Phase 4 Integration Tests > Collaboration Workflow > should share record and manage access
AssertionError: expected null not to be null
 ❯ tests/integration/phase4.integration.spec.ts:193:25
    191|       )
    192|
    193|       expect(share).not.toBeNull()
       |                         ^
    194|       expect(share?.access_level).toBe('view')
    195|

⎯⎯⎯⎯⎯⎯⎯⎯⎯⎯⎯⎯⎯⎯⎯⎯⎯⎯⎯⎯⎯⎯[46/72]⎯

 FAIL  tests/integration/phase4.integration.spec.ts > Phase 4 Integration Tests > Collaboration Workflow > should add comments to shared records
AssertionError: expected null not to be null
 ❯ tests/integration/phase4.integration.spec.ts:212:27
    210|       )
    211|
    212|       expect(comment).not.toBeNull()
       |                           ^
    213|       expect(comment?.mentions).toContain('coach-123')
    214|     })

⎯⎯⎯⎯⎯⎯⎯⎯⎯⎯⎯⎯⎯⎯⎯⎯⎯⎯⎯⎯⎯⎯[47/72]⎯

 FAIL  tests/integration/phase4.integration.spec.ts > Phase 4 Integration Tests > Full Workflow Scenario > should execute complete recruiting workflow
AssertionError: expected null not to be null
 ❯ tests/integration/phase4.integration.spec.ts:234:31
    232|         { schools: { division: 'D1' } }
    233|       )
    234|       expect(savedSearch).not.toBeNull()
       |                               ^
    235|
    236|       const emailTemplate = await templates.createTemplate(

⎯⎯⎯⎯⎯⎯⎯⎯⎯⎯⎯⎯⎯⎯⎯⎯⎯⎯⎯⎯⎯⎯[48/72]⎯

⎯⎯⎯⎯⎯⎯ Unhandled Errors ⎯⎯⎯⎯⎯⎯

Vitest caught 4 unhandled errors during the test run.
This might cause false positive tests. Resolve unhandled errors to make sure your tests are not affected.

⎯⎯⎯⎯ Unhandled Rejection ⎯⎯⎯⎯⎯
TypeError: confirm is not a function
 ❯ Proxy.deleteCoach pages/schools/[id]/coaches.vue:278:7
    276|
    277| const deleteCoach = async (coachId: string) => {
    278|   if (confirm('Are you sure you want to delete this coach?')) {
       |       ^
    279|     try {
    280|       await deleteCoachAPI(coachId)
 ❯ onClick pages/schools/[id]/coaches.vue:133:21
 ❯ callWithErrorHandling node_modules/@vue/runtime-core/dist/runtime-core.cjs.js:200:19
 ❯ Object.callWithAsyncErrorHandling node_modules/@vue/runtime-core/dist/runtime-core.cjs.js:207:17
 ❯ HTMLButtonElement.invoker node_modules/@vue/runtime-dom/dist/runtime-dom.cjs.js:665:17
 ❯ HTMLButtonElement.dispatchEvent node_modules/happy-dom/src/event/EventTarget.ts:222:42
 ❯ HTMLButtonElement.dispatchEvent node_modules/happy-dom/src/nodes/element/Element.ts:1170:29
 ❯ HTMLButtonElement.dispatchEvent node_modules/happy-dom/src/nodes/html-button-element/HTMLButtonElement.ts:305:29
 ❯ HTMLButtonElement.dispatchEvent node_modules/happy-dom/src/event/EventTarget.ts:131:9
 ❯ HTMLButtonElement.dispatchEvent node_modules/happy-dom/src/nodes/element/Element.ts:1170:29

This error originated in "tests/unit/pages/schools-id-coaches.spec.ts" test file. It doesn't mean the error was thrown inside the file itself, but while it was running.
The latest test that might've caused the error is "should delete coach when confirmed". It might mean one of the following:
- The error was thrown, while Vitest was running this test.
- If the error occurred after the test had been completed, this was the last documented test before it was thrown.

⎯⎯⎯⎯ Unhandled Rejection ⎯⎯⎯⎯⎯
TypeError: confirm is not a function
 ❯ Proxy.deleteCoach pages/schools/[id]/coaches.vue:278:7
    276|
    277| const deleteCoach = async (coachId: string) => {
    278|   if (confirm('Are you sure you want to delete this coach?')) {
       |       ^
    279|     try {
    280|       await deleteCoachAPI(coachId)
 ❯ onClick pages/schools/[id]/coaches.vue:133:21
 ❯ callWithErrorHandling node_modules/@vue/runtime-core/dist/runtime-core.cjs.js:200:19
 ❯ Object.callWithAsyncErrorHandling node_modules/@vue/runtime-core/dist/runtime-core.cjs.js:207:17
 ❯ HTMLButtonElement.invoker node_modules/@vue/runtime-dom/dist/runtime-dom.cjs.js:665:17
 ❯ HTMLButtonElement.dispatchEvent node_modules/happy-dom/src/event/EventTarget.ts:222:42
 ❯ HTMLButtonElement.dispatchEvent node_modules/happy-dom/src/nodes/element/Element.ts:1170:29
 ❯ HTMLButtonElement.dispatchEvent node_modules/happy-dom/src/nodes/html-button-element/HTMLButtonElement.ts:305:29
 ❯ HTMLButtonElement.dispatchEvent node_modules/happy-dom/src/event/EventTarget.ts:131:9
 ❯ HTMLButtonElement.dispatchEvent node_modules/happy-dom/src/nodes/element/Element.ts:1170:29

This error originated in "tests/unit/pages/schools-id-coaches.spec.ts" test file. It doesn't mean the error was thrown inside the file itself, but while it was running.
The latest test that might've caused the error is "should delete coach when confirmed". It might mean one of the following:
- The error was thrown, while Vitest was running this test.
- If the error occurred after the test had been completed, this was the last documented test before it was thrown.

⎯⎯⎯⎯ Unhandled Rejection ⎯⎯⎯⎯⎯
TypeError: confirm is not a function
 ❯ Proxy.deleteCoach pages/schools/[id]/coaches.vue:278:7
    276|
    277| const deleteCoach = async (coachId: string) => {
    278|   if (confirm('Are you sure you want to delete this coach?')) {
       |       ^
    279|     try {
    280|       await deleteCoachAPI(coachId)
 ❯ onClick pages/schools/[id]/coaches.vue:133:21
 ❯ callWithErrorHandling node_modules/@vue/runtime-core/dist/runtime-core.cjs.js:200:19
 ❯ Object.callWithAsyncErrorHandling node_modules/@vue/runtime-core/dist/runtime-core.cjs.js:207:17
 ❯ HTMLButtonElement.invoker node_modules/@vue/runtime-dom/dist/runtime-dom.cjs.js:665:17
 ❯ HTMLButtonElement.dispatchEvent node_modules/happy-dom/src/event/EventTarget.ts:222:42
 ❯ HTMLButtonElement.dispatchEvent node_modules/happy-dom/src/nodes/element/Element.ts:1170:29
 ❯ HTMLButtonElement.dispatchEvent node_modules/happy-dom/src/nodes/html-button-element/HTMLButtonElement.ts:305:29
 ❯ HTMLButtonElement.dispatchEvent node_modules/happy-dom/src/event/EventTarget.ts:131:9
 ❯ HTMLButtonElement.dispatchEvent node_modules/happy-dom/src/nodes/element/Element.ts:1170:29

This error originated in "tests/unit/pages/schools-id-coaches.spec.ts" test file. It doesn't mean the error was thrown inside the file itself, but while it was running.
The latest test that might've caused the error is "should not delete coach when cancelled". It might mean one of the following:
- The error was thrown, while Vitest was running this test.
- If the error occurred after the test had been completed, this was the last documented test before it was thrown.

⎯⎯⎯⎯ Unhandled Rejection ⎯⎯⎯⎯⎯
TypeError: confirm is not a function
 ❯ Proxy.deleteCoach pages/schools/[id]/coaches.vue:278:7
    276|
    277| const deleteCoach = async (coachId: string) => {
    278|   if (confirm('Are you sure you want to delete this coach?')) {
       |       ^
    279|     try {
    280|       await deleteCoachAPI(coachId)
 ❯ onClick pages/schools/[id]/coaches.vue:133:21
 ❯ callWithErrorHandling node_modules/@vue/runtime-core/dist/runtime-core.cjs.js:200:19
 ❯ Object.callWithAsyncErrorHandling node_modules/@vue/runtime-core/dist/runtime-core.cjs.js:207:17
 ❯ HTMLButtonElement.invoker node_modules/@vue/runtime-dom/dist/runtime-dom.cjs.js:665:17
 ❯ HTMLButtonElement.dispatchEvent node_modules/happy-dom/src/event/EventTarget.ts:222:42
 ❯ HTMLButtonElement.dispatchEvent node_modules/happy-dom/src/nodes/element/Element.ts:1170:29
 ❯ HTMLButtonElement.dispatchEvent node_modules/happy-dom/src/nodes/html-button-element/HTMLButtonElement.ts:305:29
 ❯ HTMLButtonElement.dispatchEvent node_modules/happy-dom/src/event/EventTarget.ts:131:9
 ❯ HTMLButtonElement.dispatchEvent node_modules/happy-dom/src/nodes/element/Element.ts:1170:29

This error originated in "tests/unit/pages/schools-id-coaches.spec.ts" test file. It doesn't mean the error was thrown inside the file itself, but while it was running.
The latest test that might've caused the error is "should handle delete error". It might mean one of the following:
- The error was thrown, while Vitest was running this test.
- If the error occurred after the test had been completed, this was the last documented test before it was thrown.
⎯⎯⎯⎯⎯⎯⎯⎯⎯⎯⎯⎯⎯⎯⎯⎯⎯⎯⎯⎯⎯⎯⎯⎯⎯⎯⎯⎯⎯⎯

 Test Files  9 failed | 15 passed (24)
      Tests  70 failed | 278 passed (348)
     Errors  4 errors
   Start at  14:49:39
   Duration  2.88s (transform 611ms, setup 1.64s, collect 1.49s, tests 1.81s, environment 3.05s, prepare 1.10s)

 FAIL  Tests failed. Watching for file changes...
       press h to show help, press q to quit
